Archive member included to satisfy reference by file (symbol)

c:/progra~1/raspbe~1/picosd~1.0/gcc-ar~1/bin/../lib/gcc/arm-none-eabi/10.3.1/thumb/v6-m/nofp\libgcc.a(_dvmd_tls.o)
                              CMakeFiles/source.dir/C_/Program_Files/Raspberry_Pi/Pico_SDK_v1.5.0/pico-sdk/src/rp2_common/pico_divider/divider.S.obj (__aeabi_idiv0)
c:/progra~1/raspbe~1/picosd~1.0/gcc-ar~1/bin/../lib/gcc/arm-none-eabi/10.3.1/../../../../arm-none-eabi/lib/thumb/v6-m/nofp\libg.a(lib_a-calloc.o)
                              CMakeFiles/source.dir/C_/Program_Files/Raspberry_Pi/Pico_SDK_v1.5.0/pico-sdk/src/rp2_common/pico_malloc/pico_malloc.c.obj (calloc)
c:/progra~1/raspbe~1/picosd~1.0/gcc-ar~1/bin/../lib/gcc/arm-none-eabi/10.3.1/../../../../arm-none-eabi/lib/thumb/v6-m/nofp\libg.a(lib_a-callocr.o)
                              c:/progra~1/raspbe~1/picosd~1.0/gcc-ar~1/bin/../lib/gcc/arm-none-eabi/10.3.1/../../../../arm-none-eabi/lib/thumb/v6-m/nofp\libg.a(lib_a-calloc.o) (_calloc_r)
c:/progra~1/raspbe~1/picosd~1.0/gcc-ar~1/bin/../lib/gcc/arm-none-eabi/10.3.1/../../../../arm-none-eabi/lib/thumb/v6-m/nofp\libg.a(lib_a-errno.o)
                              c:/progra~1/raspbe~1/picosd~1.0/gcc-ar~1/bin/../lib/gcc/arm-none-eabi/10.3.1/../../../../arm-none-eabi/lib/thumb/v6-m/nofp\libg.a(lib_a-callocr.o) (__errno)
c:/progra~1/raspbe~1/picosd~1.0/gcc-ar~1/bin/../lib/gcc/arm-none-eabi/10.3.1/../../../../arm-none-eabi/lib/thumb/v6-m/nofp\libg.a(lib_a-impure.o)
                              c:/progra~1/raspbe~1/picosd~1.0/gcc-ar~1/bin/../lib/gcc/arm-none-eabi/10.3.1/../../../../arm-none-eabi/lib/thumb/v6-m/nofp\libg.a(lib_a-calloc.o) (_impure_ptr)
c:/progra~1/raspbe~1/picosd~1.0/gcc-ar~1/bin/../lib/gcc/arm-none-eabi/10.3.1/../../../../arm-none-eabi/lib/thumb/v6-m/nofp\libg.a(lib_a-init.o)
                              c:/progra~1/raspbe~1/picosd~1.0/gcc-ar~1/bin/../lib/gcc/arm-none-eabi/10.3.1/../../../../arm-none-eabi/lib/thumb/v6-m/nofp/crt0.o (__libc_init_array)
c:/progra~1/raspbe~1/picosd~1.0/gcc-ar~1/bin/../lib/gcc/arm-none-eabi/10.3.1/../../../../arm-none-eabi/lib/thumb/v6-m/nofp\libg.a(lib_a-malloc.o)
                              CMakeFiles/source.dir/C_/Program_Files/Raspberry_Pi/Pico_SDK_v1.5.0/pico-sdk/src/rp2_common/pico_malloc/pico_malloc.c.obj (malloc)
c:/progra~1/raspbe~1/picosd~1.0/gcc-ar~1/bin/../lib/gcc/arm-none-eabi/10.3.1/../../../../arm-none-eabi/lib/thumb/v6-m/nofp\libg.a(lib_a-mallocr.o)
                              c:/progra~1/raspbe~1/picosd~1.0/gcc-ar~1/bin/../lib/gcc/arm-none-eabi/10.3.1/../../../../arm-none-eabi/lib/thumb/v6-m/nofp\libg.a(lib_a-callocr.o) (_malloc_r)
c:/progra~1/raspbe~1/picosd~1.0/gcc-ar~1/bin/../lib/gcc/arm-none-eabi/10.3.1/../../../../arm-none-eabi/lib/thumb/v6-m/nofp\libg.a(lib_a-mlock.o)
                              c:/progra~1/raspbe~1/picosd~1.0/gcc-ar~1/bin/../lib/gcc/arm-none-eabi/10.3.1/../../../../arm-none-eabi/lib/thumb/v6-m/nofp\libg.a(lib_a-mallocr.o) (__malloc_lock)
c:/progra~1/raspbe~1/picosd~1.0/gcc-ar~1/bin/../lib/gcc/arm-none-eabi/10.3.1/../../../../arm-none-eabi/lib/thumb/v6-m/nofp\libg.a(lib_a-realloc.o)
                              CMakeFiles/source.dir/C_/Program_Files/Raspberry_Pi/Pico_SDK_v1.5.0/pico-sdk/src/rp2_common/pico_malloc/pico_malloc.c.obj (realloc)
c:/progra~1/raspbe~1/picosd~1.0/gcc-ar~1/bin/../lib/gcc/arm-none-eabi/10.3.1/../../../../arm-none-eabi/lib/thumb/v6-m/nofp\libg.a(lib_a-reallocr.o)
                              c:/progra~1/raspbe~1/picosd~1.0/gcc-ar~1/bin/../lib/gcc/arm-none-eabi/10.3.1/../../../../arm-none-eabi/lib/thumb/v6-m/nofp\libg.a(lib_a-realloc.o) (_realloc_r)
c:/progra~1/raspbe~1/picosd~1.0/gcc-ar~1/bin/../lib/gcc/arm-none-eabi/10.3.1/../../../../arm-none-eabi/lib/thumb/v6-m/nofp\libg.a(lib_a-sbrkr.o)
                              c:/progra~1/raspbe~1/picosd~1.0/gcc-ar~1/bin/../lib/gcc/arm-none-eabi/10.3.1/../../../../arm-none-eabi/lib/thumb/v6-m/nofp\libg.a(lib_a-mallocr.o) (_sbrk_r)
c:/progra~1/raspbe~1/picosd~1.0/gcc-ar~1/bin/../lib/gcc/arm-none-eabi/10.3.1/../../../../arm-none-eabi/lib/thumb/v6-m/nofp\libg.a(lib_a-strlen-stub.o)
                              CMakeFiles/source.dir/C_/Program_Files/Raspberry_Pi/Pico_SDK_v1.5.0/pico-sdk/src/rp2_common/pico_stdio/stdio.c.obj (strlen)
c:/progra~1/raspbe~1/picosd~1.0/gcc-ar~1/bin/../lib/gcc/arm-none-eabi/10.3.1/../../../../arm-none-eabi/lib/thumb/v6-m/nofp\libg.a(lib_a-freer.o)
                              c:/progra~1/raspbe~1/picosd~1.0/gcc-ar~1/bin/../lib/gcc/arm-none-eabi/10.3.1/../../../../arm-none-eabi/lib/thumb/v6-m/nofp\libg.a(lib_a-malloc.o) (_free_r)
c:/progra~1/raspbe~1/picosd~1.0/gcc-ar~1/bin/../lib/gcc/arm-none-eabi/10.3.1/../../../../arm-none-eabi/lib/thumb/v6-m/nofp\libg.a(lib_a-lock.o)
                              c:/progra~1/raspbe~1/picosd~1.0/gcc-ar~1/bin/../lib/gcc/arm-none-eabi/10.3.1/../../../../arm-none-eabi/lib/thumb/v6-m/nofp\libg.a(lib_a-mlock.o) (__retarget_lock_acquire_recursive)
[...]
Memory Configuration

Name             Origin             Length             Attributes
FLASH            0x10000000         0x00200000         xr
RAM              0x20000000         0x00040000         xrw
SCRATCH_X        0x20040000         0x00001000         xrw
SCRATCH_Y        0x20041000         0x00001000         xrw
*default*        0x00000000         0xffffffff

Linker script and memory map

LOAD c:/progra~1/raspbe~1/picosd~1.0/gcc-ar~1/bin/../lib/gcc/arm-none-eabi/10.3.1/thumb/v6-m/nofp/crti.o
LOAD c:/progra~1/raspbe~1/picosd~1.0/gcc-ar~1/bin/../lib/gcc/arm-none-eabi/10.3.1/thumb/v6-m/nofp/crtbegin.o
LOAD c:/progra~1/raspbe~1/picosd~1.0/gcc-ar~1/bin/../lib/gcc/arm-none-eabi/10.3.1/../../../../arm-none-eabi/lib/thumb/v6-m/nofp/crt0.o

.flash_begin    0x10000000        0x0
                0x10000000                __flash_binary_start = .

.boot2          0x10000000      0x100
                0x10000000                __boot2_start__ = .
 *(.boot2)
 .boot2         0x10000000      0x100 C:\Users\JORGE\AppData\Local\Temp\cc6BOYoC.o
                0x10000100                __boot2_end__ = .
                0x00000001                ASSERT (((__boot2_end__ - __boot2_start__) == 0x100), ERROR: Pico second stage bootloader must be 256 bytes in size)

.text           0x10000100     0x9828
                0x10000100                __logical_binary_start = .
 *(.vectors)
 .vectors       0x10000100       0xd4 CMakeFiles/source.dir/C_/Program_Files/Raspberry_Pi/Pico_SDK_v1.5.0/pico-sdk/src/rp2_common/pico_standard_link/crt0.S.obj
                0x10000100                __VECTOR_TABLE
                0x10000100                __vectors
                0x100001c0                isr_invalid
                0x100001c0                __default_isrs_start
                0x100001c2                isr_nmi
                0x100001c4                isr_hardfault
                0x100001c6                isr_svcall
                0x100001c8                isr_pendsv
                0x100001ca                isr_systick
                0x100001cc                isr_irq23
                0x100001cc                isr_irq18
                0x100001cc                isr_irq11
                0x100001cc                isr_irq28
                0x100001cc                isr_irq19
                0x100001cc                isr_irq0
                0x100001cc                isr_irq6
                0x100001cc                isr_irq5
                0x100001cc                isr_irq12
                0x100001cc                isr_irq22
                0x100001cc                isr_irq31
                0x100001cc                isr_irq17
                0x100001cc                isr_irq27
                0x100001cc                isr_irq30
                0x100001cc                isr_irq2
                0x100001cc                isr_irq10
                0x100001cc                isr_irq8
                0x100001cc                isr_irq24
                0x100001cc                isr_irq1
                0x100001cc                isr_irq7
                0x100001cc                isr_irq21
                0x100001cc                isr_irq20
                0x100001cc                isr_irq15
                0x100001cc                isr_irq25
                0x100001cc                isr_irq13
                0x100001cc                __unhandled_user_irq
                0x100001cc                isr_irq4
                0x100001cc                isr_irq16
                0x100001cc                isr_irq29
                0x100001cc                isr_irq26
                0x100001cc                __default_isrs_end
                0x100001cc                isr_irq3
                0x100001cc                isr_irq14
                0x100001cc                isr_irq9
                0x100001d2                unhandled_user_irq_num_in_r0
 *(.binary_info_header)
 .binary_info_header
                0x100001d4       0x14 CMakeFiles/source.dir/C_/Program_Files/Raspberry_Pi/Pico_SDK_v1.5.0/pico-sdk/src/rp2_common/pico_standard_link/crt0.S.obj
                0x100001e8                __binary_info_header_end = .
 *(.reset)
 .reset         0x100001e8       0xa0 CMakeFiles/source.dir/C_/Program_Files/Raspberry_Pi/Pico_SDK_v1.5.0/pico-sdk/src/rp2_common/pico_standard_link/crt0.S.obj
                0x100001e8                _entry_point
 .reset         0x10000288       0x30 CMakeFiles/source.dir/C_/Program_Files/Raspberry_Pi/Pico_SDK_v1.5.0/pico-sdk/src/rp2_common/pico_standard_link/binary_info.c.obj
 *(.init)
 .init          0x100002b8        0x4 c:/progra~1/raspbe~1/picosd~1.0/gcc-ar~1/bin/../lib/gcc/arm-none-eabi/10.3.1/thumb/v6-m/nofp/crti.o
                0x100002b8                _init
 *(EXCLUDE_FILE(*libm.a: *libc.a:*lib_a-mem*.o *libgcc.a:) .text*)
 .text          0x100002bc       0x48 c:/progra~1/raspbe~1/picosd~1.0/gcc-ar~1/bin/../lib/gcc/arm-none-eabi/10.3.1/thumb/v6-m/nofp/crtbegin.o
 .text.vRFTransmit
                0x10000304       0x28 CMakeFiles/source.dir/source.c.obj
                0x10000304                vRFTransmit
 .text.Horn     0x1000032c       0x30 CMakeFiles/source.dir/source.c.obj
                0x1000032c                Horn
 .text.Front_Lights
                0x1000035c       0x60 CMakeFiles/source.dir/source.c.obj
                0x1000035c                Front_Lights
 .text.Forward_1
                0x100003bc       0x40 CMakeFiles/source.dir/source.c.obj
                0x100003bc                Forward_1
 .text.Forward_2
                0x100003fc       0x40 CMakeFiles/source.dir/source.c.obj
                0x100003fc                Forward_2
 .text.map      0x1000043c       0x16 CMakeFiles/source.dir/source.c.obj
                0x1000043c                map
 .text.remove_noise
                0x10000452        0xe CMakeFiles/source.dir/source.c.obj
                0x10000452                remove_noise
 .text.Joystick
                0x10000460       0xf4 CMakeFiles/source.dir/source.c.obj
                0x10000460                Joystick
 .text.Brake    0x10000554        0xe CMakeFiles/source.dir/source.c.obj
                0x10000554                Brake
 *fill*         0x10000562        0x2 
 .text.Turn_Lights
                0x10000564      0x158 CMakeFiles/source.dir/source.c.obj
                0x10000564                Turn_Lights
 .text.main     0x100006bc      0x1b4 CMakeFiles/source.dir/source.c.obj
                0x100006bc                main
 .text.nrf24l01_csn_low
                0x10000870        0xa CMakeFiles/source.dir/nrf24l01.c.obj
 .text.nrf24l01_csn_high
                0x1000087a        0xa CMakeFiles/source.dir/nrf24l01.c.obj
 .text.nrf24l01_ce_low
                0x10000884        0xa CMakeFiles/source.dir/nrf24l01.c.obj
 .text.nrf24l01_ce_high
                0x1000088e        0xa CMakeFiles/source.dir/nrf24l01.c.obj
 .text.nrf24l01_write_cmd
                0x10000898       0x24 CMakeFiles/source.dir/nrf24l01.c.obj
 .text.nrf24l01_flush_rx
                0x100008bc        0xa CMakeFiles/source.dir/nrf24l01.c.obj
 .text.nrf24l01_flush_tx
                0x100008c6        0xa CMakeFiles/source.dir/nrf24l01.c.obj
 .text.nrf24l01_write_reg
                0x100008d0       0x40 CMakeFiles/source.dir/nrf24l01.c.obj
 .text.nrf24l01_reset
                0x10000910       0x3c CMakeFiles/source.dir/nrf24l01.c.obj
 .text.nrf24l01_set_channel
                0x1000094c        0xc CMakeFiles/source.dir/nrf24l01.c.obj
 .text.nrf24l01_write_data
                0x10000958       0x40 CMakeFiles/source.dir/nrf24l01.c.obj
 .text.nrf24l01_read_reg
                0x10000998       0x48 CMakeFiles/source.dir/nrf24l01.c.obj
 .text.nrf24l01_init
                0x100009e0       0xb4 CMakeFiles/source.dir/nrf24l01.c.obj
                0x100009e0                nrf24l01_init
 .text.nrf24l01_set_mode_tx
                0x10000a94       0x22 CMakeFiles/source.dir/nrf24l01.c.obj
                0x10000a94                nrf24l01_set_mode_tx
 *fill*         0x10000ab6        0x2 
 .text.nrf24l01_send_msg
                0x10000ab8       0x6c CMakeFiles/source.dir/nrf24l01.c.obj
                0x10000ab8                nrf24l01_send_msg
 .text.gpio_set_function
                0x10000b24       0x30 CMakeFiles/source.dir/C_/Program_Files/Raspberry_Pi/Pico_SDK_v1.5.0/pico-sdk/src/rp2_common/hardware_gpio/gpio.c.obj
                0x10000b24                gpio_set_function
 .text.gpio_set_pulls
                0x10000b54       0x34 CMakeFiles/source.dir/C_/Program_Files/Raspberry_Pi/Pico_SDK_v1.5.0/pico-sdk/src/rp2_common/hardware_gpio/gpio.c.obj
                0x10000b54                gpio_set_pulls
 .text.gpio_init
                0x10000b88       0x16 CMakeFiles/source.dir/C_/Program_Files/Raspberry_Pi/Pico_SDK_v1.5.0/pico-sdk/src/rp2_common/hardware_gpio/gpio.c.obj
                0x10000b88                gpio_init
 *fill*         0x10000b9e        0x2 
 .text.running_on_fpga
                0x10000ba0       0x14 CMakeFiles/source.dir/C_/Program_Files/Raspberry_Pi/Pico_SDK_v1.5.0/pico-sdk/src/rp2_common/pico_platform/platform.c.obj
                0x10000ba0                running_on_fpga
 .text.hw_claim_lock
                0x10000bb4       0x18 CMakeFiles/source.dir/C_/Program_Files/Raspberry_Pi/Pico_SDK_v1.5.0/pico-sdk/src/rp2_common/hardware_claim/claim.c.obj
                0x10000bb4                hw_claim_lock
 .text.hw_claim_unlock
                0x10000bcc       0x14 CMakeFiles/source.dir/C_/Program_Files/Raspberry_Pi/Pico_SDK_v1.5.0/pico-sdk/src/rp2_common/hardware_claim/claim.c.obj
                0x10000bcc                hw_claim_unlock
 .text.hw_claim_or_assert
                0x10000be0       0x32 CMakeFiles/source.dir/C_/Program_Files/Raspberry_Pi/Pico_SDK_v1.5.0/pico-sdk/src/rp2_common/hardware_claim/claim.c.obj
                0x10000be0                hw_claim_or_assert
 .text.hw_claim_unused_from_range
                0x10000c12       0x50 CMakeFiles/source.dir/C_/Program_Files/Raspberry_Pi/Pico_SDK_v1.5.0/pico-sdk/src/rp2_common/hardware_claim/claim.c.obj
                0x10000c12                hw_claim_unused_from_range
 *fill*         0x10000c62        0x2 
 .text.spin_locks_reset
                0x10000c64       0x20 CMakeFiles/source.dir/C_/Program_Files/Raspberry_Pi/Pico_SDK_v1.5.0/pico-sdk/src/rp2_common/hardware_sync/sync.c.obj
                0x10000c64                spin_locks_reset
 .text.next_striped_spin_lock_num
                0x10000c84       0x1c CMakeFiles/source.dir/C_/Program_Files/Raspberry_Pi/Pico_SDK_v1.5.0/pico-sdk/src/rp2_common/hardware_sync/sync.c.obj
                0x10000c84                next_striped_spin_lock_num
 .text.spin_lock_claim_unused
                0x10000ca0       0x20 CMakeFiles/source.dir/C_/Program_Files/Raspberry_Pi/Pico_SDK_v1.5.0/pico-sdk/src/rp2_common/hardware_sync/sync.c.obj
                0x10000ca0                spin_lock_claim_unused
 .text.set_raw_irq_handler_and_unlock
                0x10000cc0       0x28 CMakeFiles/source.dir/C_/Program_Files/Raspberry_Pi/Pico_SDK_v1.5.0/pico-sdk/src/rp2_common/hardware_irq/irq.c.obj
 .text.make_branch
                0x10000ce8       0x48 CMakeFiles/source.dir/C_/Program_Files/Raspberry_Pi/Pico_SDK_v1.5.0/pico-sdk/src/rp2_common/hardware_irq/irq.c.obj
 .text.insert_branch_and_link
                0x10000d30       0x40 CMakeFiles/source.dir/C_/Program_Files/Raspberry_Pi/Pico_SDK_v1.5.0/pico-sdk/src/rp2_common/hardware_irq/irq.c.obj
 .text.irq_is_enabled
                0x10000d70       0x18 CMakeFiles/source.dir/C_/Program_Files/Raspberry_Pi/Pico_SDK_v1.5.0/pico-sdk/src/rp2_common/hardware_irq/irq.c.obj
                0x10000d70                irq_is_enabled
 .text.irq_set_mask_enabled
                0x10000d88       0x20 CMakeFiles/source.dir/C_/Program_Files/Raspberry_Pi/Pico_SDK_v1.5.0/pico-sdk/src/rp2_common/hardware_irq/irq.c.obj
                0x10000d88                irq_set_mask_enabled
 .text.irq_set_enabled
                0x10000da8        0xe CMakeFiles/source.dir/C_/Program_Files/Raspberry_Pi/Pico_SDK_v1.5.0/pico-sdk/src/rp2_common/hardware_irq/irq.c.obj
                0x10000da8                irq_set_enabled
 *fill*         0x10000db6        0x2 
 .text.irq_set_pending
                0x10000db8       0x10 CMakeFiles/source.dir/C_/Program_Files/Raspberry_Pi/Pico_SDK_v1.5.0/pico-sdk/src/rp2_common/hardware_irq/irq.c.obj
                0x10000db8                irq_set_pending
 .text.irq_get_vtable_handler
                0x10000dc8       0x10 CMakeFiles/source.dir/C_/Program_Files/Raspberry_Pi/Pico_SDK_v1.5.0/pico-sdk/src/rp2_common/hardware_irq/irq.c.obj
                0x10000dc8                irq_get_vtable_handler
 .text.irq_has_shared_handler
                0x10000dd8       0x24 CMakeFiles/source.dir/C_/Program_Files/Raspberry_Pi/Pico_SDK_v1.5.0/pico-sdk/src/rp2_common/hardware_irq/irq.c.obj
                0x10000dd8                irq_has_shared_handler
 .text.irq_set_exclusive_handler
                0x10000dfc       0x54 CMakeFiles/source.dir/C_/Program_Files/Raspberry_Pi/Pico_SDK_v1.5.0/pico-sdk/src/rp2_common/hardware_irq/irq.c.obj
                0x10000dfc                irq_set_exclusive_handler
 .text.irq_add_shared_handler
                0x10000e50      0x234 CMakeFiles/source.dir/C_/Program_Files/Raspberry_Pi/Pico_SDK_v1.5.0/pico-sdk/src/rp2_common/hardware_irq/irq.c.obj
                0x10000e50                irq_add_shared_handler
 .text.irq_remove_handler
                0x10001084      0x1ac CMakeFiles/source.dir/C_/Program_Files/Raspberry_Pi/Pico_SDK_v1.5.0/pico-sdk/src/rp2_common/hardware_irq/irq.c.obj
                0x10001084                irq_remove_handler
 .text.irq_add_tail_to_free_list
                0x10001230       0xf0 CMakeFiles/source.dir/C_/Program_Files/Raspberry_Pi/Pico_SDK_v1.5.0/pico-sdk/src/rp2_common/hardware_irq/irq.c.obj
                0x10001230                irq_add_tail_to_free_list
 .text.irq_init_priorities
                0x10001320       0x1c CMakeFiles/source.dir/C_/Program_Files/Raspberry_Pi/Pico_SDK_v1.5.0/pico-sdk/src/rp2_common/hardware_irq/irq.c.obj
                0x10001320                irq_init_priorities
 .text.user_irq_claim_unused
                0x1000133c       0x28 CMakeFiles/source.dir/C_/Program_Files/Raspberry_Pi/Pico_SDK_v1.5.0/pico-sdk/src/rp2_common/hardware_irq/irq.c.obj
                0x1000133c                user_irq_claim_unused
 .text.lock_init
                0x10001364       0x10 CMakeFiles/source.dir/C_/Program_Files/Raspberry_Pi/Pico_SDK_v1.5.0/pico-sdk/src/common/pico_sync/lock_core.c.obj
                0x10001364                lock_init
 .text.mutex_init
                0x10001374       0x1c CMakeFiles/source.dir/C_/Program_Files/Raspberry_Pi/Pico_SDK_v1.5.0/pico-sdk/src/common/pico_sync/mutex.c.obj
                0x10001374                mutex_init
 .text.recursive_mutex_init
                0x10001390       0x20 CMakeFiles/source.dir/C_/Program_Files/Raspberry_Pi/Pico_SDK_v1.5.0/pico-sdk/src/common/pico_sync/mutex.c.obj
                0x10001390                recursive_mutex_init
 .text.critical_section_init_with_lock_num
                0x100013b0       0x14 CMakeFiles/source.dir/C_/Program_Files/Raspberry_Pi/Pico_SDK_v1.5.0/pico-sdk/src/common/pico_sync/critical_section.c.obj
                0x100013b0                critical_section_init_with_lock_num
 .text.critical_section_init
                0x100013c4       0x14 CMakeFiles/source.dir/C_/Program_Files/Raspberry_Pi/Pico_SDK_v1.5.0/pico-sdk/src/common/pico_sync/critical_section.c.obj
                0x100013c4                critical_section_init
 .text.alarm_pool_post_alloc_init
                0x100013d8       0x40 CMakeFiles/source.dir/C_/Program_Files/Raspberry_Pi/Pico_SDK_v1.5.0/pico-sdk/src/common/pico_time/time.c.obj
 .text.sleep_until_callback
                0x10001418       0x28 CMakeFiles/source.dir/C_/Program_Files/Raspberry_Pi/Pico_SDK_v1.5.0/pico-sdk/src/common/pico_time/time.c.obj
 .text.timer_pool_entry_comparator
                0x10001440       0x7c CMakeFiles/source.dir/C_/Program_Files/Raspberry_Pi/Pico_SDK_v1.5.0/pico-sdk/src/common/pico_time/time.c.obj
                0x10001440                timer_pool_entry_comparator
 .text.ph_add_child_node
                0x100014bc       0xa4 CMakeFiles/source.dir/C_/Program_Files/Raspberry_Pi/Pico_SDK_v1.5.0/pico-sdk/src/common/pico_time/time.c.obj
 .text.ph_merge_nodes
                0x10001560       0x3e CMakeFiles/source.dir/C_/Program_Files/Raspberry_Pi/Pico_SDK_v1.5.0/pico-sdk/src/common/pico_time/time.c.obj
 *fill*         0x1000159e        0x2 
 .text.add_alarm_under_lock
                0x100015a0      0x174 CMakeFiles/source.dir/C_/Program_Files/Raspberry_Pi/Pico_SDK_v1.5.0/pico-sdk/src/common/pico_time/time.c.obj
 .text.alarm_pool_alarm_callback
                0x10001714      0x33c CMakeFiles/source.dir/C_/Program_Files/Raspberry_Pi/Pico_SDK_v1.5.0/pico-sdk/src/common/pico_time/time.c.obj
 .text.alarm_pool_init_default
                0x10001a50       0x40 CMakeFiles/source.dir/C_/Program_Files/Raspberry_Pi/Pico_SDK_v1.5.0/pico-sdk/src/common/pico_time/time.c.obj
                0x10001a50                alarm_pool_init_default
 .text.alarm_pool_get_default
                0x10001a90       0x2c CMakeFiles/source.dir/C_/Program_Files/Raspberry_Pi/Pico_SDK_v1.5.0/pico-sdk/src/common/pico_time/time.c.obj
                0x10001a90                alarm_pool_get_default
 .text.alarm_pool_add_alarm_at
                0x10001abc      0x168 CMakeFiles/source.dir/C_/Program_Files/Raspberry_Pi/Pico_SDK_v1.5.0/pico-sdk/src/common/pico_time/time.c.obj
                0x10001abc                alarm_pool_add_alarm_at
 .text.alarm_pool_cancel_alarm
                0x10001c24       0xf0 CMakeFiles/source.dir/C_/Program_Files/Raspberry_Pi/Pico_SDK_v1.5.0/pico-sdk/src/common/pico_time/time.c.obj
                0x10001c24                alarm_pool_cancel_alarm
 .text.alarm_pool_core_num
                0x10001d14        0x4 CMakeFiles/source.dir/C_/Program_Files/Raspberry_Pi/Pico_SDK_v1.5.0/pico-sdk/src/common/pico_time/time.c.obj
                0x10001d14                alarm_pool_core_num
 .text.sleep_until
                0x10001d18       0xf0 CMakeFiles/source.dir/C_/Program_Files/Raspberry_Pi/Pico_SDK_v1.5.0/pico-sdk/src/common/pico_time/time.c.obj
                0x10001d18                sleep_until
 .text.sleep_us
                0x10001e08       0x58 CMakeFiles/source.dir/C_/Program_Files/Raspberry_Pi/Pico_SDK_v1.5.0/pico-sdk/src/common/pico_time/time.c.obj
                0x10001e08                sleep_us
 .text.sleep_ms
                0x10001e60       0x14 CMakeFiles/source.dir/C_/Program_Files/Raspberry_Pi/Pico_SDK_v1.5.0/pico-sdk/src/common/pico_time/time.c.obj
                0x10001e60                sleep_ms
 .text.best_effort_wfe_or_timeout
                0x10001e74       0xac CMakeFiles/source.dir/C_/Program_Files/Raspberry_Pi/Pico_SDK_v1.5.0/pico-sdk/src/common/pico_time/time.c.obj
                0x10001e74                best_effort_wfe_or_timeout
 .text.hardware_alarm_irq_handler
                0x10001f20       0x90 CMakeFiles/source.dir/C_/Program_Files/Raspberry_Pi/Pico_SDK_v1.5.0/pico-sdk/src/rp2_common/hardware_timer/timer.c.obj
 .text.hardware_alarm_claim
                0x10001fb0       0x18 CMakeFiles/source.dir/C_/Program_Files/Raspberry_Pi/Pico_SDK_v1.5.0/pico-sdk/src/rp2_common/hardware_timer/timer.c.obj
                0x10001fb0                hardware_alarm_claim
 .text.time_us_64
                0x10001fc8       0x18 CMakeFiles/source.dir/C_/Program_Files/Raspberry_Pi/Pico_SDK_v1.5.0/pico-sdk/src/rp2_common/hardware_timer/timer.c.obj
                0x10001fc8                time_us_64
 .text.busy_wait_until
                0x10001fe0       0x28 CMakeFiles/source.dir/C_/Program_Files/Raspberry_Pi/Pico_SDK_v1.5.0/pico-sdk/src/rp2_common/hardware_timer/timer.c.obj
                0x10001fe0                busy_wait_until
 .text.hardware_alarm_set_callback
                0x10002008       0x90 CMakeFiles/source.dir/C_/Program_Files/Raspberry_Pi/Pico_SDK_v1.5.0/pico-sdk/src/rp2_common/hardware_timer/timer.c.obj
                0x10002008                hardware_alarm_set_callback
 .text.hardware_alarm_set_target
                0x10002098       0xe8 CMakeFiles/source.dir/C_/Program_Files/Raspberry_Pi/Pico_SDK_v1.5.0/pico-sdk/src/rp2_common/hardware_timer/timer.c.obj
                0x10002098                hardware_alarm_set_target
 .text.hardware_alarm_cancel
                0x10002180       0x40 CMakeFiles/source.dir/C_/Program_Files/Raspberry_Pi/Pico_SDK_v1.5.0/pico-sdk/src/rp2_common/hardware_timer/timer.c.obj
                0x10002180                hardware_alarm_cancel
 .text.ph_add_child_node
                0x100021c0       0xa4 CMakeFiles/source.dir/C_/Program_Files/Raspberry_Pi/Pico_SDK_v1.5.0/pico-sdk/src/common/pico_util/pheap.c.obj
 .text.ph_merge_nodes
                0x10002264       0x3e CMakeFiles/source.dir/C_/Program_Files/Raspberry_Pi/Pico_SDK_v1.5.0/pico-sdk/src/common/pico_util/pheap.c.obj
 *fill*         0x100022a2        0x2 
 .text.ph_clear
                0x100022a4       0x70 CMakeFiles/source.dir/C_/Program_Files/Raspberry_Pi/Pico_SDK_v1.5.0/pico-sdk/src/common/pico_util/pheap.c.obj
                0x100022a4                ph_clear
 .text.ph_post_alloc_init
                0x10002314        0xe CMakeFiles/source.dir/C_/Program_Files/Raspberry_Pi/Pico_SDK_v1.5.0/pico-sdk/src/common/pico_util/pheap.c.obj
                0x10002314                ph_post_alloc_init
 *fill*         0x10002322        0x2 
 .text.ph_merge_two_pass
                0x10002324       0xa8 CMakeFiles/source.dir/C_/Program_Files/Raspberry_Pi/Pico_SDK_v1.5.0/pico-sdk/src/common/pico_util/pheap.c.obj
                0x10002324                ph_merge_two_pass
 .text.ph_remove_any_head
                0x100023cc      0x128 CMakeFiles/source.dir/C_/Program_Files/Raspberry_Pi/Pico_SDK_v1.5.0/pico-sdk/src/common/pico_util/pheap.c.obj
 .text.ph_remove_head
                0x100024f4       0x14 CMakeFiles/source.dir/C_/Program_Files/Raspberry_Pi/Pico_SDK_v1.5.0/pico-sdk/src/common/pico_util/pheap.c.obj
                0x100024f4                ph_remove_head
 .text.ph_remove_and_free_node
                0x10002508       0xf8 CMakeFiles/source.dir/C_/Program_Files/Raspberry_Pi/Pico_SDK_v1.5.0/pico-sdk/src/common/pico_util/pheap.c.obj
                0x10002508                ph_remove_and_free_node
 .text.clock_configure
                0x10002600      0x104 CMakeFiles/source.dir/C_/Program_Files/Raspberry_Pi/Pico_SDK_v1.5.0/pico-sdk/src/rp2_common/hardware_clocks/clocks.c.obj
                0x10002600                clock_configure
 .text.clocks_init
                0x10002704      0x100 CMakeFiles/source.dir/C_/Program_Files/Raspberry_Pi/Pico_SDK_v1.5.0/pico-sdk/src/rp2_common/hardware_clocks/clocks.c.obj
                0x10002704                clocks_init
 .text.clock_get_hz
                0x10002804        0xc CMakeFiles/source.dir/C_/Program_Files/Raspberry_Pi/Pico_SDK_v1.5.0/pico-sdk/src/rp2_common/hardware_clocks/clocks.c.obj
                0x10002804                clock_get_hz
 .text.pll_init
                0x10002810      0x12c CMakeFiles/source.dir/C_/Program_Files/Raspberry_Pi/Pico_SDK_v1.5.0/pico-sdk/src/rp2_common/hardware_pll/pll.c.obj
                0x10002810                pll_init
 .text.watchdog_start_tick
                0x1000293c       0x10 CMakeFiles/source.dir/C_/Program_Files/Raspberry_Pi/Pico_SDK_v1.5.0/pico-sdk/src/rp2_common/hardware_watchdog/watchdog.c.obj
                0x1000293c                watchdog_start_tick
 .text.watchdog_update
                0x1000294c       0x14 CMakeFiles/source.dir/C_/Program_Files/Raspberry_Pi/Pico_SDK_v1.5.0/pico-sdk/src/rp2_common/hardware_watchdog/watchdog.c.obj
                0x1000294c                watchdog_update
 .text._watchdog_enable
                0x10002960       0x78 CMakeFiles/source.dir/C_/Program_Files/Raspberry_Pi/Pico_SDK_v1.5.0/pico-sdk/src/rp2_common/hardware_watchdog/watchdog.c.obj
                0x10002960                _watchdog_enable
 .text.watchdog_reboot
                0x100029d8       0x48 CMakeFiles/source.dir/C_/Program_Files/Raspberry_Pi/Pico_SDK_v1.5.0/pico-sdk/src/rp2_common/hardware_watchdog/watchdog.c.obj
                0x100029d8                watchdog_reboot
 .text.xosc_init
                0x10002a20       0x28 CMakeFiles/source.dir/C_/Program_Files/Raspberry_Pi/Pico_SDK_v1.5.0/pico-sdk/src/rp2_common/hardware_xosc/xosc.c.obj
                0x10002a20                xosc_init
 .text._exit    0x10002a48        0x4 CMakeFiles/source.dir/C_/Program_Files/Raspberry_Pi/Pico_SDK_v1.5.0/pico-sdk/src/rp2_common/pico_runtime/runtime.c.obj
                0x10002a48                _exit
 .text.exit     0x10002a4c        0x6 CMakeFiles/source.dir/C_/Program_Files/Raspberry_Pi/Pico_SDK_v1.5.0/pico-sdk/src/rp2_common/pico_runtime/runtime.c.obj
                0x10002a4c                exit
 *fill*         0x10002a52        0x2 
 .text.__assert_func
                0x10002a54       0x3c CMakeFiles/source.dir/C_/Program_Files/Raspberry_Pi/Pico_SDK_v1.5.0/pico-sdk/src/rp2_common/pico_runtime/runtime.c.obj
                0x10002a54                __assert_func
 .text.runtime_init
                0x10002a90       0xf8 CMakeFiles/source.dir/C_/Program_Files/Raspberry_Pi/Pico_SDK_v1.5.0/pico-sdk/src/rp2_common/pico_runtime/runtime.c.obj
                0x10002a90                runtime_init
 .text.panic    0x10002b88       0x30 CMakeFiles/source.dir/C_/Program_Files/Raspberry_Pi/Pico_SDK_v1.5.0/pico-sdk/src/rp2_common/pico_runtime/runtime.c.obj
                0x10002b88                panic
 .text.panic_unsupported
                0x10002bb8        0xc CMakeFiles/source.dir/C_/Program_Files/Raspberry_Pi/Pico_SDK_v1.5.0/pico-sdk/src/rp2_common/pico_runtime/runtime.c.obj
                0x10002bb8                panic_unsupported
 .text._out_buffer
                0x10002bc4        0x8 CMakeFiles/source.dir/C_/Program_Files/Raspberry_Pi/Pico_SDK_v1.5.0/pico-sdk/src/rp2_common/pico_printf/printf.c.obj
 .text._out_null
                0x10002bcc        0x2 CMakeFiles/source.dir/C_/Program_Files/Raspberry_Pi/Pico_SDK_v1.5.0/pico-sdk/src/rp2_common/pico_printf/printf.c.obj
 .text._out_fct
                0x10002bce        0xe CMakeFiles/source.dir/C_/Program_Files/Raspberry_Pi/Pico_SDK_v1.5.0/pico-sdk/src/rp2_common/pico_printf/printf.c.obj
 .text._atoi    0x10002bdc       0x24 CMakeFiles/source.dir/C_/Program_Files/Raspberry_Pi/Pico_SDK_v1.5.0/pico-sdk/src/rp2_common/pico_printf/printf.c.obj
 .text._out_rev
                0x10002c00       0xae CMakeFiles/source.dir/C_/Program_Files/Raspberry_Pi/Pico_SDK_v1.5.0/pico-sdk/src/rp2_common/pico_printf/printf.c.obj
 .text._ntoa_format
                0x10002cae      0x112 CMakeFiles/source.dir/C_/Program_Files/Raspberry_Pi/Pico_SDK_v1.5.0/pico-sdk/src/rp2_common/pico_printf/printf.c.obj
 .text._ntoa_long
                0x10002dc0       0xbc CMakeFiles/source.dir/C_/Program_Files/Raspberry_Pi/Pico_SDK_v1.5.0/pico-sdk/src/rp2_common/pico_printf/printf.c.obj
 .text._ntoa_long_long
                0x10002e7c       0xe2 CMakeFiles/source.dir/C_/Program_Files/Raspberry_Pi/Pico_SDK_v1.5.0/pico-sdk/src/rp2_common/pico_printf/printf.c.obj
 *fill*         0x10002f5e        0x2 
 .text._etoa    0x10002f60      0x414 CMakeFiles/source.dir/C_/Program_Files/Raspberry_Pi/Pico_SDK_v1.5.0/pico-sdk/src/rp2_common/pico_printf/printf.c.obj
 .text._ftoa    0x10003374      0x354 CMakeFiles/source.dir/C_/Program_Files/Raspberry_Pi/Pico_SDK_v1.5.0/pico-sdk/src/rp2_common/pico_printf/printf.c.obj
 .text._vsnprintf
                0x100036c8      0x624 CMakeFiles/source.dir/C_/Program_Files/Raspberry_Pi/Pico_SDK_v1.5.0/pico-sdk/src/rp2_common/pico_printf/printf.c.obj
 .text.__wrap_sprintf
                0x10003cec       0x28 CMakeFiles/source.dir/C_/Program_Files/Raspberry_Pi/Pico_SDK_v1.5.0/pico-sdk/src/rp2_common/pico_printf/printf.c.obj
                0x10003cec                __wrap_sprintf
 .text.vfctprintf
                0x10003d14       0x20 CMakeFiles/source.dir/C_/Program_Files/Raspberry_Pi/Pico_SDK_v1.5.0/pico-sdk/src/rp2_common/pico_printf/printf.c.obj
                0x10003d14                vfctprintf
 .text          0x10003d34       0x10 CMakeFiles/source.dir/C_/Program_Files/Raspberry_Pi/Pico_SDK_v1.5.0/pico-sdk/src/rp2_common/pico_bit_ops/bit_ops_aeabi.S.obj
 .text.rom_func_lookup
                0x10003d44       0x10 CMakeFiles/source.dir/C_/Program_Files/Raspberry_Pi/Pico_SDK_v1.5.0/pico-sdk/src/rp2_common/pico_bootrom/bootrom.c.obj
                0x10003d44                rom_func_lookup
 .text.rom_data_lookup
                0x10003d54       0x10 CMakeFiles/source.dir/C_/Program_Files/Raspberry_Pi/Pico_SDK_v1.5.0/pico-sdk/src/rp2_common/pico_bootrom/bootrom.c.obj
                0x10003d54                rom_data_lookup
 .text.rom_funcs_lookup
                0x10003d64       0x36 CMakeFiles/source.dir/C_/Program_Files/Raspberry_Pi/Pico_SDK_v1.5.0/pico-sdk/src/rp2_common/pico_bootrom/bootrom.c.obj
                0x10003d64                rom_funcs_lookup
 *fill*         0x10003d9a        0x2 
 .text.__wrap___aeabi_idiv
                0x10003d9c       0x50 CMakeFiles/source.dir/C_/Program_Files/Raspberry_Pi/Pico_SDK_v1.5.0/pico-sdk/src/rp2_common/pico_divider/divider.S.obj
                0x10003d9c                __wrap___aeabi_idivmod
                0x10003d9c                divmod_s32s32
                0x10003d9c                div_s32s32
                0x10003d9c                __wrap___aeabi_idiv
                0x10003da4                divmod_s32s32_unsafe
                0x10003dd0                divmod_s32s32_savestate
 .text.__wrap___aeabi_uidiv
                0x10003dec       0x4c CMakeFiles/source.dir/C_/Program_Files/Raspberry_Pi/Pico_SDK_v1.5.0/pico-sdk/src/rp2_common/pico_divider/divider.S.obj
                0x10003dec                __wrap___aeabi_uidiv
                0x10003dec                __wrap___aeabi_uidivmod
                0x10003dec                div_u32u32
                0x10003dec                divmod_u32u32
                0x10003df4                divmod_u32u32_unsafe
                0x10003e1c                divmod_u32u32_savestate
 .text.__wrap___aeabi_ldiv
                0x10003e38      0x424 CMakeFiles/source.dir/C_/Program_Files/Raspberry_Pi/Pico_SDK_v1.5.0/pico-sdk/src/rp2_common/pico_divider/divider.S.obj
                0x10003e38                div_s64s64
                0x10003e38                divmod_s64s64
                0x10003e38                __wrap___aeabi_ldivmod
                0x10003e68                divmod_u64u64
                0x10003e68                div_u64u64
                0x10003e68                __wrap___aeabi_uldivmod
                0x10003e78                divmod_u64u64_savestate
                0x10003e98                divmod_s64s64_unsafe
                0x10003f20                divmod_u64u64_unsafe
 .text.__wrap___aeabi_darithmetic
                0x1000425c       0x80 CMakeFiles/source.dir/C_/Program_Files/Raspberry_Pi/Pico_SDK_v1.5.0/pico-sdk/src/rp2_common/pico_double/double_aeabi.S.obj
                0x1000425c                __wrap___aeabi_drsub
                0x10004262                __wrap___aeabi_dsub
                0x10004274                __wrap___aeabi_dadd
                0x10004286                __wrap___aeabi_ddiv
                0x100042c2                __wrap___aeabi_dmul
 .text.__wrap___aeabi_cdcmple
                0x100042dc       0x6c CMakeFiles/source.dir/C_/Program_Files/Raspberry_Pi/Pico_SDK_v1.5.0/pico-sdk/src/rp2_common/pico_double/double_aeabi.S.obj
                0x100042dc                __wrap___aeabi_cdrcmple
                0x100042ec                __wrap___aeabi_cdcmpeq
                0x100042ec                __wrap___aeabi_cdcmple
 .text.__wrap___aeabi_dcmplt
                0x10004348        0xc CMakeFiles/source.dir/C_/Program_Files/Raspberry_Pi/Pico_SDK_v1.5.0/pico-sdk/src/rp2_common/pico_double/double_aeabi.S.obj
                0x10004348                __wrap___aeabi_dcmplt
 .text.__wrap___aeabi_dcmple
                0x10004354       0x10 CMakeFiles/source.dir/C_/Program_Files/Raspberry_Pi/Pico_SDK_v1.5.0/pico-sdk/src/rp2_common/pico_double/double_aeabi.S.obj
                0x10004354                __wrap___aeabi_dcmple
 .text.__wrap___aeabi_dcmpge
                0x10004364       0x10 CMakeFiles/source.dir/C_/Program_Files/Raspberry_Pi/Pico_SDK_v1.5.0/pico-sdk/src/rp2_common/pico_double/double_aeabi.S.obj
                0x10004364                __wrap___aeabi_dcmpge
 .text.__wrap___aeabi_dcmpgt
                0x10004374        0xa CMakeFiles/source.dir/C_/Program_Files/Raspberry_Pi/Pico_SDK_v1.5.0/pico-sdk/src/rp2_common/pico_double/double_aeabi.S.obj
                0x10004374                __wrap___aeabi_dcmpgt
 .text.__wrap___aeabi_dcmpun
                0x1000437e       0x1c CMakeFiles/source.dir/C_/Program_Files/Raspberry_Pi/Pico_SDK_v1.5.0/pico-sdk/src/rp2_common/pico_double/double_aeabi.S.obj
                0x1000437e                __wrap___aeabi_dcmpun
 *fill*         0x1000439a        0x2 
 .text.__wrap___aeabi_i2d
                0x1000439c       0x38 CMakeFiles/source.dir/C_/Program_Files/Raspberry_Pi/Pico_SDK_v1.5.0/pico-sdk/src/rp2_common/pico_double/double_aeabi.S.obj
                0x1000439c                __wrap___aeabi_ui2d
                0x100043a4                __wrap___aeabi_i2d
 .text.__wrap___aeabi_d2iz
                0x100043d4       0x48 CMakeFiles/source.dir/C_/Program_Files/Raspberry_Pi/Pico_SDK_v1.5.0/pico-sdk/src/rp2_common/pico_double/double_aeabi.S.obj
                0x100043d4                double2int_z
                0x100043d4                __wrap___aeabi_d2iz
 .text.__wrap___aeabi_d2uiz
                0x1000441c       0x18 CMakeFiles/source.dir/C_/Program_Files/Raspberry_Pi/Pico_SDK_v1.5.0/pico-sdk/src/rp2_common/pico_double/double_aeabi.S.obj
                0x1000441c                __wrap___aeabi_d2uiz
                0x1000441c                double2uint
 .text.__aeabi_double_init
                0x10004434       0xc8 CMakeFiles/source.dir/C_/Program_Files/Raspberry_Pi/Pico_SDK_v1.5.0/pico-sdk/src/rp2_common/pico_double/double_init_rom.c.obj
                0x10004434                __aeabi_double_init
 .text.double_table_shim_on_use_helper
                0x100044fc       0x34 CMakeFiles/source.dir/C_/Program_Files/Raspberry_Pi/Pico_SDK_v1.5.0/pico-sdk/src/rp2_common/pico_double/double_v1_rom_shim.S.obj
                0x100044fc                double_table_shim_on_use_helper
 .text.__wrap___aeabi_dsub
                0x10004530       0x10 CMakeFiles/source.dir/C_/Program_Files/Raspberry_Pi/Pico_SDK_v1.5.0/pico-sdk/src/rp2_common/pico_double/double_v1_rom_shim.S.obj
                0x10004530                drsub_shim
                0x10004536                dsub_shim
 .text.dadd_shim
                0x10004540      0x15c CMakeFiles/source.dir/C_/Program_Files/Raspberry_Pi/Pico_SDK_v1.5.0/pico-sdk/src/rp2_common/pico_double/double_v1_rom_shim.S.obj
                0x10004540                dadd_shim
 .text.dmul_shim
                0x1000469c      0x15c CMakeFiles/source.dir/C_/Program_Files/Raspberry_Pi/Pico_SDK_v1.5.0/pico-sdk/src/rp2_common/pico_double/double_v1_rom_shim.S.obj
                0x1000469c                dmul_shim
 .text.ddiv_shim
                0x100047f8      0x1b0 CMakeFiles/source.dir/C_/Program_Files/Raspberry_Pi/Pico_SDK_v1.5.0/pico-sdk/src/rp2_common/pico_double/double_v1_rom_shim.S.obj
                0x100047f8                ddiv_shim
 .text.double2uint_shim
                0x100049a8        0xe CMakeFiles/source.dir/C_/Program_Files/Raspberry_Pi/Pico_SDK_v1.5.0/pico-sdk/src/rp2_common/pico_double/double_v1_rom_shim.S.obj
                0x100049a8                double2uint_shim
                0x100049aa                double2ufix_shim
 *fill*         0x100049b6        0x2 
 .text.double2uint64_shim
                0x100049b8       0x70 CMakeFiles/source.dir/C_/Program_Files/Raspberry_Pi/Pico_SDK_v1.5.0/pico-sdk/src/rp2_common/pico_double/double_v1_rom_shim.S.obj
                0x100049b8                double2uint64_shim
                0x100049ba                double2ufix64_shim
                0x100049da                d2fix_a
 .text.dunpacks
                0x10004a28       0x3c CMakeFiles/source.dir/C_/Program_Files/Raspberry_Pi/Pico_SDK_v1.5.0/pico-sdk/src/rp2_common/pico_double/double_v1_rom_shim.S.obj
                0x10004a28                dunpacks
 .text.__aeabi_lmul
                0x10004a64       0x32 CMakeFiles/source.dir/C_/Program_Files/Raspberry_Pi/Pico_SDK_v1.5.0/pico-sdk/src/rp2_common/pico_int64_ops/pico_int64_ops_aeabi.S.obj
                0x10004a64                __wrap___aeabi_lmul
 *fill*         0x10004a96        0x2 
 .text.__aeabi_float_init
                0x10004a98       0xfc CMakeFiles/source.dir/C_/Program_Files/Raspberry_Pi/Pico_SDK_v1.5.0/pico-sdk/src/rp2_common/pico_float/float_init_rom.c.obj
                0x10004a98                __aeabi_float_init
 .text.float_table_shim_on_use_helper
                0x10004b94       0x34 CMakeFiles/source.dir/C_/Program_Files/Raspberry_Pi/Pico_SDK_v1.5.0/pico-sdk/src/rp2_common/pico_float/float_v1_rom_shim.S.obj
                0x10004b94                float_table_shim_on_use_helper
 .text          0x10004bc8       0x10 CMakeFiles/source.dir/C_/Program_Files/Raspberry_Pi/Pico_SDK_v1.5.0/pico-sdk/src/rp2_common/pico_mem_ops/mem_ops_aeabi.S.obj
                0x10004bc8                __aeabi_mem_init
 .text.memset   0x10004bd8        0xc CMakeFiles/source.dir/C_/Program_Files/Raspberry_Pi/Pico_SDK_v1.5.0/pico-sdk/src/rp2_common/pico_mem_ops/mem_ops_aeabi.S.obj
                0x10004bd8                __wrap_memset
 .text.memcpy   0x10004be4        0xc CMakeFiles/source.dir/C_/Program_Files/Raspberry_Pi/Pico_SDK_v1.5.0/pico-sdk/src/rp2_common/pico_mem_ops/mem_ops_aeabi.S.obj
                0x10004be4                __wrap_memcpy
                0x10004be4                __wrap___aeabi_memcpy
 .text.stdio_out_chars_no_crlf
                0x10004bf0        0xe CMakeFiles/source.dir/C_/Program_Files/Raspberry_Pi/Pico_SDK_v1.5.0/pico-sdk/src/rp2_common/pico_stdio/stdio.c.obj
 *fill*         0x10004bfe        0x2 
 .text.stdio_out_chars_crlf
                0x10004c00       0x80 CMakeFiles/source.dir/C_/Program_Files/Raspberry_Pi/Pico_SDK_v1.5.0/pico-sdk/src/rp2_common/pico_stdio/stdio.c.obj
 .text.stdio_stack_buffer_flush
                0x10004c80       0x44 CMakeFiles/source.dir/C_/Program_Files/Raspberry_Pi/Pico_SDK_v1.5.0/pico-sdk/src/rp2_common/pico_stdio/stdio.c.obj
 .text.stdio_buffered_printer
                0x10004cc4       0x20 CMakeFiles/source.dir/C_/Program_Files/Raspberry_Pi/Pico_SDK_v1.5.0/pico-sdk/src/rp2_common/pico_stdio/stdio.c.obj
 .text.stdout_serialize_begin
                0x10004ce4       0x5c CMakeFiles/source.dir/C_/Program_Files/Raspberry_Pi/Pico_SDK_v1.5.0/pico-sdk/src/rp2_common/pico_stdio/stdio.c.obj
                0x10004ce4                stdout_serialize_begin
 .text.stdout_serialize_end
                0x10004d40       0x10 CMakeFiles/source.dir/C_/Program_Files/Raspberry_Pi/Pico_SDK_v1.5.0/pico-sdk/src/rp2_common/pico_stdio/stdio.c.obj
                0x10004d40                stdout_serialize_end
 .text.stdio_put_string
                0x10004d50       0x98 CMakeFiles/source.dir/C_/Program_Files/Raspberry_Pi/Pico_SDK_v1.5.0/pico-sdk/src/rp2_common/pico_stdio/stdio.c.obj
 .text.stdio_set_driver_enabled
                0x10004de8       0x2c CMakeFiles/source.dir/C_/Program_Files/Raspberry_Pi/Pico_SDK_v1.5.0/pico-sdk/src/rp2_common/pico_stdio/stdio.c.obj
                0x10004de8                stdio_set_driver_enabled
 .text.stdio_flush
                0x10004e14       0x20 CMakeFiles/source.dir/C_/Program_Files/Raspberry_Pi/Pico_SDK_v1.5.0/pico-sdk/src/rp2_common/pico_stdio/stdio.c.obj
                0x10004e14                stdio_flush
 .text.__wrap_puts
                0x10004e34       0x1e CMakeFiles/source.dir/C_/Program_Files/Raspberry_Pi/Pico_SDK_v1.5.0/pico-sdk/src/rp2_common/pico_stdio/stdio.c.obj
                0x10004e34                __wrap_puts
 *fill*         0x10004e52        0x2 
 .text.__wrap_vprintf
                0x10004e54       0x40 CMakeFiles/source.dir/C_/Program_Files/Raspberry_Pi/Pico_SDK_v1.5.0/pico-sdk/src/rp2_common/pico_stdio/stdio.c.obj
                0x10004e54                __wrap_vprintf
 .text.__wrap_printf
                0x10004e94       0x18 CMakeFiles/source.dir/C_/Program_Files/Raspberry_Pi/Pico_SDK_v1.5.0/pico-sdk/src/rp2_common/pico_stdio/stdio.c.obj
                0x10004e94                __wrap_printf
 .text.stdio_init_all
                0x10004eac        0x8 CMakeFiles/source.dir/C_/Program_Files/Raspberry_Pi/Pico_SDK_v1.5.0/pico-sdk/src/rp2_common/pico_stdio/stdio.c.obj
                0x10004eac                stdio_init_all
 .text.resetd_init
                0x10004eb4        0x2 CMakeFiles/source.dir/C_/Program_Files/Raspberry_Pi/Pico_SDK_v1.5.0/pico-sdk/src/rp2_common/pico_stdio_usb/reset_interface.c.obj
 *fill*         0x10004eb6        0x2 
 .text.resetd_reset
                0x10004eb8        0xc CMakeFiles/source.dir/C_/Program_Files/Raspberry_Pi/Pico_SDK_v1.5.0/pico-sdk/src/rp2_common/pico_stdio_usb/reset_interface.c.obj
 .text.resetd_open
                0x10004ec4       0x34 CMakeFiles/source.dir/C_/Program_Files/Raspberry_Pi/Pico_SDK_v1.5.0/pico-sdk/src/rp2_common/pico_stdio_usb/reset_interface.c.obj
 .text.resetd_xfer_cb
                0x10004ef8        0x4 CMakeFiles/source.dir/C_/Program_Files/Raspberry_Pi/Pico_SDK_v1.5.0/pico-sdk/src/rp2_common/pico_stdio_usb/reset_interface.c.obj
 .text.reset_usb_boot
                0x10004efc       0x18 CMakeFiles/source.dir/C_/Program_Files/Raspberry_Pi/Pico_SDK_v1.5.0/pico-sdk/src/rp2_common/pico_stdio_usb/reset_interface.c.obj
 .text.resetd_control_xfer_cb
                0x10004f14       0x5c CMakeFiles/source.dir/C_/Program_Files/Raspberry_Pi/Pico_SDK_v1.5.0/pico-sdk/src/rp2_common/pico_stdio_usb/reset_interface.c.obj
 .text.usbd_app_driver_get_cb
                0x10004f70        0xc CMakeFiles/source.dir/C_/Program_Files/Raspberry_Pi/Pico_SDK_v1.5.0/pico-sdk/src/rp2_common/pico_stdio_usb/reset_interface.c.obj
                0x10004f70                usbd_app_driver_get_cb
 .text.tud_cdc_line_coding_cb
                0x10004f7c       0x28 CMakeFiles/source.dir/C_/Program_Files/Raspberry_Pi/Pico_SDK_v1.5.0/pico-sdk/src/rp2_common/pico_stdio_usb/reset_interface.c.obj
                0x10004f7c                tud_cdc_line_coding_cb
 .text.stdio_usb_set_chars_available_callback
                0x10004fa4       0x14 CMakeFiles/source.dir/C_/Program_Files/Raspberry_Pi/Pico_SDK_v1.5.0/pico-sdk/src/rp2_common/pico_stdio_usb/stdio_usb.c.obj
                0x10004fa4                stdio_usb_set_chars_available_callback
 .text.usb_irq  0x10004fb8       0x10 CMakeFiles/source.dir/C_/Program_Files/Raspberry_Pi/Pico_SDK_v1.5.0/pico-sdk/src/rp2_common/pico_stdio_usb/stdio_usb.c.obj
 .text.timer_task
                0x10004fc8       0x58 CMakeFiles/source.dir/C_/Program_Files/Raspberry_Pi/Pico_SDK_v1.5.0/pico-sdk/src/rp2_common/pico_stdio_usb/stdio_usb.c.obj
 .text.low_priority_worker_irq
                0x10005020       0xd8 CMakeFiles/source.dir/C_/Program_Files/Raspberry_Pi/Pico_SDK_v1.5.0/pico-sdk/src/rp2_common/pico_stdio_usb/stdio_usb.c.obj
 .text.tud_cdc_rx_cb
                0x100050f8       0x20 CMakeFiles/source.dir/C_/Program_Files/Raspberry_Pi/Pico_SDK_v1.5.0/pico-sdk/src/rp2_common/pico_stdio_usb/stdio_usb.c.obj
                0x100050f8                tud_cdc_rx_cb
 .text.stdio_usb_init
                0x10005118      0x12c CMakeFiles/source.dir/C_/Program_Files/Raspberry_Pi/Pico_SDK_v1.5.0/pico-sdk/src/rp2_common/pico_stdio_usb/stdio_usb.c.obj
                0x10005118                stdio_usb_init
 .text.stdio_usb_connected
                0x10005244        0xa CMakeFiles/source.dir/C_/Program_Files/Raspberry_Pi/Pico_SDK_v1.5.0/pico-sdk/src/rp2_common/pico_stdio_usb/stdio_usb.c.obj
                0x10005244                stdio_usb_connected
 *fill*         0x1000524e        0x2 
 .text.stdio_usb_in_chars
                0x10005250       0xc4 CMakeFiles/source.dir/C_/Program_Files/Raspberry_Pi/Pico_SDK_v1.5.0/pico-sdk/src/rp2_common/pico_stdio_usb/stdio_usb.c.obj
                0x10005250                stdio_usb_in_chars
 .text.stdio_usb_out_chars
                0x10005314      0x114 CMakeFiles/source.dir/C_/Program_Files/Raspberry_Pi/Pico_SDK_v1.5.0/pico-sdk/src/rp2_common/pico_stdio_usb/stdio_usb.c.obj
 .text.tud_descriptor_device_cb
                0x10005428        0x8 CMakeFiles/source.dir/C_/Program_Files/Raspberry_Pi/Pico_SDK_v1.5.0/pico-sdk/src/rp2_common/pico_stdio_usb/stdio_usb_descriptors.c.obj
                0x10005428                tud_descriptor_device_cb
 .text.tud_descriptor_configuration_cb
                0x10005430        0x8 CMakeFiles/source.dir/C_/Program_Files/Raspberry_Pi/Pico_SDK_v1.5.0/pico-sdk/src/rp2_common/pico_stdio_usb/stdio_usb_descriptors.c.obj
                0x10005430                tud_descriptor_configuration_cb
 .text.tud_descriptor_string_cb
                0x10005438       0x6c CMakeFiles/source.dir/C_/Program_Files/Raspberry_Pi/Pico_SDK_v1.5.0/pico-sdk/src/rp2_common/pico_stdio_usb/stdio_usb_descriptors.c.obj
                0x10005438                tud_descriptor_string_cb
 .text._retrieve_unique_id_on_boot
                0x100054a4       0x10 CMakeFiles/source.dir/C_/Program_Files/Raspberry_Pi/Pico_SDK_v1.5.0/pico-sdk/src/rp2_common/pico_unique_id/unique_id.c.obj
 .text.pico_get_unique_board_id_string
                0x100054b4       0x60 CMakeFiles/source.dir/C_/Program_Files/Raspberry_Pi/Pico_SDK_v1.5.0/pico-sdk/src/rp2_common/pico_unique_id/unique_id.c.obj
                0x100054b4                pico_get_unique_board_id_string
 .text.flash_get_unique_id
                0x10005514       0x46 CMakeFiles/source.dir/C_/Program_Files/Raspberry_Pi/Pico_SDK_v1.5.0/pico-sdk/src/rp2_common/hardware_flash/flash.c.obj
                0x10005514                flash_get_unique_id
 *fill*         0x1000555a        0x2 
 .text.hw_endpoint_get_by_addr
                0x1000555c       0x18 CMakeFiles/source.dir/C_/Program_Files/Raspberry_Pi/Pico_SDK_v1.5.0/pico-sdk/lib/tinyusb/src/portable/raspberrypi/rp2040/dcd_rp2040.c.obj
 .text._hw_endpoint_alloc
                0x10005574       0x70 CMakeFiles/source.dir/C_/Program_Files/Raspberry_Pi/Pico_SDK_v1.5.0/pico-sdk/lib/tinyusb/src/portable/raspberrypi/rp2040/dcd_rp2040.c.obj
 .text.hw_endpoint_init
                0x100055e4       0x88 CMakeFiles/source.dir/C_/Program_Files/Raspberry_Pi/Pico_SDK_v1.5.0/pico-sdk/lib/tinyusb/src/portable/raspberrypi/rp2040/dcd_rp2040.c.obj
 .text.hw_endpoint_xfer
                0x1000566c       0x14 CMakeFiles/source.dir/C_/Program_Files/Raspberry_Pi/Pico_SDK_v1.5.0/pico-sdk/lib/tinyusb/src/portable/raspberrypi/rp2040/dcd_rp2040.c.obj
 .text.dcd_int_enable
                0x10005680       0x2c CMakeFiles/source.dir/C_/Program_Files/Raspberry_Pi/Pico_SDK_v1.5.0/pico-sdk/lib/tinyusb/src/portable/raspberrypi/rp2040/dcd_rp2040.c.obj
                0x10005680                dcd_int_enable
 .text.dcd_set_address
                0x100056ac       0x2c CMakeFiles/source.dir/C_/Program_Files/Raspberry_Pi/Pico_SDK_v1.5.0/pico-sdk/lib/tinyusb/src/portable/raspberrypi/rp2040/dcd_rp2040.c.obj
                0x100056ac                dcd_set_address
 .text.dcd_connect
                0x100056d8       0x10 CMakeFiles/source.dir/C_/Program_Files/Raspberry_Pi/Pico_SDK_v1.5.0/pico-sdk/lib/tinyusb/src/portable/raspberrypi/rp2040/dcd_rp2040.c.obj
                0x100056d8                dcd_connect
 .text.dcd_init
                0x100056e8       0x80 CMakeFiles/source.dir/C_/Program_Files/Raspberry_Pi/Pico_SDK_v1.5.0/pico-sdk/lib/tinyusb/src/portable/raspberrypi/rp2040/dcd_rp2040.c.obj
                0x100056e8                dcd_init
 .text.dcd_edpt0_status_complete
                0x10005768       0x1c CMakeFiles/source.dir/C_/Program_Files/Raspberry_Pi/Pico_SDK_v1.5.0/pico-sdk/lib/tinyusb/src/portable/raspberrypi/rp2040/dcd_rp2040.c.obj
                0x10005768                dcd_edpt0_status_complete
 .text.dcd_edpt_open
                0x10005784       0x40 CMakeFiles/source.dir/C_/Program_Files/Raspberry_Pi/Pico_SDK_v1.5.0/pico-sdk/lib/tinyusb/src/portable/raspberrypi/rp2040/dcd_rp2040.c.obj
                0x10005784                dcd_edpt_open
 .text.dcd_edpt_close_all
                0x100057c4        0x8 CMakeFiles/source.dir/C_/Program_Files/Raspberry_Pi/Pico_SDK_v1.5.0/pico-sdk/lib/tinyusb/src/portable/raspberrypi/rp2040/dcd_rp2040.c.obj
                0x100057c4                dcd_edpt_close_all
 .text.dcd_edpt_xfer
                0x100057cc       0x34 CMakeFiles/source.dir/C_/Program_Files/Raspberry_Pi/Pico_SDK_v1.5.0/pico-sdk/lib/tinyusb/src/portable/raspberrypi/rp2040/dcd_rp2040.c.obj
                0x100057cc                dcd_edpt_xfer
 .text.dcd_edpt_stall
                0x10005800       0x2c CMakeFiles/source.dir/C_/Program_Files/Raspberry_Pi/Pico_SDK_v1.5.0/pico-sdk/lib/tinyusb/src/portable/raspberrypi/rp2040/dcd_rp2040.c.obj
                0x10005800                dcd_edpt_stall
 .text.dcd_edpt_clear_stall
                0x1000582c       0x20 CMakeFiles/source.dir/C_/Program_Files/Raspberry_Pi/Pico_SDK_v1.5.0/pico-sdk/lib/tinyusb/src/portable/raspberrypi/rp2040/dcd_rp2040.c.obj
                0x1000582c                dcd_edpt_clear_stall
 .text.rp2040_usb_init
                0x1000584c       0x4c CMakeFiles/source.dir/C_/Program_Files/Raspberry_Pi/Pico_SDK_v1.5.0/pico-sdk/lib/tinyusb/src/portable/raspberrypi/rp2040/rp2040_usb.c.obj
                0x1000584c                rp2040_usb_init
 .text.hw_endpoint_xfer_start
                0x10005898       0x50 CMakeFiles/source.dir/C_/Program_Files/Raspberry_Pi/Pico_SDK_v1.5.0/pico-sdk/lib/tinyusb/src/portable/raspberrypi/rp2040/rp2040_usb.c.obj
                0x10005898                hw_endpoint_xfer_start
 .text.configuration_reset
                0x100058e8       0x84 CMakeFiles/source.dir/C_/Program_Files/Raspberry_Pi/Pico_SDK_v1.5.0/pico-sdk/lib/tinyusb/src/device/usbd.c.obj
 .text.usbd_reset
                0x1000596c        0xc CMakeFiles/source.dir/C_/Program_Files/Raspberry_Pi/Pico_SDK_v1.5.0/pico-sdk/lib/tinyusb/src/device/usbd.c.obj
 .text.invoke_class_control
                0x10005978       0x1a CMakeFiles/source.dir/C_/Program_Files/Raspberry_Pi/Pico_SDK_v1.5.0/pico-sdk/lib/tinyusb/src/device/usbd.c.obj
 *fill*         0x10005992        0x2 
 .text.process_set_config
                0x10005994      0x178 CMakeFiles/source.dir/C_/Program_Files/Raspberry_Pi/Pico_SDK_v1.5.0/pico-sdk/lib/tinyusb/src/device/usbd.c.obj
 .text.process_get_descriptor
                0x10005b0c       0xdc CMakeFiles/source.dir/C_/Program_Files/Raspberry_Pi/Pico_SDK_v1.5.0/pico-sdk/lib/tinyusb/src/device/usbd.c.obj
 .text.tud_mounted
                0x10005be8       0x10 CMakeFiles/source.dir/C_/Program_Files/Raspberry_Pi/Pico_SDK_v1.5.0/pico-sdk/lib/tinyusb/src/device/usbd.c.obj
                0x10005be8                tud_mounted
 .text.tud_suspended
                0x10005bf8       0x10 CMakeFiles/source.dir/C_/Program_Files/Raspberry_Pi/Pico_SDK_v1.5.0/pico-sdk/lib/tinyusb/src/device/usbd.c.obj
                0x10005bf8                tud_suspended
 .text.tud_inited
                0x10005c08       0x14 CMakeFiles/source.dir/C_/Program_Files/Raspberry_Pi/Pico_SDK_v1.5.0/pico-sdk/lib/tinyusb/src/device/usbd.c.obj
                0x10005c08                tud_inited
 .text.tud_init
                0x10005c1c       0xcc CMakeFiles/source.dir/C_/Program_Files/Raspberry_Pi/Pico_SDK_v1.5.0/pico-sdk/lib/tinyusb/src/device/usbd.c.obj
                0x10005c1c                tud_init
 .text.usbd_defer_func
                0x10005ce8       0x2a CMakeFiles/source.dir/C_/Program_Files/Raspberry_Pi/Pico_SDK_v1.5.0/pico-sdk/lib/tinyusb/src/device/usbd.c.obj
                0x10005ce8                usbd_defer_func
 *fill*         0x10005d12        0x2 
 .text.usbd_edpt_open
                0x10005d14       0x34 CMakeFiles/source.dir/C_/Program_Files/Raspberry_Pi/Pico_SDK_v1.5.0/pico-sdk/lib/tinyusb/src/device/usbd.c.obj
                0x10005d14                usbd_edpt_open
 .text.usbd_open_edpt_pair
                0x10005d48       0x62 CMakeFiles/source.dir/C_/Program_Files/Raspberry_Pi/Pico_SDK_v1.5.0/pico-sdk/lib/tinyusb/src/device/usbd.c.obj
                0x10005d48                usbd_open_edpt_pair
 *fill*         0x10005daa        0x2 
 .text.usbd_edpt_claim
                0x10005dac       0x28 CMakeFiles/source.dir/C_/Program_Files/Raspberry_Pi/Pico_SDK_v1.5.0/pico-sdk/lib/tinyusb/src/device/usbd.c.obj
                0x10005dac                usbd_edpt_claim
 .text.usbd_edpt_release
                0x10005dd4       0x28 CMakeFiles/source.dir/C_/Program_Files/Raspberry_Pi/Pico_SDK_v1.5.0/pico-sdk/lib/tinyusb/src/device/usbd.c.obj
                0x10005dd4                usbd_edpt_release
 .text.usbd_edpt_xfer
                0x10005dfc       0x78 CMakeFiles/source.dir/C_/Program_Files/Raspberry_Pi/Pico_SDK_v1.5.0/pico-sdk/lib/tinyusb/src/device/usbd.c.obj
                0x10005dfc                usbd_edpt_xfer
 .text.usbd_edpt_stall
                0x10005e74       0x48 CMakeFiles/source.dir/C_/Program_Files/Raspberry_Pi/Pico_SDK_v1.5.0/pico-sdk/lib/tinyusb/src/device/usbd.c.obj
                0x10005e74                usbd_edpt_stall
 .text.usbd_edpt_clear_stall
                0x10005ebc       0x48 CMakeFiles/source.dir/C_/Program_Files/Raspberry_Pi/Pico_SDK_v1.5.0/pico-sdk/lib/tinyusb/src/device/usbd.c.obj
                0x10005ebc                usbd_edpt_clear_stall
 .text.usbd_edpt_stalled
                0x10005f04       0x1c CMakeFiles/source.dir/C_/Program_Files/Raspberry_Pi/Pico_SDK_v1.5.0/pico-sdk/lib/tinyusb/src/device/usbd.c.obj
                0x10005f04                usbd_edpt_stalled
 .text.process_control_request
                0x10005f20      0x37c CMakeFiles/source.dir/C_/Program_Files/Raspberry_Pi/Pico_SDK_v1.5.0/pico-sdk/lib/tinyusb/src/device/usbd.c.obj
 .text.tud_task_ext
                0x1000629c      0x1b4 CMakeFiles/source.dir/C_/Program_Files/Raspberry_Pi/Pico_SDK_v1.5.0/pico-sdk/lib/tinyusb/src/device/usbd.c.obj
                0x1000629c                tud_task_ext
 .text._data_stage_xact
                0x10006450       0x58 CMakeFiles/source.dir/C_/Program_Files/Raspberry_Pi/Pico_SDK_v1.5.0/pico-sdk/lib/tinyusb/src/device/usbd_control.c.obj
 .text.tud_control_status
                0x100064a8       0x38 CMakeFiles/source.dir/C_/Program_Files/Raspberry_Pi/Pico_SDK_v1.5.0/pico-sdk/lib/tinyusb/src/device/usbd_control.c.obj
                0x100064a8                tud_control_status
 .text.tud_control_xfer
                0x100064e0       0x74 CMakeFiles/source.dir/C_/Program_Files/Raspberry_Pi/Pico_SDK_v1.5.0/pico-sdk/lib/tinyusb/src/device/usbd_control.c.obj
                0x100064e0                tud_control_xfer
 .text.usbd_control_reset
                0x10006554       0x14 CMakeFiles/source.dir/C_/Program_Files/Raspberry_Pi/Pico_SDK_v1.5.0/pico-sdk/lib/tinyusb/src/device/usbd_control.c.obj
                0x10006554                usbd_control_reset
 .text.usbd_control_set_complete_callback
                0x10006568        0xc CMakeFiles/source.dir/C_/Program_Files/Raspberry_Pi/Pico_SDK_v1.5.0/pico-sdk/lib/tinyusb/src/device/usbd_control.c.obj
                0x10006568                usbd_control_set_complete_callback
 .text.usbd_control_set_request
                0x10006574       0x1c CMakeFiles/source.dir/C_/Program_Files/Raspberry_Pi/Pico_SDK_v1.5.0/pico-sdk/lib/tinyusb/src/device/usbd_control.c.obj
                0x10006574                usbd_control_set_request
 .text.usbd_control_xfer_cb
                0x10006590       0xcc CMakeFiles/source.dir/C_/Program_Files/Raspberry_Pi/Pico_SDK_v1.5.0/pico-sdk/lib/tinyusb/src/device/usbd_control.c.obj
                0x10006590                usbd_control_xfer_cb
 .text._prep_out_transaction
                0x1000665c       0x4a CMakeFiles/source.dir/C_/Program_Files/Raspberry_Pi/Pico_SDK_v1.5.0/pico-sdk/lib/tinyusb/src/class/cdc/cdc_device.c.obj
 *fill*         0x100066a6        0x2 
 .text.tud_cdc_n_connected
                0x100066a8       0x44 CMakeFiles/source.dir/C_/Program_Files/Raspberry_Pi/Pico_SDK_v1.5.0/pico-sdk/lib/tinyusb/src/class/cdc/cdc_device.c.obj
                0x100066a8                tud_cdc_n_connected
 .text.tud_cdc_n_available
                0x100066ec       0x18 CMakeFiles/source.dir/C_/Program_Files/Raspberry_Pi/Pico_SDK_v1.5.0/pico-sdk/lib/tinyusb/src/class/cdc/cdc_device.c.obj
                0x100066ec                tud_cdc_n_available
 .text.tud_cdc_n_read
                0x10006704       0x28 CMakeFiles/source.dir/C_/Program_Files/Raspberry_Pi/Pico_SDK_v1.5.0/pico-sdk/lib/tinyusb/src/class/cdc/cdc_device.c.obj
                0x10006704                tud_cdc_n_read
 .text.tud_cdc_n_write_flush
                0x1000672c       0xb8 CMakeFiles/source.dir/C_/Program_Files/Raspberry_Pi/Pico_SDK_v1.5.0/pico-sdk/lib/tinyusb/src/class/cdc/cdc_device.c.obj
                0x1000672c                tud_cdc_n_write_flush
 .text.tud_cdc_n_write
                0x100067e4       0x38 CMakeFiles/source.dir/C_/Program_Files/Raspberry_Pi/Pico_SDK_v1.5.0/pico-sdk/lib/tinyusb/src/class/cdc/cdc_device.c.obj
                0x100067e4                tud_cdc_n_write
 .text.tud_cdc_n_write_available
                0x1000681c       0x1c CMakeFiles/source.dir/C_/Program_Files/Raspberry_Pi/Pico_SDK_v1.5.0/pico-sdk/lib/tinyusb/src/class/cdc/cdc_device.c.obj
                0x1000681c                tud_cdc_n_write_available
 .text.cdcd_init
                0x10006838       0xbc CMakeFiles/source.dir/C_/Program_Files/Raspberry_Pi/Pico_SDK_v1.5.0/pico-sdk/lib/tinyusb/src/class/cdc/cdc_device.c.obj
                0x10006838                cdcd_init
 .text.cdcd_reset
                0x100068f4       0x44 CMakeFiles/source.dir/C_/Program_Files/Raspberry_Pi/Pico_SDK_v1.5.0/pico-sdk/lib/tinyusb/src/class/cdc/cdc_device.c.obj
                0x100068f4                cdcd_reset
 .text.cdcd_open
                0x10006938       0xcc CMakeFiles/source.dir/C_/Program_Files/Raspberry_Pi/Pico_SDK_v1.5.0/pico-sdk/lib/tinyusb/src/class/cdc/cdc_device.c.obj
                0x10006938                cdcd_open
 .text.cdcd_control_xfer_cb
                0x10006a04      0x134 CMakeFiles/source.dir/C_/Program_Files/Raspberry_Pi/Pico_SDK_v1.5.0/pico-sdk/lib/tinyusb/src/class/cdc/cdc_device.c.obj
                0x10006a04                cdcd_control_xfer_cb
 .text.cdcd_xfer_cb
                0x10006b38      0x130 CMakeFiles/source.dir/C_/Program_Files/Raspberry_Pi/Pico_SDK_v1.5.0/pico-sdk/lib/tinyusb/src/class/cdc/cdc_device.c.obj
                0x10006b38                cdcd_xfer_cb
 .text.tusb_init
                0x10006c68        0xa CMakeFiles/source.dir/C_/Program_Files/Raspberry_Pi/Pico_SDK_v1.5.0/pico-sdk/lib/tinyusb/src/tusb.c.obj
                0x10006c68                tusb_init
 .text.tusb_inited
                0x10006c72        0xe CMakeFiles/source.dir/C_/Program_Files/Raspberry_Pi/Pico_SDK_v1.5.0/pico-sdk/lib/tinyusb/src/tusb.c.obj
                0x10006c72                tusb_inited
 .text.tu_edpt_claim
                0x10006c80       0x50 CMakeFiles/source.dir/C_/Program_Files/Raspberry_Pi/Pico_SDK_v1.5.0/pico-sdk/lib/tinyusb/src/tusb.c.obj
                0x10006c80                tu_edpt_claim
 .text.tu_edpt_release
                0x10006cd0       0x3c CMakeFiles/source.dir/C_/Program_Files/Raspberry_Pi/Pico_SDK_v1.5.0/pico-sdk/lib/tinyusb/src/tusb.c.obj
                0x10006cd0                tu_edpt_release
 .text.tu_edpt_validate
                0x10006d0c       0x78 CMakeFiles/source.dir/C_/Program_Files/Raspberry_Pi/Pico_SDK_v1.5.0/pico-sdk/lib/tinyusb/src/tusb.c.obj
                0x10006d0c                tu_edpt_validate
 .text.tu_edpt_bind_driver
                0x10006d84       0x26 CMakeFiles/source.dir/C_/Program_Files/Raspberry_Pi/Pico_SDK_v1.5.0/pico-sdk/lib/tinyusb/src/tusb.c.obj
                0x10006d84                tu_edpt_bind_driver
 .text.advance_index
                0x10006daa       0x1a CMakeFiles/source.dir/C_/Program_Files/Raspberry_Pi/Pico_SDK_v1.5.0/pico-sdk/lib/tinyusb/src/common/tusb_fifo.c.obj
 .text._tu_fifo_peek
                0x10006dc4       0x56 CMakeFiles/source.dir/C_/Program_Files/Raspberry_Pi/Pico_SDK_v1.5.0/pico-sdk/lib/tinyusb/src/common/tusb_fifo.c.obj
 .text._ff_pull_const_addr
                0x10006e1a       0x4c CMakeFiles/source.dir/C_/Program_Files/Raspberry_Pi/Pico_SDK_v1.5.0/pico-sdk/lib/tinyusb/src/common/tusb_fifo.c.obj
 .text._ff_pull_n
                0x10006e66      0x110 CMakeFiles/source.dir/C_/Program_Files/Raspberry_Pi/Pico_SDK_v1.5.0/pico-sdk/lib/tinyusb/src/common/tusb_fifo.c.obj
 .text._tu_fifo_peek_n
                0x10006f76       0x6a CMakeFiles/source.dir/C_/Program_Files/Raspberry_Pi/Pico_SDK_v1.5.0/pico-sdk/lib/tinyusb/src/common/tusb_fifo.c.obj
 .text._tu_fifo_read_n
                0x10006fe0       0x4e CMakeFiles/source.dir/C_/Program_Files/Raspberry_Pi/Pico_SDK_v1.5.0/pico-sdk/lib/tinyusb/src/common/tusb_fifo.c.obj
 .text._ff_push_const_addr
                0x1000702e       0x40 CMakeFiles/source.dir/C_/Program_Files/Raspberry_Pi/Pico_SDK_v1.5.0/pico-sdk/lib/tinyusb/src/common/tusb_fifo.c.obj
 .text._ff_push_n
                0x1000706e      0x10c CMakeFiles/source.dir/C_/Program_Files/Raspberry_Pi/Pico_SDK_v1.5.0/pico-sdk/lib/tinyusb/src/common/tusb_fifo.c.obj
 .text._tu_fifo_write_n
                0x1000717a       0xf0 CMakeFiles/source.dir/C_/Program_Files/Raspberry_Pi/Pico_SDK_v1.5.0/pico-sdk/lib/tinyusb/src/common/tusb_fifo.c.obj
 .text.tu_fifo_config
                0x1000726a       0x7c CMakeFiles/source.dir/C_/Program_Files/Raspberry_Pi/Pico_SDK_v1.5.0/pico-sdk/lib/tinyusb/src/common/tusb_fifo.c.obj
                0x1000726a                tu_fifo_config
 .text.tu_fifo_count
                0x100072e6       0x2a CMakeFiles/source.dir/C_/Program_Files/Raspberry_Pi/Pico_SDK_v1.5.0/pico-sdk/lib/tinyusb/src/common/tusb_fifo.c.obj
                0x100072e6                tu_fifo_count
 .text.tu_fifo_empty
                0x10007310       0x10 CMakeFiles/source.dir/C_/Program_Files/Raspberry_Pi/Pico_SDK_v1.5.0/pico-sdk/lib/tinyusb/src/common/tusb_fifo.c.obj
                0x10007310                tu_fifo_empty
 .text.tu_fifo_full
                0x10007320       0x28 CMakeFiles/source.dir/C_/Program_Files/Raspberry_Pi/Pico_SDK_v1.5.0/pico-sdk/lib/tinyusb/src/common/tusb_fifo.c.obj
                0x10007320                tu_fifo_full
 .text.tu_fifo_remaining
                0x10007348       0x2c CMakeFiles/source.dir/C_/Program_Files/Raspberry_Pi/Pico_SDK_v1.5.0/pico-sdk/lib/tinyusb/src/common/tusb_fifo.c.obj
                0x10007348                tu_fifo_remaining
 .text.tu_fifo_read
                0x10007374       0x42 CMakeFiles/source.dir/C_/Program_Files/Raspberry_Pi/Pico_SDK_v1.5.0/pico-sdk/lib/tinyusb/src/common/tusb_fifo.c.obj
                0x10007374                tu_fifo_read
 .text.tu_fifo_read_n
                0x100073b6        0xa CMakeFiles/source.dir/C_/Program_Files/Raspberry_Pi/Pico_SDK_v1.5.0/pico-sdk/lib/tinyusb/src/common/tusb_fifo.c.obj
                0x100073b6                tu_fifo_read_n
 .text.tu_fifo_write
                0x100073c0       0x64 CMakeFiles/source.dir/C_/Program_Files/Raspberry_Pi/Pico_SDK_v1.5.0/pico-sdk/lib/tinyusb/src/common/tusb_fifo.c.obj
                0x100073c0                tu_fifo_write
 .text.tu_fifo_write_n
                0x10007424        0xa CMakeFiles/source.dir/C_/Program_Files/Raspberry_Pi/Pico_SDK_v1.5.0/pico-sdk/lib/tinyusb/src/common/tusb_fifo.c.obj
                0x10007424                tu_fifo_write_n
 .text.tu_fifo_clear
                0x1000742e       0x3e CMakeFiles/source.dir/C_/Program_Files/Raspberry_Pi/Pico_SDK_v1.5.0/pico-sdk/lib/tinyusb/src/common/tusb_fifo.c.obj
                0x1000742e                tu_fifo_clear
 .text.tu_fifo_set_overwritable
                0x1000746c       0x46 CMakeFiles/source.dir/C_/Program_Files/Raspberry_Pi/Pico_SDK_v1.5.0/pico-sdk/lib/tinyusb/src/common/tusb_fifo.c.obj
                0x1000746c                tu_fifo_set_overwritable
 .text.spi_set_baudrate
                0x100074b2       0x92 CMakeFiles/source.dir/C_/Program_Files/Raspberry_Pi/Pico_SDK_v1.5.0/pico-sdk/src/rp2_common/hardware_spi/spi.c.obj
                0x100074b2                spi_set_baudrate
 .text.spi_init
                0x10007544       0x68 CMakeFiles/source.dir/C_/Program_Files/Raspberry_Pi/Pico_SDK_v1.5.0/pico-sdk/src/rp2_common/hardware_spi/spi.c.obj
                0x10007544                spi_init
 .text.vPortSVCHandler
                0x100075ac        0x2 CMakeFiles/source.dir/C_/Users/JORGE/Desktop/Trabajos_Jorge/10mo_semestre/Sistemas_Embebidos/FreeRTOSv202212.01/FreeRTOSv202212.01/FreeRTOS/Source/portable/ThirdParty/GCC/RP2040/port.c.obj
                0x100075ac                vPortSVCHandler
 *fill*         0x100075ae        0x2 
 .text.vPortStartFirstTask
                0x100075b0       0x34 CMakeFiles/source.dir/C_/Users/JORGE/Desktop/Trabajos_Jorge/10mo_semestre/Sistemas_Embebidos/FreeRTOSv202212.01/FreeRTOSv202212.01/FreeRTOS/Source/portable/ThirdParty/GCC/RP2040/port.c.obj
 *fill*         0x100075e4        0xc 
 .text.xPortPendSVHandler
                0x100075f0       0x64 CMakeFiles/source.dir/C_/Users/JORGE/Desktop/Trabajos_Jorge/10mo_semestre/Sistemas_Embebidos/FreeRTOSv202212.01/FreeRTOSv202212.01/FreeRTOS/Source/portable/ThirdParty/GCC/RP2040/port.c.obj
                0x100075f0                xPortPendSVHandler
 .text.prvTaskExitError
                0x10007654        0x6 CMakeFiles/source.dir/C_/Users/JORGE/Desktop/Trabajos_Jorge/10mo_semestre/Sistemas_Embebidos/FreeRTOSv202212.01/FreeRTOSv202212.01/FreeRTOS/Source/portable/ThirdParty/GCC/RP2040/port.c.obj
 *fill*         0x1000765a        0x2 
 .text.prvGetTicksToWaitBefore
                0x1000765c       0x58 CMakeFiles/source.dir/C_/Users/JORGE/Desktop/Trabajos_Jorge/10mo_semestre/Sistemas_Embebidos/FreeRTOSv202212.01/FreeRTOSv202212.01/FreeRTOS/Source/portable/ThirdParty/GCC/RP2040/port.c.obj
 .text.pxPortInitialiseStack
                0x100076b4       0x20 CMakeFiles/source.dir/C_/Users/JORGE/Desktop/Trabajos_Jorge/10mo_semestre/Sistemas_Embebidos/FreeRTOSv202212.01/FreeRTOSv202212.01/FreeRTOS/Source/portable/ThirdParty/GCC/RP2040/port.c.obj
                0x100076b4                pxPortInitialiseStack
 .text.vPortYield
                0x100076d4       0x40 CMakeFiles/source.dir/C_/Users/JORGE/Desktop/Trabajos_Jorge/10mo_semestre/Sistemas_Embebidos/FreeRTOSv202212.01/FreeRTOSv202212.01/FreeRTOS/Source/portable/ThirdParty/GCC/RP2040/port.c.obj
                0x100076d4                vPortYield
 .text.vPortEnterCritical
                0x10007714       0x18 CMakeFiles/source.dir/C_/Users/JORGE/Desktop/Trabajos_Jorge/10mo_semestre/Sistemas_Embebidos/FreeRTOSv202212.01/FreeRTOSv202212.01/FreeRTOS/Source/portable/ThirdParty/GCC/RP2040/port.c.obj
                0x10007714                vPortEnterCritical
 .text.vPortEnableInterrupts
                0x1000772c       0x28 CMakeFiles/source.dir/C_/Users/JORGE/Desktop/Trabajos_Jorge/10mo_semestre/Sistemas_Embebidos/FreeRTOSv202212.01/FreeRTOSv202212.01/FreeRTOS/Source/portable/ThirdParty/GCC/RP2040/port.c.obj
                0x1000772c                vPortEnableInterrupts
 .text.vPortExitCritical
                0x10007754       0x3c CMakeFiles/source.dir/C_/Users/JORGE/Desktop/Trabajos_Jorge/10mo_semestre/Sistemas_Embebidos/FreeRTOSv202212.01/FreeRTOSv202212.01/FreeRTOS/Source/portable/ThirdParty/GCC/RP2040/port.c.obj
                0x10007754                vPortExitCritical
 .text.ulSetInterruptMaskFromISR
                0x10007790        0x8 CMakeFiles/source.dir/C_/Users/JORGE/Desktop/Trabajos_Jorge/10mo_semestre/Sistemas_Embebidos/FreeRTOSv202212.01/FreeRTOSv202212.01/FreeRTOS/Source/portable/ThirdParty/GCC/RP2040/port.c.obj
                0x10007790                ulSetInterruptMaskFromISR
 .text.vClearInterruptMaskFromISR
                0x10007798        0x6 CMakeFiles/source.dir/C_/Users/JORGE/Desktop/Trabajos_Jorge/10mo_semestre/Sistemas_Embebidos/FreeRTOSv202212.01/FreeRTOSv202212.01/FreeRTOS/Source/portable/ThirdParty/GCC/RP2040/port.c.obj
                0x10007798                vClearInterruptMaskFromISR
 *fill*         0x1000779e        0x2 
 .text.xPortSysTickHandler
                0x100077a0       0x24 CMakeFiles/source.dir/C_/Users/JORGE/Desktop/Trabajos_Jorge/10mo_semestre/Sistemas_Embebidos/FreeRTOSv202212.01/FreeRTOSv202212.01/FreeRTOS/Source/portable/ThirdParty/GCC/RP2040/port.c.obj
                0x100077a0                xPortSysTickHandler
 .text.vPortSetupTimerInterrupt
                0x100077c4       0x34 CMakeFiles/source.dir/C_/Users/JORGE/Desktop/Trabajos_Jorge/10mo_semestre/Sistemas_Embebidos/FreeRTOSv202212.01/FreeRTOSv202212.01/FreeRTOS/Source/portable/ThirdParty/GCC/RP2040/port.c.obj
                0x100077c4                vPortSetupTimerInterrupt
 .text.xPortStartScheduler
                0x100077f8       0x70 CMakeFiles/source.dir/C_/Users/JORGE/Desktop/Trabajos_Jorge/10mo_semestre/Sistemas_Embebidos/FreeRTOSv202212.01/FreeRTOSv202212.01/FreeRTOS/Source/portable/ThirdParty/GCC/RP2040/port.c.obj
                0x100077f8                xPortStartScheduler
 .text.ulPortLockGetCurrentOwnerId
                0x10007868       0x2c CMakeFiles/source.dir/C_/Users/JORGE/Desktop/Trabajos_Jorge/10mo_semestre/Sistemas_Embebidos/FreeRTOSv202212.01/FreeRTOSv202212.01/FreeRTOS/Source/portable/ThirdParty/GCC/RP2040/port.c.obj
                0x10007868                ulPortLockGetCurrentOwnerId
 .text.vPortLockInternalSpinUnlockWithWait
                0x10007894       0xc4 CMakeFiles/source.dir/C_/Users/JORGE/Desktop/Trabajos_Jorge/10mo_semestre/Sistemas_Embebidos/FreeRTOSv202212.01/FreeRTOSv202212.01/FreeRTOS/Source/portable/ThirdParty/GCC/RP2040/port.c.obj
                0x10007894                vPortLockInternalSpinUnlockWithWait
 .text.vPortLockInternalSpinUnlockWithNotify
                0x10007958       0x88 CMakeFiles/source.dir/C_/Users/JORGE/Desktop/Trabajos_Jorge/10mo_semestre/Sistemas_Embebidos/FreeRTOSv202212.01/FreeRTOSv202212.01/FreeRTOS/Source/portable/ThirdParty/GCC/RP2040/port.c.obj
                0x10007958                vPortLockInternalSpinUnlockWithNotify
 .text.xPortLockInternalSpinUnlockWithBestEffortWaitOrTimeout
                0x100079e0      0x134 CMakeFiles/source.dir/C_/Users/JORGE/Desktop/Trabajos_Jorge/10mo_semestre/Sistemas_Embebidos/FreeRTOSv202212.01/FreeRTOSv202212.01/FreeRTOS/Source/portable/ThirdParty/GCC/RP2040/port.c.obj
                0x100079e0                xPortLockInternalSpinUnlockWithBestEffortWaitOrTimeout
 .text.prvRuntimeInitializer
                0x10007b14       0x10 CMakeFiles/source.dir/C_/Users/JORGE/Desktop/Trabajos_Jorge/10mo_semestre/Sistemas_Embebidos/FreeRTOSv202212.01/FreeRTOSv202212.01/FreeRTOS/Source/portable/ThirdParty/GCC/RP2040/port.c.obj
 .text.prvTestWaitCondition
                0x10007b24       0x1e CMakeFiles/source.dir/C_/Users/JORGE/Desktop/Trabajos_Jorge/10mo_semestre/Sistemas_Embebidos/FreeRTOSv202212.01/FreeRTOSv202212.01/FreeRTOS/Source/event_groups.c.obj
 .text.xEventGroupCreate
                0x10007b42       0x18 CMakeFiles/source.dir/C_/Users/JORGE/Desktop/Trabajos_Jorge/10mo_semestre/Sistemas_Embebidos/FreeRTOSv202212.01/FreeRTOSv202212.01/FreeRTOS/Source/event_groups.c.obj
                0x10007b42                xEventGroupCreate
 *fill*         0x10007b5a        0x2 
 .text.xEventGroupWaitBits
                0x10007b5c      0x124 CMakeFiles/source.dir/C_/Users/JORGE/Desktop/Trabajos_Jorge/10mo_semestre/Sistemas_Embebidos/FreeRTOSv202212.01/FreeRTOSv202212.01/FreeRTOS/Source/event_groups.c.obj
                0x10007b5c                xEventGroupWaitBits
 .text.xEventGroupSetBits
                0x10007c80       0x98 CMakeFiles/source.dir/C_/Users/JORGE/Desktop/Trabajos_Jorge/10mo_semestre/Sistemas_Embebidos/FreeRTOSv202212.01/FreeRTOSv202212.01/FreeRTOS/Source/event_groups.c.obj
                0x10007c80                xEventGroupSetBits
 .text.vEventGroupSetBitsCallback
                0x10007d18        0x8 CMakeFiles/source.dir/C_/Users/JORGE/Desktop/Trabajos_Jorge/10mo_semestre/Sistemas_Embebidos/FreeRTOSv202212.01/FreeRTOSv202212.01/FreeRTOS/Source/event_groups.c.obj
                0x10007d18                vEventGroupSetBitsCallback
 .text.xEventGroupSetBitsFromISR
                0x10007d20       0x14 CMakeFiles/source.dir/C_/Users/JORGE/Desktop/Trabajos_Jorge/10mo_semestre/Sistemas_Embebidos/FreeRTOSv202212.01/FreeRTOSv202212.01/FreeRTOS/Source/event_groups.c.obj
                0x10007d20                xEventGroupSetBitsFromISR
 .text.vListInitialise
                0x10007d34       0x16 CMakeFiles/source.dir/C_/Users/JORGE/Desktop/Trabajos_Jorge/10mo_semestre/Sistemas_Embebidos/FreeRTOSv202212.01/FreeRTOSv202212.01/FreeRTOS/Source/list.c.obj
                0x10007d34                vListInitialise
 .text.vListInitialiseItem
                0x10007d4a        0x6 CMakeFiles/source.dir/C_/Users/JORGE/Desktop/Trabajos_Jorge/10mo_semestre/Sistemas_Embebidos/FreeRTOSv202212.01/FreeRTOSv202212.01/FreeRTOS/Source/list.c.obj
                0x10007d4a                vListInitialiseItem
 .text.vListInsert
                0x10007d50       0x2e CMakeFiles/source.dir/C_/Users/JORGE/Desktop/Trabajos_Jorge/10mo_semestre/Sistemas_Embebidos/FreeRTOSv202212.01/FreeRTOSv202212.01/FreeRTOS/Source/list.c.obj
                0x10007d50                vListInsert
 .text.uxListRemove
                0x10007d7e       0x26 CMakeFiles/source.dir/C_/Users/JORGE/Desktop/Trabajos_Jorge/10mo_semestre/Sistemas_Embebidos/FreeRTOSv202212.01/FreeRTOSv202212.01/FreeRTOS/Source/list.c.obj
                0x10007d7e                uxListRemove
 .text.prvIsQueueEmpty
                0x10007da4       0x1c CMakeFiles/source.dir/C_/Users/JORGE/Desktop/Trabajos_Jorge/10mo_semestre/Sistemas_Embebidos/FreeRTOSv202212.01/FreeRTOSv202212.01/FreeRTOS/Source/queue.c.obj
 .text.prvCopyDataToQueue
                0x10007dc0       0x82 CMakeFiles/source.dir/C_/Users/JORGE/Desktop/Trabajos_Jorge/10mo_semestre/Sistemas_Embebidos/FreeRTOSv202212.01/FreeRTOSv202212.01/FreeRTOS/Source/queue.c.obj
 .text.prvCopyDataFromQueue
                0x10007e42       0x24 CMakeFiles/source.dir/C_/Users/JORGE/Desktop/Trabajos_Jorge/10mo_semestre/Sistemas_Embebidos/FreeRTOSv202212.01/FreeRTOSv202212.01/FreeRTOS/Source/queue.c.obj
 *fill*         0x10007e66        0x2 
 .text.prvNotifyQueueSetContainer
                0x10007e68       0xa8 CMakeFiles/source.dir/C_/Users/JORGE/Desktop/Trabajos_Jorge/10mo_semestre/Sistemas_Embebidos/FreeRTOSv202212.01/FreeRTOSv202212.01/FreeRTOS/Source/queue.c.obj
 .text.prvUnlockQueue
                0x10007f10       0x88 CMakeFiles/source.dir/C_/Users/JORGE/Desktop/Trabajos_Jorge/10mo_semestre/Sistemas_Embebidos/FreeRTOSv202212.01/FreeRTOSv202212.01/FreeRTOS/Source/queue.c.obj
 .text.xQueueGenericReset
                0x10007f98       0xd8 CMakeFiles/source.dir/C_/Users/JORGE/Desktop/Trabajos_Jorge/10mo_semestre/Sistemas_Embebidos/FreeRTOSv202212.01/FreeRTOSv202212.01/FreeRTOS/Source/queue.c.obj
                0x10007f98                xQueueGenericReset
 .text.prvInitialiseNewQueue
                0x10008070       0x26 CMakeFiles/source.dir/C_/Users/JORGE/Desktop/Trabajos_Jorge/10mo_semestre/Sistemas_Embebidos/FreeRTOSv202212.01/FreeRTOSv202212.01/FreeRTOS/Source/queue.c.obj
 *fill*         0x10008096        0x2 
 .text.xQueueGenericCreate
                0x10008098       0x8c CMakeFiles/source.dir/C_/Users/JORGE/Desktop/Trabajos_Jorge/10mo_semestre/Sistemas_Embebidos/FreeRTOSv202212.01/FreeRTOSv202212.01/FreeRTOS/Source/queue.c.obj
                0x10008098                xQueueGenericCreate
 .text.xQueueGenericSendFromISR
                0x10008124      0x13c CMakeFiles/source.dir/C_/Users/JORGE/Desktop/Trabajos_Jorge/10mo_semestre/Sistemas_Embebidos/FreeRTOSv202212.01/FreeRTOSv202212.01/FreeRTOS/Source/queue.c.obj
                0x10008124                xQueueGenericSendFromISR
 .text.xQueueReceive
                0x10008260      0x150 CMakeFiles/source.dir/C_/Users/JORGE/Desktop/Trabajos_Jorge/10mo_semestre/Sistemas_Embebidos/FreeRTOSv202212.01/FreeRTOSv202212.01/FreeRTOS/Source/queue.c.obj
                0x10008260                xQueueReceive
 .text.vQueueAddToRegistry
                0x100083b0       0x64 CMakeFiles/source.dir/C_/Users/JORGE/Desktop/Trabajos_Jorge/10mo_semestre/Sistemas_Embebidos/FreeRTOSv202212.01/FreeRTOSv202212.01/FreeRTOS/Source/queue.c.obj
                0x100083b0                vQueueAddToRegistry
 .text.vQueueWaitForMessageRestricted
                0x10008414       0x50 CMakeFiles/source.dir/C_/Users/JORGE/Desktop/Trabajos_Jorge/10mo_semestre/Sistemas_Embebidos/FreeRTOSv202212.01/FreeRTOSv202212.01/FreeRTOS/Source/queue.c.obj
                0x10008414                vQueueWaitForMessageRestricted
 .text.prvResetNextTaskUnblockTime
                0x10008464       0x2c CMakeFiles/source.dir/C_/Users/JORGE/Desktop/Trabajos_Jorge/10mo_semestre/Sistemas_Embebidos/FreeRTOSv202212.01/FreeRTOSv202212.01/FreeRTOS/Source/tasks.c.obj
 .text.prvDeleteTCB
                0x10008490       0x12 CMakeFiles/source.dir/C_/Users/JORGE/Desktop/Trabajos_Jorge/10mo_semestre/Sistemas_Embebidos/FreeRTOSv202212.01/FreeRTOSv202212.01/FreeRTOS/Source/tasks.c.obj
 *fill*         0x100084a2        0x2 
 .text.prvInitialiseNewTask
                0x100084a4       0xb4 CMakeFiles/source.dir/C_/Users/JORGE/Desktop/Trabajos_Jorge/10mo_semestre/Sistemas_Embebidos/FreeRTOSv202212.01/FreeRTOSv202212.01/FreeRTOS/Source/tasks.c.obj
 .text.prvInitialiseTaskLists
                0x10008558       0x68 CMakeFiles/source.dir/C_/Users/JORGE/Desktop/Trabajos_Jorge/10mo_semestre/Sistemas_Embebidos/FreeRTOSv202212.01/FreeRTOSv202212.01/FreeRTOS/Source/tasks.c.obj
 .text.prvAddNewTaskToReadyList
                0x100085c0       0xc4 CMakeFiles/source.dir/C_/Users/JORGE/Desktop/Trabajos_Jorge/10mo_semestre/Sistemas_Embebidos/FreeRTOSv202212.01/FreeRTOSv202212.01/FreeRTOS/Source/tasks.c.obj
 .text.prvCheckTasksWaitingTermination
                0x10008684       0x44 CMakeFiles/source.dir/C_/Users/JORGE/Desktop/Trabajos_Jorge/10mo_semestre/Sistemas_Embebidos/FreeRTOSv202212.01/FreeRTOSv202212.01/FreeRTOS/Source/tasks.c.obj
 .text.prvIdleTask
                0x100086c8       0x18 CMakeFiles/source.dir/C_/Users/JORGE/Desktop/Trabajos_Jorge/10mo_semestre/Sistemas_Embebidos/FreeRTOSv202212.01/FreeRTOSv202212.01/FreeRTOS/Source/tasks.c.obj
 .text.prvAddCurrentTaskToDelayedList
                0x100086e0       0x9c CMakeFiles/source.dir/C_/Users/JORGE/Desktop/Trabajos_Jorge/10mo_semestre/Sistemas_Embebidos/FreeRTOSv202212.01/FreeRTOSv202212.01/FreeRTOS/Source/tasks.c.obj
 .text.xTaskCreate
                0x1000877c       0x68 CMakeFiles/source.dir/C_/Users/JORGE/Desktop/Trabajos_Jorge/10mo_semestre/Sistemas_Embebidos/FreeRTOSv202212.01/FreeRTOSv202212.01/FreeRTOS/Source/tasks.c.obj
                0x1000877c                xTaskCreate
 .text.vTaskStartScheduler
                0x100087e4       0x88 CMakeFiles/source.dir/C_/Users/JORGE/Desktop/Trabajos_Jorge/10mo_semestre/Sistemas_Embebidos/FreeRTOSv202212.01/FreeRTOSv202212.01/FreeRTOS/Source/tasks.c.obj
                0x100087e4                vTaskStartScheduler
 .text.vTaskSuspendAll
                0x1000886c       0x10 CMakeFiles/source.dir/C_/Users/JORGE/Desktop/Trabajos_Jorge/10mo_semestre/Sistemas_Embebidos/FreeRTOSv202212.01/FreeRTOSv202212.01/FreeRTOS/Source/tasks.c.obj
                0x1000886c                vTaskSuspendAll
 .text.xTaskGetTickCount
                0x1000887c        0xc CMakeFiles/source.dir/C_/Users/JORGE/Desktop/Trabajos_Jorge/10mo_semestre/Sistemas_Embebidos/FreeRTOSv202212.01/FreeRTOSv202212.01/FreeRTOS/Source/tasks.c.obj
                0x1000887c                xTaskGetTickCount
 .text.uxTaskGetNumberOfTasks
                0x10008888        0xc CMakeFiles/source.dir/C_/Users/JORGE/Desktop/Trabajos_Jorge/10mo_semestre/Sistemas_Embebidos/FreeRTOSv202212.01/FreeRTOSv202212.01/FreeRTOS/Source/tasks.c.obj
                0x10008888                uxTaskGetNumberOfTasks
 .text.xTaskIncrementTick
                0x10008894      0x17c CMakeFiles/source.dir/C_/Users/JORGE/Desktop/Trabajos_Jorge/10mo_semestre/Sistemas_Embebidos/FreeRTOSv202212.01/FreeRTOSv202212.01/FreeRTOS/Source/tasks.c.obj
                0x10008894                xTaskIncrementTick
 .text.xTaskResumeAll
                0x10008a10      0x15c CMakeFiles/source.dir/C_/Users/JORGE/Desktop/Trabajos_Jorge/10mo_semestre/Sistemas_Embebidos/FreeRTOSv202212.01/FreeRTOSv202212.01/FreeRTOS/Source/tasks.c.obj
                0x10008a10                xTaskResumeAll
 .text.vTaskDelay
                0x10008b6c       0x48 CMakeFiles/source.dir/C_/Users/JORGE/Desktop/Trabajos_Jorge/10mo_semestre/Sistemas_Embebidos/FreeRTOSv202212.01/FreeRTOSv202212.01/FreeRTOS/Source/tasks.c.obj
                0x10008b6c                vTaskDelay
 .text.vTaskSwitchContext
                0x10008bb4       0xa0 CMakeFiles/source.dir/C_/Users/JORGE/Desktop/Trabajos_Jorge/10mo_semestre/Sistemas_Embebidos/FreeRTOSv202212.01/FreeRTOSv202212.01/FreeRTOS/Source/tasks.c.obj
                0x10008bb4                vTaskSwitchContext
 .text.vTaskPlaceOnEventList
                0x10008c54       0x3c CMakeFiles/source.dir/C_/Users/JORGE/Desktop/Trabajos_Jorge/10mo_semestre/Sistemas_Embebidos/FreeRTOSv202212.01/FreeRTOSv202212.01/FreeRTOS/Source/tasks.c.obj
                0x10008c54                vTaskPlaceOnEventList
 .text.vTaskPlaceOnUnorderedEventList
                0x10008c90       0x80 CMakeFiles/source.dir/C_/Users/JORGE/Desktop/Trabajos_Jorge/10mo_semestre/Sistemas_Embebidos/FreeRTOSv202212.01/FreeRTOSv202212.01/FreeRTOS/Source/tasks.c.obj
                0x10008c90                vTaskPlaceOnUnorderedEventList
 .text.vTaskPlaceOnEventListRestricted
                0x10008d10       0x60 CMakeFiles/source.dir/C_/Users/JORGE/Desktop/Trabajos_Jorge/10mo_semestre/Sistemas_Embebidos/FreeRTOSv202212.01/FreeRTOSv202212.01/FreeRTOS/Source/tasks.c.obj
                0x10008d10                vTaskPlaceOnEventListRestricted
 .text.xTaskRemoveFromEventList
                0x10008d70      0x100 CMakeFiles/source.dir/C_/Users/JORGE/Desktop/Trabajos_Jorge/10mo_semestre/Sistemas_Embebidos/FreeRTOSv202212.01/FreeRTOSv202212.01/FreeRTOS/Source/tasks.c.obj
                0x10008d70                xTaskRemoveFromEventList
 .text.vTaskRemoveFromUnorderedEventList
                0x10008e70       0xf8 CMakeFiles/source.dir/C_/Users/JORGE/Desktop/Trabajos_Jorge/10mo_semestre/Sistemas_Embebidos/FreeRTOSv202212.01/FreeRTOSv202212.01/FreeRTOS/Source/tasks.c.obj
                0x10008e70                vTaskRemoveFromUnorderedEventList
 .text.vTaskInternalSetTimeOutState
                0x10008f68       0x18 CMakeFiles/source.dir/C_/Users/JORGE/Desktop/Trabajos_Jorge/10mo_semestre/Sistemas_Embebidos/FreeRTOSv202212.01/FreeRTOSv202212.01/FreeRTOS/Source/tasks.c.obj
                0x10008f68                vTaskInternalSetTimeOutState
 .text.xTaskCheckForTimeOut
                0x10008f80       0xb0 CMakeFiles/source.dir/C_/Users/JORGE/Desktop/Trabajos_Jorge/10mo_semestre/Sistemas_Embebidos/FreeRTOSv202212.01/FreeRTOSv202212.01/FreeRTOS/Source/tasks.c.obj
                0x10008f80                xTaskCheckForTimeOut
 .text.vTaskMissedYield
                0x10009030        0xc CMakeFiles/source.dir/C_/Users/JORGE/Desktop/Trabajos_Jorge/10mo_semestre/Sistemas_Embebidos/FreeRTOSv202212.01/FreeRTOSv202212.01/FreeRTOS/Source/tasks.c.obj
                0x10009030                vTaskMissedYield
 .text.xTaskGetCurrentTaskHandle
                0x1000903c        0xc CMakeFiles/source.dir/C_/Users/JORGE/Desktop/Trabajos_Jorge/10mo_semestre/Sistemas_Embebidos/FreeRTOSv202212.01/FreeRTOSv202212.01/FreeRTOS/Source/tasks.c.obj
                0x1000903c                xTaskGetCurrentTaskHandle
 .text.xTaskGetSchedulerState
                0x10009048       0x24 CMakeFiles/source.dir/C_/Users/JORGE/Desktop/Trabajos_Jorge/10mo_semestre/Sistemas_Embebidos/FreeRTOSv202212.01/FreeRTOSv202212.01/FreeRTOS/Source/tasks.c.obj
                0x10009048                xTaskGetSchedulerState
 .text.xTaskPriorityDisinherit
                0x1000906c       0xc0 CMakeFiles/source.dir/C_/Users/JORGE/Desktop/Trabajos_Jorge/10mo_semestre/Sistemas_Embebidos/FreeRTOSv202212.01/FreeRTOSv202212.01/FreeRTOS/Source/tasks.c.obj
                0x1000906c                xTaskPriorityDisinherit
 .text.uxTaskResetEventItemValue
                0x1000912c       0x18 CMakeFiles/source.dir/C_/Users/JORGE/Desktop/Trabajos_Jorge/10mo_semestre/Sistemas_Embebidos/FreeRTOSv202212.01/FreeRTOSv202212.01/FreeRTOS/Source/tasks.c.obj
                0x1000912c                uxTaskResetEventItemValue
 .text.prvGetNextExpireTime
                0x10009144       0x24 CMakeFiles/source.dir/C_/Users/JORGE/Desktop/Trabajos_Jorge/10mo_semestre/Sistemas_Embebidos/FreeRTOSv202212.01/FreeRTOSv202212.01/FreeRTOS/Source/timers.c.obj
 .text.prvInsertTimerInActiveList
                0x10009168       0x48 CMakeFiles/source.dir/C_/Users/JORGE/Desktop/Trabajos_Jorge/10mo_semestre/Sistemas_Embebidos/FreeRTOSv202212.01/FreeRTOSv202212.01/FreeRTOS/Source/timers.c.obj
 .text.prvReloadTimer
                0x100091b0       0x2a CMakeFiles/source.dir/C_/Users/JORGE/Desktop/Trabajos_Jorge/10mo_semestre/Sistemas_Embebidos/FreeRTOSv202212.01/FreeRTOSv202212.01/FreeRTOS/Source/timers.c.obj
 *fill*         0x100091da        0x2 
 .text.prvProcessExpiredTimer
                0x100091dc       0x3c CMakeFiles/source.dir/C_/Users/JORGE/Desktop/Trabajos_Jorge/10mo_semestre/Sistemas_Embebidos/FreeRTOSv202212.01/FreeRTOSv202212.01/FreeRTOS/Source/timers.c.obj
 .text.prvSwitchTimerLists
                0x10009218       0x30 CMakeFiles/source.dir/C_/Users/JORGE/Desktop/Trabajos_Jorge/10mo_semestre/Sistemas_Embebidos/FreeRTOSv202212.01/FreeRTOSv202212.01/FreeRTOS/Source/timers.c.obj
 .text.prvSampleTimeNow
                0x10009248       0x2c CMakeFiles/source.dir/C_/Users/JORGE/Desktop/Trabajos_Jorge/10mo_semestre/Sistemas_Embebidos/FreeRTOSv202212.01/FreeRTOSv202212.01/FreeRTOS/Source/timers.c.obj
 .text.prvProcessTimerOrBlockTask
                0x10009274       0x70 CMakeFiles/source.dir/C_/Users/JORGE/Desktop/Trabajos_Jorge/10mo_semestre/Sistemas_Embebidos/FreeRTOSv202212.01/FreeRTOSv202212.01/FreeRTOS/Source/timers.c.obj
 .text.prvProcessReceivedCommands
                0x100092e4      0x108 CMakeFiles/source.dir/C_/Users/JORGE/Desktop/Trabajos_Jorge/10mo_semestre/Sistemas_Embebidos/FreeRTOSv202212.01/FreeRTOSv202212.01/FreeRTOS/Source/timers.c.obj
 .text.prvTimerTask
                0x100093ec       0x16 CMakeFiles/source.dir/C_/Users/JORGE/Desktop/Trabajos_Jorge/10mo_semestre/Sistemas_Embebidos/FreeRTOSv202212.01/FreeRTOSv202212.01/FreeRTOS/Source/timers.c.obj
 *fill*         0x10009402        0x2 
 .text.prvCheckForValidListAndQueue
                0x10009404       0x60 CMakeFiles/source.dir/C_/Users/JORGE/Desktop/Trabajos_Jorge/10mo_semestre/Sistemas_Embebidos/FreeRTOSv202212.01/FreeRTOSv202212.01/FreeRTOS/Source/timers.c.obj
 .text.xTimerCreateTimerTask
                0x10009464       0x58 CMakeFiles/source.dir/C_/Users/JORGE/Desktop/Trabajos_Jorge/10mo_semestre/Sistemas_Embebidos/FreeRTOSv202212.01/FreeRTOSv202212.01/FreeRTOS/Source/timers.c.obj
                0x10009464                xTimerCreateTimerTask
 .text.xTimerPendFunctionCallFromISR
                0x100094bc       0x28 CMakeFiles/source.dir/C_/Users/JORGE/Desktop/Trabajos_Jorge/10mo_semestre/Sistemas_Embebidos/FreeRTOSv202212.01/FreeRTOSv202212.01/FreeRTOS/Source/timers.c.obj
                0x100094bc                xTimerPendFunctionCallFromISR
 .text.exception_is_compile_time_default
                0x100094e4       0x20 CMakeFiles/source.dir/C_/Program_Files/Raspberry_Pi/Pico_SDK_v1.5.0/pico-sdk/src/rp2_common/hardware_exception/exception.c.obj
 .text.set_raw_exception_handler_and_restore_interrupts
                0x10009504       0x18 CMakeFiles/source.dir/C_/Program_Files/Raspberry_Pi/Pico_SDK_v1.5.0/pico-sdk/src/rp2_common/hardware_exception/exception.c.obj
 .text.exception_get_vtable_handler
                0x1000951c       0x10 CMakeFiles/source.dir/C_/Program_Files/Raspberry_Pi/Pico_SDK_v1.5.0/pico-sdk/src/rp2_common/hardware_exception/exception.c.obj
                0x1000951c                exception_get_vtable_handler
 .text.exception_set_exclusive_handler
                0x1000952c       0x44 CMakeFiles/source.dir/C_/Program_Files/Raspberry_Pi/Pico_SDK_v1.5.0/pico-sdk/src/rp2_common/hardware_exception/exception.c.obj
                0x1000952c                exception_set_exclusive_handler
 .text.prvHeapInit
                0x10009570       0x58 CMakeFiles/source.dir/C_/Users/JORGE/Desktop/Trabajos_Jorge/10mo_semestre/Sistemas_Embebidos/FreeRTOSv202212.01/FreeRTOSv202212.01/FreeRTOS/Source/portable/MemMang/heap_4.c.obj
 .text.prvInsertBlockIntoFreeList
                0x100095c8       0x54 CMakeFiles/source.dir/C_/Users/JORGE/Desktop/Trabajos_Jorge/10mo_semestre/Sistemas_Embebidos/FreeRTOSv202212.01/FreeRTOSv202212.01/FreeRTOS/Source/portable/MemMang/heap_4.c.obj
 .text.pvPortMalloc
                0x1000961c       0xfc CMakeFiles/source.dir/C_/Users/JORGE/Desktop/Trabajos_Jorge/10mo_semestre/Sistemas_Embebidos/FreeRTOSv202212.01/FreeRTOSv202212.01/FreeRTOS/Source/portable/MemMang/heap_4.c.obj
                0x1000961c                pvPortMalloc
 .text.vPortFree
                0x10009718       0x7c CMakeFiles/source.dir/C_/Users/JORGE/Desktop/Trabajos_Jorge/10mo_semestre/Sistemas_Embebidos/FreeRTOSv202212.01/FreeRTOSv202212.01/FreeRTOS/Source/portable/MemMang/heap_4.c.obj
                0x10009718                vPortFree
 .text.adc_init
                0x10009794       0x34 CMakeFiles/source.dir/C_/Program_Files/Raspberry_Pi/Pico_SDK_v1.5.0/pico-sdk/src/rp2_common/hardware_adc/adc.c.obj
                0x10009794                adc_init
 .text.strlen   0x100097c8       0x5c c:/progra~1/raspbe~1/picosd~1.0/gcc-ar~1/bin/../lib/gcc/arm-none-eabi/10.3.1/../../../../arm-none-eabi/lib/thumb/v6-m/nofp\libg.a(lib_a-strlen-stub.o)
                0x100097c8                strlen
 *(.fini)
 .fini          0x10009824        0x4 c:/progra~1/raspbe~1/picosd~1.0/gcc-ar~1/bin/../lib/gcc/arm-none-eabi/10.3.1/thumb/v6-m/nofp/crti.o
                0x10009824                _fini
 .fini.__stub   0x10009828      0x100 linker stubs
 *crtbegin.o(.ctors)
 *crtbegin?.o(.ctors)
 *(EXCLUDE_FILE(*crtend.o *crtend?.o) .ctors)
 *(SORT_BY_NAME(.ctors.*))
 *(.ctors)
 *crtbegin.o(.dtors)
 *crtbegin?.o(.dtors)
 *(EXCLUDE_FILE(*crtend.o *crtend?.o) .dtors)
 *(SORT_BY_NAME(.dtors.*))
 *(.dtors)
 *(.eh_frame*)
 .eh_frame      0x10009928        0x0 c:/progra~1/raspbe~1/picosd~1.0/gcc-ar~1/bin/../lib/gcc/arm-none-eabi/10.3.1/thumb/v6-m/nofp/crtbegin.o
                0x10009928                . = ALIGN (0x4)

.glue_7         0x10009928        0x0
 .glue_7        0x10009928        0x0 linker stubs

.glue_7t        0x10009928        0x0
 .glue_7t       0x10009928        0x0 linker stubs

.vfp11_veneer   0x10009928        0x0
 .vfp11_veneer  0x10009928        0x0 linker stubs

.v4_bx          0x10009928        0x0
 .v4_bx         0x10009928        0x0 linker stubs

.iplt           0x10009928        0x0
 .iplt          0x10009928        0x0 c:/progra~1/raspbe~1/picosd~1.0/gcc-ar~1/bin/../lib/gcc/arm-none-eabi/10.3.1/thumb/v6-m/nofp/crtbegin.o

.rodata         0x10009928     0x2620
 *(EXCLUDE_FILE(*libm.a: *libc.a:*lib_a-mem*.o *libgcc.a:) .rodata*)
 .rodata.Horn.str1.4
                0x10009928       0x1c CMakeFiles/source.dir/source.c.obj
 .rodata.Front_Lights.str1.4
                0x10009944       0x35 CMakeFiles/source.dir/source.c.obj
 *fill*         0x10009979        0x3 
 .rodata.Forward_1.str1.4
                0x1000997c       0x13 CMakeFiles/source.dir/source.c.obj
 *fill*         0x1000998f        0x1 
 .rodata.Forward_2.str1.4
                0x10009990       0x13 CMakeFiles/source.dir/source.c.obj
 *fill*         0x100099a3        0x1 
 .rodata.Joystick.str1.4
                0x100099a4        0xd CMakeFiles/source.dir/source.c.obj
 *fill*         0x100099b1        0x3 
 .rodata.Turn_Lights.str1.4
                0x100099b4       0x9b CMakeFiles/source.dir/source.c.obj
 *fill*         0x10009a4f        0x1 
 .rodata.main.str1.4
                0x10009a50       0x50 CMakeFiles/source.dir/source.c.obj
 .rodata.nrf24l01_init.str1.4
                0x10009aa0        0x6 CMakeFiles/source.dir/nrf24l01.c.obj
 *fill*         0x10009aa6        0x2 
 .rodata.spin_lock_claim_unused.str1.4
                0x10009aa8       0x1b CMakeFiles/source.dir/C_/Program_Files/Raspberry_Pi/Pico_SDK_v1.5.0/pico-sdk/src/rp2_common/hardware_sync/sync.c.obj
 *fill*         0x10009ac3        0x1 
 .rodata.make_branch.str1.4
                0x10009ac4       0x89 CMakeFiles/source.dir/C_/Program_Files/Raspberry_Pi/Pico_SDK_v1.5.0/pico-sdk/src/rp2_common/hardware_irq/irq.c.obj
 *fill*         0x10009b4d        0x3 
 .rodata.insert_branch_and_link.str1.4
                0x10009b50       0x10 CMakeFiles/source.dir/C_/Program_Files/Raspberry_Pi/Pico_SDK_v1.5.0/pico-sdk/src/rp2_common/hardware_irq/irq.c.obj
 .rodata.irq_set_exclusive_handler.str1.4
                0x10009b60       0x36 CMakeFiles/source.dir/C_/Program_Files/Raspberry_Pi/Pico_SDK_v1.5.0/pico-sdk/src/rp2_common/hardware_irq/irq.c.obj
 *fill*         0x10009b96        0x2 
 .rodata.irq_add_shared_handler.str1.4
                0x10009b98       0xd9 CMakeFiles/source.dir/C_/Program_Files/Raspberry_Pi/Pico_SDK_v1.5.0/pico-sdk/src/rp2_common/hardware_irq/irq.c.obj
 *fill*         0x10009c71        0x3 
 .rodata.irq_remove_handler.str1.4
                0x10009c74       0x3a CMakeFiles/source.dir/C_/Program_Files/Raspberry_Pi/Pico_SDK_v1.5.0/pico-sdk/src/rp2_common/hardware_irq/irq.c.obj
 *fill*         0x10009cae        0x2 
 .rodata.irq_add_tail_to_free_list.str1.4
                0x10009cb0       0x3a CMakeFiles/source.dir/C_/Program_Files/Raspberry_Pi/Pico_SDK_v1.5.0/pico-sdk/src/rp2_common/hardware_irq/irq.c.obj