Archive member included to satisfy reference by file (symbol)

c:/progra~1/raspberry pi/pico sdk v1.5.0/gcc-arm-none-eabi/bin/../lib/gcc/arm-none-eabi/10.3.1/thumb/v6-m/nofp\libgcc.a(_dvmd_tls.o)
                              prx/CMakeFiles/prx.dir/C_/Program_Files/Raspberry_Pi/Pico_SDK_v1.5.0/pico-sdk/src/rp2_common/pico_divider/divider.S.obj (__aeabi_idiv0)
c:/progra~1/raspberry pi/pico sdk v1.5.0/gcc-arm-none-eabi/bin/../lib/gcc/arm-none-eabi/10.3.1/../../../../arm-none-eabi/lib/thumb/v6-m/nofp\libg.a(lib_a-calloc.o)
                              prx/CMakeFiles/prx.dir/C_/Program_Files/Raspberry_Pi/Pico_SDK_v1.5.0/pico-sdk/src/rp2_common/pico_malloc/pico_malloc.c.obj (calloc)
c:/progra~1/raspberry pi/pico sdk v1.5.0/gcc-arm-none-eabi/bin/../lib/gcc/arm-none-eabi/10.3.1/../../../../arm-none-eabi/lib/thumb/v6-m/nofp\libg.a(lib_a-callocr.o)
                              c:/progra~1/raspberry pi/pico sdk v1.5.0/gcc-arm-none-eabi/bin/../lib/gcc/arm-none-eabi/10.3.1/../../../../arm-none-eabi/lib/thumb/v6-m/nofp\libg.a(lib_a-calloc.o) (_calloc_r)
c:/progra~1/raspberry pi/pico sdk v1.5.0/gcc-arm-none-eabi/bin/../lib/gcc/arm-none-eabi/10.3.1/../../../../arm-none-eabi/lib/thumb/v6-m/nofp\libg.a(lib_a-errno.o)
                              c:/progra~1/raspberry pi/pico sdk v1.5.0/gcc-arm-none-eabi/bin/../lib/gcc/arm-none-eabi/10.3.1/../../../../arm-none-eabi/lib/thumb/v6-m/nofp\libg.a(lib_a-callocr.o) (__errno)
c:/progra~1/raspberry pi/pico sdk v1.5.0/gcc-arm-none-eabi/bin/../lib/gcc/arm-none-eabi/10.3.1/../../../../arm-none-eabi/lib/thumb/v6-m/nofp\libg.a(lib_a-impure.o)
                              c:/progra~1/raspberry pi/pico sdk v1.5.0/gcc-arm-none-eabi/bin/../lib/gcc/arm-none-eabi/10.3.1/../../../../arm-none-eabi/lib/thumb/v6-m/nofp\libg.a(lib_a-calloc.o) (_impure_ptr)
c:/progra~1/raspberry pi/pico sdk v1.5.0/gcc-arm-none-eabi/bin/../lib/gcc/arm-none-eabi/10.3.1/../../../../arm-none-eabi/lib/thumb/v6-m/nofp\libg.a(lib_a-init.o)
                              c:/progra~1/raspberry pi/pico sdk v1.5.0/gcc-arm-none-eabi/bin/../lib/gcc/arm-none-eabi/10.3.1/../../../../arm-none-eabi/lib/thumb/v6-m/nofp/crt0.o (__libc_init_array)
c:/progra~1/raspberry pi/pico sdk v1.5.0/gcc-arm-none-eabi/bin/../lib/gcc/arm-none-eabi/10.3.1/../../../../arm-none-eabi/lib/thumb/v6-m/nofp\libg.a(lib_a-malloc.o)
                              prx/CMakeFiles/prx.dir/C_/Program_Files/Raspberry_Pi/Pico_SDK_v1.5.0/pico-sdk/src/rp2_common/pico_malloc/pico_malloc.c.obj (malloc)
c:/progra~1/raspberry pi/pico sdk v1.5.0/gcc-arm-none-eabi/bin/../lib/gcc/arm-none-eabi/10.3.1/../../../../arm-none-eabi/lib/thumb/v6-m/nofp\libg.a(lib_a-mallocr.o)
                              c:/progra~1/raspberry pi/pico sdk v1.5.0/gcc-arm-none-eabi/bin/../lib/gcc/arm-none-eabi/10.3.1/../../../../arm-none-eabi/lib/thumb/v6-m/nofp\libg.a(lib_a-callocr.o) (_malloc_r)
c:/progra~1/raspberry pi/pico sdk v1.5.0/gcc-arm-none-eabi/bin/../lib/gcc/arm-none-eabi/10.3.1/../../../../arm-none-eabi/lib/thumb/v6-m/nofp\libg.a(lib_a-mlock.o)
                              c:/progra~1/raspberry pi/pico sdk v1.5.0/gcc-arm-none-eabi/bin/../lib/gcc/arm-none-eabi/10.3.1/../../../../arm-none-eabi/lib/thumb/v6-m/nofp\libg.a(lib_a-mallocr.o) (__malloc_lock)
c:/progra~1/raspberry pi/pico sdk v1.5.0/gcc-arm-none-eabi/bin/../lib/gcc/arm-none-eabi/10.3.1/../../../../arm-none-eabi/lib/thumb/v6-m/nofp\libg.a(lib_a-realloc.o)
                              prx/CMakeFiles/prx.dir/C_/Program_Files/Raspberry_Pi/Pico_SDK_v1.5.0/pico-sdk/src/rp2_common/pico_malloc/pico_malloc.c.obj (realloc)
c:/progra~1/raspberry pi/pico sdk v1.5.0/gcc-arm-none-eabi/bin/../lib/gcc/arm-none-eabi/10.3.1/../../../../arm-none-eabi/lib/thumb/v6-m/nofp\libg.a(lib_a-reallocr.o)
                              c:/progra~1/raspberry pi/pico sdk v1.5.0/gcc-arm-none-eabi/bin/../lib/gcc/arm-none-eabi/10.3.1/../../../../arm-none-eabi/lib/thumb/v6-m/nofp\libg.a(lib_a-realloc.o) (_realloc_r)
c:/progra~1/raspberry pi/pico sdk v1.5.0/gcc-arm-none-eabi/bin/../lib/gcc/arm-none-eabi/10.3.1/../../../../arm-none-eabi/lib/thumb/v6-m/nofp\libg.a(lib_a-sbrkr.o)
                              c:/progra~1/raspberry pi/pico sdk v1.5.0/gcc-arm-none-eabi/bin/../lib/gcc/arm-none-eabi/10.3.1/../../../../arm-none-eabi/lib/thumb/v6-m/nofp\libg.a(lib_a-mallocr.o) (_sbrk_r)
c:/progra~1/raspberry pi/pico sdk v1.5.0/gcc-arm-none-eabi/bin/../lib/gcc/arm-none-eabi/10.3.1/../../../../arm-none-eabi/lib/thumb/v6-m/nofp\libg.a(lib_a-strlen-stub.o)
                              prx/CMakeFiles/prx.dir/C_/Program_Files/Raspberry_Pi/Pico_SDK_v1.5.0/pico-sdk/src/rp2_common/pico_stdio/stdio.c.obj (strlen)
c:/progra~1/raspberry pi/pico sdk v1.5.0/gcc-arm-none-eabi/bin/../lib/gcc/arm-none-eabi/10.3.1/../../../../arm-none-eabi/lib/thumb/v6-m/nofp\libg.a(lib_a-freer.o)
                              c:/progra~1/raspberry pi/pico sdk v1.5.0/gcc-arm-none-eabi/bin/../lib/gcc/arm-none-eabi/10.3.1/../../../../arm-none-eabi/lib/thumb/v6-m/nofp\libg.a(lib_a-malloc.o) (_free_r)
[...]
Memory Configuration

Name             Origin             Length             Attributes
FLASH            0x10000000         0x00200000         xr
RAM              0x20000000         0x00040000         xrw
SCRATCH_X        0x20040000         0x00001000         xrw
SCRATCH_Y        0x20041000         0x00001000         xrw
*default*        0x00000000         0xffffffff

Linker script and memory map

LOAD c:/progra~1/raspberry pi/pico sdk v1.5.0/gcc-arm-none-eabi/bin/../lib/gcc/arm-none-eabi/10.3.1/thumb/v6-m/nofp/crti.o
LOAD c:/progra~1/raspberry pi/pico sdk v1.5.0/gcc-arm-none-eabi/bin/../lib/gcc/arm-none-eabi/10.3.1/thumb/v6-m/nofp/crtbegin.o
LOAD c:/progra~1/raspberry pi/pico sdk v1.5.0/gcc-arm-none-eabi/bin/../lib/gcc/arm-none-eabi/10.3.1/../../../../arm-none-eabi/lib/thumb/v6-m/nofp/crt0.o

.flash_begin    0x10000000        0x0
                0x10000000                __flash_binary_start = .

.boot2          0x10000000      0x100
                0x10000000                __boot2_start__ = .
 *(.boot2)
 .boot2         0x10000000      0x100 C:\Users\lucot\AppData\Local\Temp\ccOjvJJl.o
                0x10000100                __boot2_end__ = .
                0x00000001                ASSERT (((__boot2_end__ - __boot2_start__) == 0x100), ERROR: Pico second stage bootloader must be 256 bytes in size)

.text           0x10000100     0xa8c0
                0x10000100                __logical_binary_start = .
 *(.vectors)
 .vectors       0x10000100       0xd4 prx/CMakeFiles/prx.dir/C_/Program_Files/Raspberry_Pi/Pico_SDK_v1.5.0/pico-sdk/src/rp2_common/pico_standard_link/crt0.S.obj
                0x10000100                __VECTOR_TABLE
                0x10000100                __vectors
                0x100001c0                isr_invalid
                0x100001c0                __default_isrs_start
                0x100001c2                isr_nmi
                0x100001c4                isr_hardfault
                0x100001c6                isr_svcall
                0x100001c8                isr_pendsv
                0x100001ca                isr_systick
                0x100001cc                isr_irq23
                0x100001cc                isr_irq18
                0x100001cc                isr_irq11
                0x100001cc                isr_irq28
                0x100001cc                isr_irq19
                0x100001cc                isr_irq0
                0x100001cc                isr_irq6
                0x100001cc                isr_irq5
                0x100001cc                isr_irq12
                0x100001cc                isr_irq22
                0x100001cc                isr_irq31
                0x100001cc                isr_irq17
                0x100001cc                isr_irq27
                0x100001cc                isr_irq30
                0x100001cc                isr_irq2
                0x100001cc                isr_irq10
                0x100001cc                isr_irq8
                0x100001cc                isr_irq24
                0x100001cc                isr_irq1
                0x100001cc                isr_irq7
                0x100001cc                isr_irq21
                0x100001cc                isr_irq20
                0x100001cc                isr_irq15
                0x100001cc                isr_irq25
                0x100001cc                isr_irq13
                0x100001cc                __unhandled_user_irq
                0x100001cc                isr_irq4
                0x100001cc                isr_irq16
                0x100001cc                isr_irq29
                0x100001cc                isr_irq26
                0x100001cc                __default_isrs_end
                0x100001cc                isr_irq3
                0x100001cc                isr_irq14
                0x100001cc                isr_irq9
                0x100001d2                unhandled_user_irq_num_in_r0
 *(.binary_info_header)
 .binary_info_header
                0x100001d4       0x14 prx/CMakeFiles/prx.dir/C_/Program_Files/Raspberry_Pi/Pico_SDK_v1.5.0/pico-sdk/src/rp2_common/pico_standard_link/crt0.S.obj
                0x100001e8                __binary_info_header_end = .
 *(.reset)
 .reset         0x100001e8       0xa0 prx/CMakeFiles/prx.dir/C_/Program_Files/Raspberry_Pi/Pico_SDK_v1.5.0/pico-sdk/src/rp2_common/pico_standard_link/crt0.S.obj
                0x100001e8                _entry_point
 .reset         0x10000288       0x30 prx/CMakeFiles/prx.dir/C_/Program_Files/Raspberry_Pi/Pico_SDK_v1.5.0/pico-sdk/src/rp2_common/pico_standard_link/binary_info.c.obj
 *(.init)
 .init          0x100002b8        0x4 c:/progra~1/raspberry pi/pico sdk v1.5.0/gcc-arm-none-eabi/bin/../lib/gcc/arm-none-eabi/10.3.1/thumb/v6-m/nofp/crti.o
                0x100002b8                _init
 *(EXCLUDE_FILE(*libm.a: *libc.a:*lib_a-mem*.o *libgcc.a:) .text*)
 .text          0x100002bc       0x48 c:/progra~1/raspberry pi/pico sdk v1.5.0/gcc-arm-none-eabi/bin/../lib/gcc/arm-none-eabi/10.3.1/thumb/v6-m/nofp/crtbegin.o
 .text.gpio_irq_handler
                0x10000304       0x1c prx/CMakeFiles/prx.dir/prx.c.obj
                0x10000304                gpio_irq_handler
 .text.vReceiveRF
                0x10000320      0x1f0 prx/CMakeFiles/prx.dir/prx.c.obj
                0x10000320                vReceiveRF
 .text.vSpeedControl
                0x10000510       0x18 prx/CMakeFiles/prx.dir/prx.c.obj
                0x10000510                vSpeedControl
 .text.vSteeringControl
                0x10000528       0x18 prx/CMakeFiles/prx.dir/prx.c.obj
                0x10000528                vSteeringControl
 .text.vLeftTurn
                0x10000540       0x18 prx/CMakeFiles/prx.dir/prx.c.obj
                0x10000540                vLeftTurn
 .text.vRightTurn
                0x10000558       0x18 prx/CMakeFiles/prx.dir/prx.c.obj
                0x10000558                vRightTurn
 .text.vBlinkers
                0x10000570       0x34 prx/CMakeFiles/prx.dir/prx.c.obj
                0x10000570                vBlinkers
 .text.vFrontLights
                0x100005a4       0x34 prx/CMakeFiles/prx.dir/prx.c.obj
                0x100005a4                vFrontLights
 .text.vBuzzer  0x100005d8       0x34 prx/CMakeFiles/prx.dir/prx.c.obj
                0x100005d8                vBuzzer
 .text.main     0x1000060c      0x1bc prx/CMakeFiles/prx.dir/prx.c.obj
                0x1000060c                main
 .text.gpio_set_function
                0x100007c8       0x30 prx/CMakeFiles/prx.dir/C_/Program_Files/Raspberry_Pi/Pico_SDK_v1.5.0/pico-sdk/src/rp2_common/hardware_gpio/gpio.c.obj
                0x100007c8                gpio_set_function
 .text.gpio_set_irq_callback
                0x100007f8       0x48 prx/CMakeFiles/prx.dir/C_/Program_Files/Raspberry_Pi/Pico_SDK_v1.5.0/pico-sdk/src/rp2_common/hardware_gpio/gpio.c.obj
                0x100007f8                gpio_set_irq_callback
 .text.gpio_acknowledge_irq
                0x10000840       0x18 prx/CMakeFiles/prx.dir/C_/Program_Files/Raspberry_Pi/Pico_SDK_v1.5.0/pico-sdk/src/rp2_common/hardware_gpio/gpio.c.obj
                0x10000840                gpio_acknowledge_irq
 .text._gpio_set_irq_enabled
                0x10000858       0x34 prx/CMakeFiles/prx.dir/C_/Program_Files/Raspberry_Pi/Pico_SDK_v1.5.0/pico-sdk/src/rp2_common/hardware_gpio/gpio.c.obj
 .text.gpio_set_irq_enabled
                0x1000088c       0x20 prx/CMakeFiles/prx.dir/C_/Program_Files/Raspberry_Pi/Pico_SDK_v1.5.0/pico-sdk/src/rp2_common/hardware_gpio/gpio.c.obj
                0x1000088c                gpio_set_irq_enabled
 .text.gpio_set_irq_enabled_with_callback
                0x100008ac       0x20 prx/CMakeFiles/prx.dir/C_/Program_Files/Raspberry_Pi/Pico_SDK_v1.5.0/pico-sdk/src/rp2_common/hardware_gpio/gpio.c.obj
                0x100008ac                gpio_set_irq_enabled_with_callback
 .text.gpio_default_irq_handler
                0x100008cc       0x98 prx/CMakeFiles/prx.dir/C_/Program_Files/Raspberry_Pi/Pico_SDK_v1.5.0/pico-sdk/src/rp2_common/hardware_gpio/gpio.c.obj
 .text.gpio_init
                0x10000964       0x16 prx/CMakeFiles/prx.dir/C_/Program_Files/Raspberry_Pi/Pico_SDK_v1.5.0/pico-sdk/src/rp2_common/hardware_gpio/gpio.c.obj
                0x10000964                gpio_init
 *fill*         0x1000097a        0x2 
 .text.running_on_fpga
                0x1000097c       0x14 prx/CMakeFiles/prx.dir/C_/Program_Files/Raspberry_Pi/Pico_SDK_v1.5.0/pico-sdk/src/rp2_common/pico_platform/platform.c.obj
                0x1000097c                running_on_fpga
 .text.hw_claim_lock
                0x10000990       0x18 prx/CMakeFiles/prx.dir/C_/Program_Files/Raspberry_Pi/Pico_SDK_v1.5.0/pico-sdk/src/rp2_common/hardware_claim/claim.c.obj
                0x10000990                hw_claim_lock
 .text.hw_claim_unlock
                0x100009a8       0x14 prx/CMakeFiles/prx.dir/C_/Program_Files/Raspberry_Pi/Pico_SDK_v1.5.0/pico-sdk/src/rp2_common/hardware_claim/claim.c.obj
                0x100009a8                hw_claim_unlock
 .text.hw_claim_or_assert
                0x100009bc       0x32 prx/CMakeFiles/prx.dir/C_/Program_Files/Raspberry_Pi/Pico_SDK_v1.5.0/pico-sdk/src/rp2_common/hardware_claim/claim.c.obj
                0x100009bc                hw_claim_or_assert
 .text.hw_claim_unused_from_range
                0x100009ee       0x50 prx/CMakeFiles/prx.dir/C_/Program_Files/Raspberry_Pi/Pico_SDK_v1.5.0/pico-sdk/src/rp2_common/hardware_claim/claim.c.obj
                0x100009ee                hw_claim_unused_from_range
 *fill*         0x10000a3e        0x2 
 .text.spin_locks_reset
                0x10000a40       0x20 prx/CMakeFiles/prx.dir/C_/Program_Files/Raspberry_Pi/Pico_SDK_v1.5.0/pico-sdk/src/rp2_common/hardware_sync/sync.c.obj
                0x10000a40                spin_locks_reset
 .text.next_striped_spin_lock_num
                0x10000a60       0x1c prx/CMakeFiles/prx.dir/C_/Program_Files/Raspberry_Pi/Pico_SDK_v1.5.0/pico-sdk/src/rp2_common/hardware_sync/sync.c.obj
                0x10000a60                next_striped_spin_lock_num
 .text.spin_lock_claim_unused
                0x10000a7c       0x20 prx/CMakeFiles/prx.dir/C_/Program_Files/Raspberry_Pi/Pico_SDK_v1.5.0/pico-sdk/src/rp2_common/hardware_sync/sync.c.obj
                0x10000a7c                spin_lock_claim_unused
 .text.set_raw_irq_handler_and_unlock
                0x10000a9c       0x28 prx/CMakeFiles/prx.dir/C_/Program_Files/Raspberry_Pi/Pico_SDK_v1.5.0/pico-sdk/src/rp2_common/hardware_irq/irq.c.obj
 .text.make_branch
                0x10000ac4       0x48 prx/CMakeFiles/prx.dir/C_/Program_Files/Raspberry_Pi/Pico_SDK_v1.5.0/pico-sdk/src/rp2_common/hardware_irq/irq.c.obj
 .text.insert_branch_and_link
                0x10000b0c       0x40 prx/CMakeFiles/prx.dir/C_/Program_Files/Raspberry_Pi/Pico_SDK_v1.5.0/pico-sdk/src/rp2_common/hardware_irq/irq.c.obj
 .text.irq_is_enabled
                0x10000b4c       0x18 prx/CMakeFiles/prx.dir/C_/Program_Files/Raspberry_Pi/Pico_SDK_v1.5.0/pico-sdk/src/rp2_common/hardware_irq/irq.c.obj
                0x10000b4c                irq_is_enabled
 .text.irq_set_mask_enabled
                0x10000b64       0x20 prx/CMakeFiles/prx.dir/C_/Program_Files/Raspberry_Pi/Pico_SDK_v1.5.0/pico-sdk/src/rp2_common/hardware_irq/irq.c.obj
                0x10000b64                irq_set_mask_enabled
 .text.irq_set_enabled
                0x10000b84        0xe prx/CMakeFiles/prx.dir/C_/Program_Files/Raspberry_Pi/Pico_SDK_v1.5.0/pico-sdk/src/rp2_common/hardware_irq/irq.c.obj
                0x10000b84                irq_set_enabled
 *fill*         0x10000b92        0x2 
 .text.irq_set_pending
                0x10000b94       0x10 prx/CMakeFiles/prx.dir/C_/Program_Files/Raspberry_Pi/Pico_SDK_v1.5.0/pico-sdk/src/rp2_common/hardware_irq/irq.c.obj
                0x10000b94                irq_set_pending
 .text.irq_get_vtable_handler
                0x10000ba4       0x10 prx/CMakeFiles/prx.dir/C_/Program_Files/Raspberry_Pi/Pico_SDK_v1.5.0/pico-sdk/src/rp2_common/hardware_irq/irq.c.obj
                0x10000ba4                irq_get_vtable_handler
 .text.irq_has_shared_handler
                0x10000bb4       0x24 prx/CMakeFiles/prx.dir/C_/Program_Files/Raspberry_Pi/Pico_SDK_v1.5.0/pico-sdk/src/rp2_common/hardware_irq/irq.c.obj
                0x10000bb4                irq_has_shared_handler
 .text.irq_set_exclusive_handler
                0x10000bd8       0x54 prx/CMakeFiles/prx.dir/C_/Program_Files/Raspberry_Pi/Pico_SDK_v1.5.0/pico-sdk/src/rp2_common/hardware_irq/irq.c.obj
                0x10000bd8                irq_set_exclusive_handler
 .text.irq_add_shared_handler
                0x10000c2c      0x234 prx/CMakeFiles/prx.dir/C_/Program_Files/Raspberry_Pi/Pico_SDK_v1.5.0/pico-sdk/src/rp2_common/hardware_irq/irq.c.obj
                0x10000c2c                irq_add_shared_handler
 .text.irq_remove_handler
                0x10000e60      0x1ac prx/CMakeFiles/prx.dir/C_/Program_Files/Raspberry_Pi/Pico_SDK_v1.5.0/pico-sdk/src/rp2_common/hardware_irq/irq.c.obj
                0x10000e60                irq_remove_handler
 .text.irq_add_tail_to_free_list
                0x1000100c       0xf0 prx/CMakeFiles/prx.dir/C_/Program_Files/Raspberry_Pi/Pico_SDK_v1.5.0/pico-sdk/src/rp2_common/hardware_irq/irq.c.obj
                0x1000100c                irq_add_tail_to_free_list
 .text.irq_init_priorities
                0x100010fc       0x1c prx/CMakeFiles/prx.dir/C_/Program_Files/Raspberry_Pi/Pico_SDK_v1.5.0/pico-sdk/src/rp2_common/hardware_irq/irq.c.obj
                0x100010fc                irq_init_priorities
 .text.user_irq_claim_unused
                0x10001118       0x28 prx/CMakeFiles/prx.dir/C_/Program_Files/Raspberry_Pi/Pico_SDK_v1.5.0/pico-sdk/src/rp2_common/hardware_irq/irq.c.obj
                0x10001118                user_irq_claim_unused
 .text.lock_init
                0x10001140       0x10 prx/CMakeFiles/prx.dir/C_/Program_Files/Raspberry_Pi/Pico_SDK_v1.5.0/pico-sdk/src/common/pico_sync/lock_core.c.obj
                0x10001140                lock_init
 .text.mutex_init
                0x10001150       0x1c prx/CMakeFiles/prx.dir/C_/Program_Files/Raspberry_Pi/Pico_SDK_v1.5.0/pico-sdk/src/common/pico_sync/mutex.c.obj
                0x10001150                mutex_init
 .text.recursive_mutex_init
                0x1000116c       0x20 prx/CMakeFiles/prx.dir/C_/Program_Files/Raspberry_Pi/Pico_SDK_v1.5.0/pico-sdk/src/common/pico_sync/mutex.c.obj
                0x1000116c                recursive_mutex_init
 .text.critical_section_init_with_lock_num
                0x1000118c       0x14 prx/CMakeFiles/prx.dir/C_/Program_Files/Raspberry_Pi/Pico_SDK_v1.5.0/pico-sdk/src/common/pico_sync/critical_section.c.obj
                0x1000118c                critical_section_init_with_lock_num
 .text.critical_section_init
                0x100011a0       0x14 prx/CMakeFiles/prx.dir/C_/Program_Files/Raspberry_Pi/Pico_SDK_v1.5.0/pico-sdk/src/common/pico_sync/critical_section.c.obj
                0x100011a0                critical_section_init
 .text.alarm_pool_post_alloc_init
                0x100011b4       0x40 prx/CMakeFiles/prx.dir/C_/Program_Files/Raspberry_Pi/Pico_SDK_v1.5.0/pico-sdk/src/common/pico_time/time.c.obj
 .text.sleep_until_callback
                0x100011f4       0x28 prx/CMakeFiles/prx.dir/C_/Program_Files/Raspberry_Pi/Pico_SDK_v1.5.0/pico-sdk/src/common/pico_time/time.c.obj
 .text.timer_pool_entry_comparator
                0x1000121c       0x7c prx/CMakeFiles/prx.dir/C_/Program_Files/Raspberry_Pi/Pico_SDK_v1.5.0/pico-sdk/src/common/pico_time/time.c.obj
                0x1000121c                timer_pool_entry_comparator
 .text.ph_add_child_node
                0x10001298       0xa4 prx/CMakeFiles/prx.dir/C_/Program_Files/Raspberry_Pi/Pico_SDK_v1.5.0/pico-sdk/src/common/pico_time/time.c.obj
 .text.ph_merge_nodes
                0x1000133c       0x3e prx/CMakeFiles/prx.dir/C_/Program_Files/Raspberry_Pi/Pico_SDK_v1.5.0/pico-sdk/src/common/pico_time/time.c.obj
 *fill*         0x1000137a        0x2 
 .text.add_alarm_under_lock
                0x1000137c      0x174 prx/CMakeFiles/prx.dir/C_/Program_Files/Raspberry_Pi/Pico_SDK_v1.5.0/pico-sdk/src/common/pico_time/time.c.obj
 .text.alarm_pool_alarm_callback
                0x100014f0      0x33c prx/CMakeFiles/prx.dir/C_/Program_Files/Raspberry_Pi/Pico_SDK_v1.5.0/pico-sdk/src/common/pico_time/time.c.obj
 .text.alarm_pool_init_default
                0x1000182c       0x40 prx/CMakeFiles/prx.dir/C_/Program_Files/Raspberry_Pi/Pico_SDK_v1.5.0/pico-sdk/src/common/pico_time/time.c.obj
                0x1000182c                alarm_pool_init_default
 .text.alarm_pool_get_default
                0x1000186c       0x2c prx/CMakeFiles/prx.dir/C_/Program_Files/Raspberry_Pi/Pico_SDK_v1.5.0/pico-sdk/src/common/pico_time/time.c.obj
                0x1000186c                alarm_pool_get_default
 .text.alarm_pool_add_alarm_at
                0x10001898      0x168 prx/CMakeFiles/prx.dir/C_/Program_Files/Raspberry_Pi/Pico_SDK_v1.5.0/pico-sdk/src/common/pico_time/time.c.obj
                0x10001898                alarm_pool_add_alarm_at
 .text.alarm_pool_cancel_alarm
                0x10001a00       0xf0 prx/CMakeFiles/prx.dir/C_/Program_Files/Raspberry_Pi/Pico_SDK_v1.5.0/pico-sdk/src/common/pico_time/time.c.obj
                0x10001a00                alarm_pool_cancel_alarm
 .text.alarm_pool_core_num
                0x10001af0        0x4 prx/CMakeFiles/prx.dir/C_/Program_Files/Raspberry_Pi/Pico_SDK_v1.5.0/pico-sdk/src/common/pico_time/time.c.obj
                0x10001af0                alarm_pool_core_num
 .text.sleep_until
                0x10001af4       0xf0 prx/CMakeFiles/prx.dir/C_/Program_Files/Raspberry_Pi/Pico_SDK_v1.5.0/pico-sdk/src/common/pico_time/time.c.obj
                0x10001af4                sleep_until
 .text.sleep_us
                0x10001be4       0x58 prx/CMakeFiles/prx.dir/C_/Program_Files/Raspberry_Pi/Pico_SDK_v1.5.0/pico-sdk/src/common/pico_time/time.c.obj
                0x10001be4                sleep_us
 .text.sleep_ms
                0x10001c3c       0x14 prx/CMakeFiles/prx.dir/C_/Program_Files/Raspberry_Pi/Pico_SDK_v1.5.0/pico-sdk/src/common/pico_time/time.c.obj
                0x10001c3c                sleep_ms
 .text.best_effort_wfe_or_timeout
                0x10001c50       0xac prx/CMakeFiles/prx.dir/C_/Program_Files/Raspberry_Pi/Pico_SDK_v1.5.0/pico-sdk/src/common/pico_time/time.c.obj
                0x10001c50                best_effort_wfe_or_timeout
 .text.hardware_alarm_irq_handler
                0x10001cfc       0x90 prx/CMakeFiles/prx.dir/C_/Program_Files/Raspberry_Pi/Pico_SDK_v1.5.0/pico-sdk/src/rp2_common/hardware_timer/timer.c.obj
 .text.hardware_alarm_claim
                0x10001d8c       0x18 prx/CMakeFiles/prx.dir/C_/Program_Files/Raspberry_Pi/Pico_SDK_v1.5.0/pico-sdk/src/rp2_common/hardware_timer/timer.c.obj
                0x10001d8c                hardware_alarm_claim
 .text.time_us_64
                0x10001da4       0x18 prx/CMakeFiles/prx.dir/C_/Program_Files/Raspberry_Pi/Pico_SDK_v1.5.0/pico-sdk/src/rp2_common/hardware_timer/timer.c.obj
                0x10001da4                time_us_64
 .text.busy_wait_until
                0x10001dbc       0x28 prx/CMakeFiles/prx.dir/C_/Program_Files/Raspberry_Pi/Pico_SDK_v1.5.0/pico-sdk/src/rp2_common/hardware_timer/timer.c.obj
                0x10001dbc                busy_wait_until
 .text.hardware_alarm_set_callback
                0x10001de4       0x90 prx/CMakeFiles/prx.dir/C_/Program_Files/Raspberry_Pi/Pico_SDK_v1.5.0/pico-sdk/src/rp2_common/hardware_timer/timer.c.obj
                0x10001de4                hardware_alarm_set_callback
 .text.hardware_alarm_set_target
                0x10001e74       0xe8 prx/CMakeFiles/prx.dir/C_/Program_Files/Raspberry_Pi/Pico_SDK_v1.5.0/pico-sdk/src/rp2_common/hardware_timer/timer.c.obj
                0x10001e74                hardware_alarm_set_target
 .text.hardware_alarm_cancel
                0x10001f5c       0x40 prx/CMakeFiles/prx.dir/C_/Program_Files/Raspberry_Pi/Pico_SDK_v1.5.0/pico-sdk/src/rp2_common/hardware_timer/timer.c.obj
                0x10001f5c                hardware_alarm_cancel
 .text.ph_add_child_node
                0x10001f9c       0xa4 prx/CMakeFiles/prx.dir/C_/Program_Files/Raspberry_Pi/Pico_SDK_v1.5.0/pico-sdk/src/common/pico_util/pheap.c.obj
 .text.ph_merge_nodes
                0x10002040       0x3e prx/CMakeFiles/prx.dir/C_/Program_Files/Raspberry_Pi/Pico_SDK_v1.5.0/pico-sdk/src/common/pico_util/pheap.c.obj
 *fill*         0x1000207e        0x2 
 .text.ph_clear
                0x10002080       0x70 prx/CMakeFiles/prx.dir/C_/Program_Files/Raspberry_Pi/Pico_SDK_v1.5.0/pico-sdk/src/common/pico_util/pheap.c.obj
                0x10002080                ph_clear
 .text.ph_post_alloc_init
                0x100020f0        0xe prx/CMakeFiles/prx.dir/C_/Program_Files/Raspberry_Pi/Pico_SDK_v1.5.0/pico-sdk/src/common/pico_util/pheap.c.obj
                0x100020f0                ph_post_alloc_init
 *fill*         0x100020fe        0x2 
 .text.ph_merge_two_pass
                0x10002100       0xa8 prx/CMakeFiles/prx.dir/C_/Program_Files/Raspberry_Pi/Pico_SDK_v1.5.0/pico-sdk/src/common/pico_util/pheap.c.obj
                0x10002100                ph_merge_two_pass
 .text.ph_remove_any_head
                0x100021a8      0x128 prx/CMakeFiles/prx.dir/C_/Program_Files/Raspberry_Pi/Pico_SDK_v1.5.0/pico-sdk/src/common/pico_util/pheap.c.obj
 .text.ph_remove_head
                0x100022d0       0x14 prx/CMakeFiles/prx.dir/C_/Program_Files/Raspberry_Pi/Pico_SDK_v1.5.0/pico-sdk/src/common/pico_util/pheap.c.obj
                0x100022d0                ph_remove_head
 .text.ph_remove_and_free_node
                0x100022e4       0xf8 prx/CMakeFiles/prx.dir/C_/Program_Files/Raspberry_Pi/Pico_SDK_v1.5.0/pico-sdk/src/common/pico_util/pheap.c.obj
                0x100022e4                ph_remove_and_free_node
 .text.queue_add_internal
                0x100023dc       0x98 prx/CMakeFiles/prx.dir/C_/Program_Files/Raspberry_Pi/Pico_SDK_v1.5.0/pico-sdk/src/common/pico_util/queue.c.obj
 .text.queue_remove_internal
                0x10002474       0x98 prx/CMakeFiles/prx.dir/C_/Program_Files/Raspberry_Pi/Pico_SDK_v1.5.0/pico-sdk/src/common/pico_util/queue.c.obj
 .text.queue_init_with_spinlock
                0x1000250c       0x24 prx/CMakeFiles/prx.dir/C_/Program_Files/Raspberry_Pi/Pico_SDK_v1.5.0/pico-sdk/src/common/pico_util/queue.c.obj
                0x1000250c                queue_init_with_spinlock
 .text.queue_add_blocking
                0x10002530        0xa prx/CMakeFiles/prx.dir/C_/Program_Files/Raspberry_Pi/Pico_SDK_v1.5.0/pico-sdk/src/common/pico_util/queue.c.obj
                0x10002530                queue_add_blocking
 .text.queue_remove_blocking
                0x1000253a        0xa prx/CMakeFiles/prx.dir/C_/Program_Files/Raspberry_Pi/Pico_SDK_v1.5.0/pico-sdk/src/common/pico_util/queue.c.obj
                0x1000253a                queue_remove_blocking
 .text.clock_configure
                0x10002544      0x104 prx/CMakeFiles/prx.dir/C_/Program_Files/Raspberry_Pi/Pico_SDK_v1.5.0/pico-sdk/src/rp2_common/hardware_clocks/clocks.c.obj
                0x10002544                clock_configure
 .text.clocks_init
                0x10002648      0x100 prx/CMakeFiles/prx.dir/C_/Program_Files/Raspberry_Pi/Pico_SDK_v1.5.0/pico-sdk/src/rp2_common/hardware_clocks/clocks.c.obj
                0x10002648                clocks_init
 .text.clock_get_hz
                0x10002748        0xc prx/CMakeFiles/prx.dir/C_/Program_Files/Raspberry_Pi/Pico_SDK_v1.5.0/pico-sdk/src/rp2_common/hardware_clocks/clocks.c.obj
                0x10002748                clock_get_hz
 .text.pll_init
                0x10002754      0x12c prx/CMakeFiles/prx.dir/C_/Program_Files/Raspberry_Pi/Pico_SDK_v1.5.0/pico-sdk/src/rp2_common/hardware_pll/pll.c.obj
                0x10002754                pll_init
 .text.watchdog_start_tick
                0x10002880       0x10 prx/CMakeFiles/prx.dir/C_/Program_Files/Raspberry_Pi/Pico_SDK_v1.5.0/pico-sdk/src/rp2_common/hardware_watchdog/watchdog.c.obj
                0x10002880                watchdog_start_tick
 .text.watchdog_update
                0x10002890       0x14 prx/CMakeFiles/prx.dir/C_/Program_Files/Raspberry_Pi/Pico_SDK_v1.5.0/pico-sdk/src/rp2_common/hardware_watchdog/watchdog.c.obj
                0x10002890                watchdog_update
 .text._watchdog_enable
                0x100028a4       0x78 prx/CMakeFiles/prx.dir/C_/Program_Files/Raspberry_Pi/Pico_SDK_v1.5.0/pico-sdk/src/rp2_common/hardware_watchdog/watchdog.c.obj
                0x100028a4                _watchdog_enable
 .text.watchdog_reboot
                0x1000291c       0x48 prx/CMakeFiles/prx.dir/C_/Program_Files/Raspberry_Pi/Pico_SDK_v1.5.0/pico-sdk/src/rp2_common/hardware_watchdog/watchdog.c.obj
                0x1000291c                watchdog_reboot
 .text.xosc_init
                0x10002964       0x28 prx/CMakeFiles/prx.dir/C_/Program_Files/Raspberry_Pi/Pico_SDK_v1.5.0/pico-sdk/src/rp2_common/hardware_xosc/xosc.c.obj
                0x10002964                xosc_init
 .text._exit    0x1000298c        0x4 prx/CMakeFiles/prx.dir/C_/Program_Files/Raspberry_Pi/Pico_SDK_v1.5.0/pico-sdk/src/rp2_common/pico_runtime/runtime.c.obj
                0x1000298c                _exit
 .text._sbrk    0x10002990       0x38 prx/CMakeFiles/prx.dir/C_/Program_Files/Raspberry_Pi/Pico_SDK_v1.5.0/pico-sdk/src/rp2_common/pico_runtime/runtime.c.obj
                0x10002990                _sbrk
 .text.exit     0x100029c8        0x6 prx/CMakeFiles/prx.dir/C_/Program_Files/Raspberry_Pi/Pico_SDK_v1.5.0/pico-sdk/src/rp2_common/pico_runtime/runtime.c.obj
                0x100029c8                exit
 *fill*         0x100029ce        0x2 
 .text.__assert_func
                0x100029d0       0x3c prx/CMakeFiles/prx.dir/C_/Program_Files/Raspberry_Pi/Pico_SDK_v1.5.0/pico-sdk/src/rp2_common/pico_runtime/runtime.c.obj
                0x100029d0                __assert_func
 .text.runtime_init
                0x10002a0c       0xf8 prx/CMakeFiles/prx.dir/C_/Program_Files/Raspberry_Pi/Pico_SDK_v1.5.0/pico-sdk/src/rp2_common/pico_runtime/runtime.c.obj
                0x10002a0c                runtime_init
 .text.panic    0x10002b04       0x30 prx/CMakeFiles/prx.dir/C_/Program_Files/Raspberry_Pi/Pico_SDK_v1.5.0/pico-sdk/src/rp2_common/pico_runtime/runtime.c.obj
                0x10002b04                panic
 .text.panic_unsupported
                0x10002b34        0xc prx/CMakeFiles/prx.dir/C_/Program_Files/Raspberry_Pi/Pico_SDK_v1.5.0/pico-sdk/src/rp2_common/pico_runtime/runtime.c.obj
                0x10002b34                panic_unsupported
 .text._out_null
                0x10002b40        0x2 prx/CMakeFiles/prx.dir/C_/Program_Files/Raspberry_Pi/Pico_SDK_v1.5.0/pico-sdk/src/rp2_common/pico_printf/printf.c.obj
 .text._out_fct
                0x10002b42        0xe prx/CMakeFiles/prx.dir/C_/Program_Files/Raspberry_Pi/Pico_SDK_v1.5.0/pico-sdk/src/rp2_common/pico_printf/printf.c.obj
 .text._atoi    0x10002b50       0x24 prx/CMakeFiles/prx.dir/C_/Program_Files/Raspberry_Pi/Pico_SDK_v1.5.0/pico-sdk/src/rp2_common/pico_printf/printf.c.obj
 .text._out_rev
                0x10002b74       0xae prx/CMakeFiles/prx.dir/C_/Program_Files/Raspberry_Pi/Pico_SDK_v1.5.0/pico-sdk/src/rp2_common/pico_printf/printf.c.obj
 .text._ntoa_format
                0x10002c22      0x112 prx/CMakeFiles/prx.dir/C_/Program_Files/Raspberry_Pi/Pico_SDK_v1.5.0/pico-sdk/src/rp2_common/pico_printf/printf.c.obj
 .text._ntoa_long
                0x10002d34       0xbc prx/CMakeFiles/prx.dir/C_/Program_Files/Raspberry_Pi/Pico_SDK_v1.5.0/pico-sdk/src/rp2_common/pico_printf/printf.c.obj
 .text._ntoa_long_long
                0x10002df0       0xe2 prx/CMakeFiles/prx.dir/C_/Program_Files/Raspberry_Pi/Pico_SDK_v1.5.0/pico-sdk/src/rp2_common/pico_printf/printf.c.obj
 *fill*         0x10002ed2        0x2 
 .text._etoa    0x10002ed4      0x414 prx/CMakeFiles/prx.dir/C_/Program_Files/Raspberry_Pi/Pico_SDK_v1.5.0/pico-sdk/src/rp2_common/pico_printf/printf.c.obj
 .text._ftoa    0x100032e8      0x354 prx/CMakeFiles/prx.dir/C_/Program_Files/Raspberry_Pi/Pico_SDK_v1.5.0/pico-sdk/src/rp2_common/pico_printf/printf.c.obj
 .text._vsnprintf
                0x1000363c      0x624 prx/CMakeFiles/prx.dir/C_/Program_Files/Raspberry_Pi/Pico_SDK_v1.5.0/pico-sdk/src/rp2_common/pico_printf/printf.c.obj
 .text.vfctprintf
                0x10003c60       0x20 prx/CMakeFiles/prx.dir/C_/Program_Files/Raspberry_Pi/Pico_SDK_v1.5.0/pico-sdk/src/rp2_common/pico_printf/printf.c.obj
                0x10003c60                vfctprintf
 .text          0x10003c80       0x10 prx/CMakeFiles/prx.dir/C_/Program_Files/Raspberry_Pi/Pico_SDK_v1.5.0/pico-sdk/src/rp2_common/pico_bit_ops/bit_ops_aeabi.S.obj
 .text.rom_func_lookup
                0x10003c90       0x10 prx/CMakeFiles/prx.dir/C_/Program_Files/Raspberry_Pi/Pico_SDK_v1.5.0/pico-sdk/src/rp2_common/pico_bootrom/bootrom.c.obj
                0x10003c90                rom_func_lookup
 .text.rom_data_lookup
                0x10003ca0       0x10 prx/CMakeFiles/prx.dir/C_/Program_Files/Raspberry_Pi/Pico_SDK_v1.5.0/pico-sdk/src/rp2_common/pico_bootrom/bootrom.c.obj
                0x10003ca0                rom_data_lookup
 .text.rom_funcs_lookup
                0x10003cb0       0x36 prx/CMakeFiles/prx.dir/C_/Program_Files/Raspberry_Pi/Pico_SDK_v1.5.0/pico-sdk/src/rp2_common/pico_bootrom/bootrom.c.obj
                0x10003cb0                rom_funcs_lookup
 *fill*         0x10003ce6        0x2 
 .text.__wrap___aeabi_idiv
                0x10003ce8       0x50 prx/CMakeFiles/prx.dir/C_/Program_Files/Raspberry_Pi/Pico_SDK_v1.5.0/pico-sdk/src/rp2_common/pico_divider/divider.S.obj
                0x10003ce8                __wrap___aeabi_idivmod
                0x10003ce8                divmod_s32s32
                0x10003ce8                div_s32s32
                0x10003ce8                __wrap___aeabi_idiv
                0x10003cf0                divmod_s32s32_unsafe
                0x10003d1c                divmod_s32s32_savestate
 .text.__wrap___aeabi_uidiv
                0x10003d38       0x4c prx/CMakeFiles/prx.dir/C_/Program_Files/Raspberry_Pi/Pico_SDK_v1.5.0/pico-sdk/src/rp2_common/pico_divider/divider.S.obj
                0x10003d38                __wrap___aeabi_uidiv
                0x10003d38                __wrap___aeabi_uidivmod
                0x10003d38                div_u32u32
                0x10003d38                divmod_u32u32
                0x10003d40                divmod_u32u32_unsafe
                0x10003d68                divmod_u32u32_savestate
 .text.__wrap___aeabi_ldiv
                0x10003d84      0x424 prx/CMakeFiles/prx.dir/C_/Program_Files/Raspberry_Pi/Pico_SDK_v1.5.0/pico-sdk/src/rp2_common/pico_divider/divider.S.obj
                0x10003d84                div_s64s64
                0x10003d84                divmod_s64s64
                0x10003d84                __wrap___aeabi_ldivmod
                0x10003db4                divmod_u64u64
                0x10003db4                div_u64u64
                0x10003db4                __wrap___aeabi_uldivmod
                0x10003dc4                divmod_u64u64_savestate
                0x10003de4                divmod_s64s64_unsafe
                0x10003e6c                divmod_u64u64_unsafe
 .text.__wrap___aeabi_darithmetic
                0x100041a8       0x80 prx/CMakeFiles/prx.dir/C_/Program_Files/Raspberry_Pi/Pico_SDK_v1.5.0/pico-sdk/src/rp2_common/pico_double/double_aeabi.S.obj
                0x100041a8                __wrap___aeabi_drsub
                0x100041ae                __wrap___aeabi_dsub
                0x100041c0                __wrap___aeabi_dadd
                0x100041d2                __wrap___aeabi_ddiv
                0x1000420e                __wrap___aeabi_dmul
 .text.__wrap___aeabi_cdcmple
                0x10004228       0x6c prx/CMakeFiles/prx.dir/C_/Program_Files/Raspberry_Pi/Pico_SDK_v1.5.0/pico-sdk/src/rp2_common/pico_double/double_aeabi.S.obj
                0x10004228                __wrap___aeabi_cdrcmple
                0x10004238                __wrap___aeabi_cdcmpeq
                0x10004238                __wrap___aeabi_cdcmple
 .text.__wrap___aeabi_dcmplt
                0x10004294        0xc prx/CMakeFiles/prx.dir/C_/Program_Files/Raspberry_Pi/Pico_SDK_v1.5.0/pico-sdk/src/rp2_common/pico_double/double_aeabi.S.obj
                0x10004294                __wrap___aeabi_dcmplt
 .text.__wrap___aeabi_dcmple
                0x100042a0       0x10 prx/CMakeFiles/prx.dir/C_/Program_Files/Raspberry_Pi/Pico_SDK_v1.5.0/pico-sdk/src/rp2_common/pico_double/double_aeabi.S.obj
                0x100042a0                __wrap___aeabi_dcmple
 .text.__wrap___aeabi_dcmpge
                0x100042b0       0x10 prx/CMakeFiles/prx.dir/C_/Program_Files/Raspberry_Pi/Pico_SDK_v1.5.0/pico-sdk/src/rp2_common/pico_double/double_aeabi.S.obj
                0x100042b0                __wrap___aeabi_dcmpge
 .text.__wrap___aeabi_dcmpgt
                0x100042c0        0xa prx/CMakeFiles/prx.dir/C_/Program_Files/Raspberry_Pi/Pico_SDK_v1.5.0/pico-sdk/src/rp2_common/pico_double/double_aeabi.S.obj
                0x100042c0                __wrap___aeabi_dcmpgt
 .text.__wrap___aeabi_dcmpun
                0x100042ca       0x1c prx/CMakeFiles/prx.dir/C_/Program_Files/Raspberry_Pi/Pico_SDK_v1.5.0/pico-sdk/src/rp2_common/pico_double/double_aeabi.S.obj
                0x100042ca                __wrap___aeabi_dcmpun
 *fill*         0x100042e6        0x2 
 .text.__wrap___aeabi_i2d
                0x100042e8       0x38 prx/CMakeFiles/prx.dir/C_/Program_Files/Raspberry_Pi/Pico_SDK_v1.5.0/pico-sdk/src/rp2_common/pico_double/double_aeabi.S.obj
                0x100042e8                __wrap___aeabi_ui2d
                0x100042f0                __wrap___aeabi_i2d
 .text.__wrap___aeabi_d2iz
                0x10004320       0x48 prx/CMakeFiles/prx.dir/C_/Program_Files/Raspberry_Pi/Pico_SDK_v1.5.0/pico-sdk/src/rp2_common/pico_double/double_aeabi.S.obj
                0x10004320                double2int_z
                0x10004320                __wrap___aeabi_d2iz
 .text.__wrap___aeabi_d2uiz
                0x10004368       0x18 prx/CMakeFiles/prx.dir/C_/Program_Files/Raspberry_Pi/Pico_SDK_v1.5.0/pico-sdk/src/rp2_common/pico_double/double_aeabi.S.obj
                0x10004368                __wrap___aeabi_d2uiz
                0x10004368                double2uint
 .text.__aeabi_double_init
                0x10004380       0xc8 prx/CMakeFiles/prx.dir/C_/Program_Files/Raspberry_Pi/Pico_SDK_v1.5.0/pico-sdk/src/rp2_common/pico_double/double_init_rom.c.obj
                0x10004380                __aeabi_double_init
 .text.double_table_shim_on_use_helper
                0x10004448       0x34 prx/CMakeFiles/prx.dir/C_/Program_Files/Raspberry_Pi/Pico_SDK_v1.5.0/pico-sdk/src/rp2_common/pico_double/double_v1_rom_shim.S.obj
                0x10004448                double_table_shim_on_use_helper
 .text.__wrap___aeabi_dsub
                0x1000447c       0x10 prx/CMakeFiles/prx.dir/C_/Program_Files/Raspberry_Pi/Pico_SDK_v1.5.0/pico-sdk/src/rp2_common/pico_double/double_v1_rom_shim.S.obj
                0x1000447c                drsub_shim
                0x10004482                dsub_shim
 .text.dadd_shim
                0x1000448c      0x15c prx/CMakeFiles/prx.dir/C_/Program_Files/Raspberry_Pi/Pico_SDK_v1.5.0/pico-sdk/src/rp2_common/pico_double/double_v1_rom_shim.S.obj
                0x1000448c                dadd_shim
 .text.dmul_shim
                0x100045e8      0x15c prx/CMakeFiles/prx.dir/C_/Program_Files/Raspberry_Pi/Pico_SDK_v1.5.0/pico-sdk/src/rp2_common/pico_double/double_v1_rom_shim.S.obj
                0x100045e8                dmul_shim
 .text.ddiv_shim
                0x10004744      0x1b0 prx/CMakeFiles/prx.dir/C_/Program_Files/Raspberry_Pi/Pico_SDK_v1.5.0/pico-sdk/src/rp2_common/pico_double/double_v1_rom_shim.S.obj
                0x10004744                ddiv_shim
 .text.double2uint_shim
                0x100048f4        0xe prx/CMakeFiles/prx.dir/C_/Program_Files/Raspberry_Pi/Pico_SDK_v1.5.0/pico-sdk/src/rp2_common/pico_double/double_v1_rom_shim.S.obj
                0x100048f4                double2uint_shim
                0x100048f6                double2ufix_shim
 *fill*         0x10004902        0x2 
 .text.double2uint64_shim
                0x10004904       0x70 prx/CMakeFiles/prx.dir/C_/Program_Files/Raspberry_Pi/Pico_SDK_v1.5.0/pico-sdk/src/rp2_common/pico_double/double_v1_rom_shim.S.obj
                0x10004904                double2uint64_shim
                0x10004906                double2ufix64_shim
                0x10004926                d2fix_a
 .text.dunpacks
                0x10004974       0x3c prx/CMakeFiles/prx.dir/C_/Program_Files/Raspberry_Pi/Pico_SDK_v1.5.0/pico-sdk/src/rp2_common/pico_double/double_v1_rom_shim.S.obj
                0x10004974                dunpacks
 .text.__aeabi_lmul
                0x100049b0       0x32 prx/CMakeFiles/prx.dir/C_/Program_Files/Raspberry_Pi/Pico_SDK_v1.5.0/pico-sdk/src/rp2_common/pico_int64_ops/pico_int64_ops_aeabi.S.obj
                0x100049b0                __wrap___aeabi_lmul
 *fill*         0x100049e2        0x2 
 .text.__aeabi_float_init
                0x100049e4       0xfc prx/CMakeFiles/prx.dir/C_/Program_Files/Raspberry_Pi/Pico_SDK_v1.5.0/pico-sdk/src/rp2_common/pico_float/float_init_rom.c.obj
                0x100049e4                __aeabi_float_init
 .text.float_table_shim_on_use_helper
                0x10004ae0       0x34 prx/CMakeFiles/prx.dir/C_/Program_Files/Raspberry_Pi/Pico_SDK_v1.5.0/pico-sdk/src/rp2_common/pico_float/float_v1_rom_shim.S.obj
                0x10004ae0                float_table_shim_on_use_helper
 .text.__wrap_calloc
                0x10004b14       0x40 prx/CMakeFiles/prx.dir/C_/Program_Files/Raspberry_Pi/Pico_SDK_v1.5.0/pico-sdk/src/rp2_common/pico_malloc/pico_malloc.c.obj
                0x10004b14                __wrap_calloc
 .text          0x10004b54       0x10 prx/CMakeFiles/prx.dir/C_/Program_Files/Raspberry_Pi/Pico_SDK_v1.5.0/pico-sdk/src/rp2_common/pico_mem_ops/mem_ops_aeabi.S.obj
                0x10004b54                __aeabi_mem_init
 .text.memset   0x10004b64        0xc prx/CMakeFiles/prx.dir/C_/Program_Files/Raspberry_Pi/Pico_SDK_v1.5.0/pico-sdk/src/rp2_common/pico_mem_ops/mem_ops_aeabi.S.obj
                0x10004b64                __wrap_memset
 .text.memcpy   0x10004b70        0xc prx/CMakeFiles/prx.dir/C_/Program_Files/Raspberry_Pi/Pico_SDK_v1.5.0/pico-sdk/src/rp2_common/pico_mem_ops/mem_ops_aeabi.S.obj
                0x10004b70                __wrap_memcpy
                0x10004b70                __wrap___aeabi_memcpy
 .text.stdio_out_chars_no_crlf
                0x10004b7c        0xe prx/CMakeFiles/prx.dir/C_/Program_Files/Raspberry_Pi/Pico_SDK_v1.5.0/pico-sdk/src/rp2_common/pico_stdio/stdio.c.obj
 *fill*         0x10004b8a        0x2 
 .text.stdio_out_chars_crlf
                0x10004b8c       0x80 prx/CMakeFiles/prx.dir/C_/Program_Files/Raspberry_Pi/Pico_SDK_v1.5.0/pico-sdk/src/rp2_common/pico_stdio/stdio.c.obj
 .text.stdio_stack_buffer_flush
                0x10004c0c       0x44 prx/CMakeFiles/prx.dir/C_/Program_Files/Raspberry_Pi/Pico_SDK_v1.5.0/pico-sdk/src/rp2_common/pico_stdio/stdio.c.obj
 .text.stdio_buffered_printer
                0x10004c50       0x20 prx/CMakeFiles/prx.dir/C_/Program_Files/Raspberry_Pi/Pico_SDK_v1.5.0/pico-sdk/src/rp2_common/pico_stdio/stdio.c.obj
 .text.stdout_serialize_begin
                0x10004c70       0x5c prx/CMakeFiles/prx.dir/C_/Program_Files/Raspberry_Pi/Pico_SDK_v1.5.0/pico-sdk/src/rp2_common/pico_stdio/stdio.c.obj
                0x10004c70                stdout_serialize_begin
 .text.stdout_serialize_end
                0x10004ccc       0x10 prx/CMakeFiles/prx.dir/C_/Program_Files/Raspberry_Pi/Pico_SDK_v1.5.0/pico-sdk/src/rp2_common/pico_stdio/stdio.c.obj
                0x10004ccc                stdout_serialize_end
 .text.stdio_put_string
                0x10004cdc       0x98 prx/CMakeFiles/prx.dir/C_/Program_Files/Raspberry_Pi/Pico_SDK_v1.5.0/pico-sdk/src/rp2_common/pico_stdio/stdio.c.obj
 .text.stdio_set_driver_enabled
                0x10004d74       0x2c prx/CMakeFiles/prx.dir/C_/Program_Files/Raspberry_Pi/Pico_SDK_v1.5.0/pico-sdk/src/rp2_common/pico_stdio/stdio.c.obj
                0x10004d74                stdio_set_driver_enabled
 .text.stdio_flush
                0x10004da0       0x20 prx/CMakeFiles/prx.dir/C_/Program_Files/Raspberry_Pi/Pico_SDK_v1.5.0/pico-sdk/src/rp2_common/pico_stdio/stdio.c.obj
                0x10004da0                stdio_flush
 .text.__wrap_puts
                0x10004dc0       0x1e prx/CMakeFiles/prx.dir/C_/Program_Files/Raspberry_Pi/Pico_SDK_v1.5.0/pico-sdk/src/rp2_common/pico_stdio/stdio.c.obj
                0x10004dc0                __wrap_puts
 *fill*         0x10004dde        0x2 
 .text.__wrap_vprintf
                0x10004de0       0x40 prx/CMakeFiles/prx.dir/C_/Program_Files/Raspberry_Pi/Pico_SDK_v1.5.0/pico-sdk/src/rp2_common/pico_stdio/stdio.c.obj
                0x10004de0                __wrap_vprintf
 .text.__wrap_printf
                0x10004e20       0x18 prx/CMakeFiles/prx.dir/C_/Program_Files/Raspberry_Pi/Pico_SDK_v1.5.0/pico-sdk/src/rp2_common/pico_stdio/stdio.c.obj
                0x10004e20                __wrap_printf
 .text.stdio_init_all
                0x10004e38        0x8 prx/CMakeFiles/prx.dir/C_/Program_Files/Raspberry_Pi/Pico_SDK_v1.5.0/pico-sdk/src/rp2_common/pico_stdio/stdio.c.obj
                0x10004e38                stdio_init_all
 .text.resetd_init
                0x10004e40        0x2 prx/CMakeFiles/prx.dir/C_/Program_Files/Raspberry_Pi/Pico_SDK_v1.5.0/pico-sdk/src/rp2_common/pico_stdio_usb/reset_interface.c.obj
 *fill*         0x10004e42        0x2 
 .text.resetd_reset
                0x10004e44        0xc prx/CMakeFiles/prx.dir/C_/Program_Files/Raspberry_Pi/Pico_SDK_v1.5.0/pico-sdk/src/rp2_common/pico_stdio_usb/reset_interface.c.obj
 .text.resetd_open
                0x10004e50       0x34 prx/CMakeFiles/prx.dir/C_/Program_Files/Raspberry_Pi/Pico_SDK_v1.5.0/pico-sdk/src/rp2_common/pico_stdio_usb/reset_interface.c.obj
 .text.resetd_xfer_cb
                0x10004e84        0x4 prx/CMakeFiles/prx.dir/C_/Program_Files/Raspberry_Pi/Pico_SDK_v1.5.0/pico-sdk/src/rp2_common/pico_stdio_usb/reset_interface.c.obj
 .text.reset_usb_boot
                0x10004e88       0x18 prx/CMakeFiles/prx.dir/C_/Program_Files/Raspberry_Pi/Pico_SDK_v1.5.0/pico-sdk/src/rp2_common/pico_stdio_usb/reset_interface.c.obj
 .text.resetd_control_xfer_cb
                0x10004ea0       0x5c prx/CMakeFiles/prx.dir/C_/Program_Files/Raspberry_Pi/Pico_SDK_v1.5.0/pico-sdk/src/rp2_common/pico_stdio_usb/reset_interface.c.obj
 .text.usbd_app_driver_get_cb
                0x10004efc        0xc prx/CMakeFiles/prx.dir/C_/Program_Files/Raspberry_Pi/Pico_SDK_v1.5.0/pico-sdk/src/rp2_common/pico_stdio_usb/reset_interface.c.obj
                0x10004efc                usbd_app_driver_get_cb
 .text.tud_cdc_line_coding_cb
                0x10004f08       0x28 prx/CMakeFiles/prx.dir/C_/Program_Files/Raspberry_Pi/Pico_SDK_v1.5.0/pico-sdk/src/rp2_common/pico_stdio_usb/reset_interface.c.obj
                0x10004f08                tud_cdc_line_coding_cb
 .text.stdio_usb_set_chars_available_callback
                0x10004f30       0x14 prx/CMakeFiles/prx.dir/C_/Program_Files/Raspberry_Pi/Pico_SDK_v1.5.0/pico-sdk/src/rp2_common/pico_stdio_usb/stdio_usb.c.obj
                0x10004f30                stdio_usb_set_chars_available_callback
 .text.usb_irq  0x10004f44       0x10 prx/CMakeFiles/prx.dir/C_/Program_Files/Raspberry_Pi/Pico_SDK_v1.5.0/pico-sdk/src/rp2_common/pico_stdio_usb/stdio_usb.c.obj
 .text.timer_task
                0x10004f54       0x58 prx/CMakeFiles/prx.dir/C_/Program_Files/Raspberry_Pi/Pico_SDK_v1.5.0/pico-sdk/src/rp2_common/pico_stdio_usb/stdio_usb.c.obj
 .text.low_priority_worker_irq
                0x10004fac       0xd8 prx/CMakeFiles/prx.dir/C_/Program_Files/Raspberry_Pi/Pico_SDK_v1.5.0/pico-sdk/src/rp2_common/pico_stdio_usb/stdio_usb.c.obj
 .text.tud_cdc_rx_cb
                0x10005084       0x20 prx/CMakeFiles/prx.dir/C_/Program_Files/Raspberry_Pi/Pico_SDK_v1.5.0/pico-sdk/src/rp2_common/pico_stdio_usb/stdio_usb.c.obj
                0x10005084                tud_cdc_rx_cb
 .text.stdio_usb_init
                0x100050a4      0x12c prx/CMakeFiles/prx.dir/C_/Program_Files/Raspberry_Pi/Pico_SDK_v1.5.0/pico-sdk/src/rp2_common/pico_stdio_usb/stdio_usb.c.obj
                0x100050a4                stdio_usb_init
 .text.stdio_usb_connected
                0x100051d0        0xa prx/CMakeFiles/prx.dir/C_/Program_Files/Raspberry_Pi/Pico_SDK_v1.5.0/pico-sdk/src/rp2_common/pico_stdio_usb/stdio_usb.c.obj
                0x100051d0                stdio_usb_connected
 *fill*         0x100051da        0x2 
 .text.stdio_usb_in_chars
                0x100051dc       0xc4 prx/CMakeFiles/prx.dir/C_/Program_Files/Raspberry_Pi/Pico_SDK_v1.5.0/pico-sdk/src/rp2_common/pico_stdio_usb/stdio_usb.c.obj
                0x100051dc                stdio_usb_in_chars
 .text.stdio_usb_out_chars
                0x100052a0      0x114 prx/CMakeFiles/prx.dir/C_/Program_Files/Raspberry_Pi/Pico_SDK_v1.5.0/pico-sdk/src/rp2_common/pico_stdio_usb/stdio_usb.c.obj
 .text.tud_descriptor_device_cb
                0x100053b4        0x8 prx/CMakeFiles/prx.dir/C_/Program_Files/Raspberry_Pi/Pico_SDK_v1.5.0/pico-sdk/src/rp2_common/pico_stdio_usb/stdio_usb_descriptors.c.obj
                0x100053b4                tud_descriptor_device_cb
 .text.tud_descriptor_configuration_cb
                0x100053bc        0x8 prx/CMakeFiles/prx.dir/C_/Program_Files/Raspberry_Pi/Pico_SDK_v1.5.0/pico-sdk/src/rp2_common/pico_stdio_usb/stdio_usb_descriptors.c.obj
                0x100053bc                tud_descriptor_configuration_cb
 .text.tud_descriptor_string_cb
                0x100053c4       0x6c prx/CMakeFiles/prx.dir/C_/Program_Files/Raspberry_Pi/Pico_SDK_v1.5.0/pico-sdk/src/rp2_common/pico_stdio_usb/stdio_usb_descriptors.c.obj
                0x100053c4                tud_descriptor_string_cb
 .text._retrieve_unique_id_on_boot
                0x10005430       0x10 prx/CMakeFiles/prx.dir/C_/Program_Files/Raspberry_Pi/Pico_SDK_v1.5.0/pico-sdk/src/rp2_common/pico_unique_id/unique_id.c.obj
 .text.pico_get_unique_board_id_string
                0x10005440       0x60 prx/CMakeFiles/prx.dir/C_/Program_Files/Raspberry_Pi/Pico_SDK_v1.5.0/pico-sdk/src/rp2_common/pico_unique_id/unique_id.c.obj
                0x10005440                pico_get_unique_board_id_string
 .text.flash_get_unique_id
                0x100054a0       0x46 prx/CMakeFiles/prx.dir/C_/Program_Files/Raspberry_Pi/Pico_SDK_v1.5.0/pico-sdk/src/rp2_common/hardware_flash/flash.c.obj
                0x100054a0                flash_get_unique_id
 *fill*         0x100054e6        0x2 
 .text.hw_endpoint_get_by_addr
                0x100054e8       0x18 prx/CMakeFiles/prx.dir/C_/Program_Files/Raspberry_Pi/Pico_SDK_v1.5.0/pico-sdk/lib/tinyusb/src/portable/raspberrypi/rp2040/dcd_rp2040.c.obj
 .text._hw_endpoint_alloc
                0x10005500       0x70 prx/CMakeFiles/prx.dir/C_/Program_Files/Raspberry_Pi/Pico_SDK_v1.5.0/pico-sdk/lib/tinyusb/src/portable/raspberrypi/rp2040/dcd_rp2040.c.obj
 .text.hw_endpoint_init
                0x10005570       0x88 prx/CMakeFiles/prx.dir/C_/Program_Files/Raspberry_Pi/Pico_SDK_v1.5.0/pico-sdk/lib/tinyusb/src/portable/raspberrypi/rp2040/dcd_rp2040.c.obj
 .text.hw_endpoint_xfer
                0x100055f8       0x14 prx/CMakeFiles/prx.dir/C_/Program_Files/Raspberry_Pi/Pico_SDK_v1.5.0/pico-sdk/lib/tinyusb/src/portable/raspberrypi/rp2040/dcd_rp2040.c.obj
 .text.dcd_int_enable
                0x1000560c       0x2c prx/CMakeFiles/prx.dir/C_/Program_Files/Raspberry_Pi/Pico_SDK_v1.5.0/pico-sdk/lib/tinyusb/src/portable/raspberrypi/rp2040/dcd_rp2040.c.obj
                0x1000560c                dcd_int_enable
 .text.dcd_set_address
                0x10005638       0x2c prx/CMakeFiles/prx.dir/C_/Program_Files/Raspberry_Pi/Pico_SDK_v1.5.0/pico-sdk/lib/tinyusb/src/portable/raspberrypi/rp2040/dcd_rp2040.c.obj
                0x10005638                dcd_set_address
 .text.dcd_connect
                0x10005664       0x10 prx/CMakeFiles/prx.dir/C_/Program_Files/Raspberry_Pi/Pico_SDK_v1.5.0/pico-sdk/lib/tinyusb/src/portable/raspberrypi/rp2040/dcd_rp2040.c.obj
                0x10005664                dcd_connect
 .text.dcd_init
                0x10005674       0x80 prx/CMakeFiles/prx.dir/C_/Program_Files/Raspberry_Pi/Pico_SDK_v1.5.0/pico-sdk/lib/tinyusb/src/portable/raspberrypi/rp2040/dcd_rp2040.c.obj
                0x10005674                dcd_init
 .text.dcd_edpt0_status_complete
                0x100056f4       0x1c prx/CMakeFiles/prx.dir/C_/Program_Files/Raspberry_Pi/Pico_SDK_v1.5.0/pico-sdk/lib/tinyusb/src/portable/raspberrypi/rp2040/dcd_rp2040.c.obj
                0x100056f4                dcd_edpt0_status_complete
 .text.dcd_edpt_open
                0x10005710       0x40 prx/CMakeFiles/prx.dir/C_/Program_Files/Raspberry_Pi/Pico_SDK_v1.5.0/pico-sdk/lib/tinyusb/src/portable/raspberrypi/rp2040/dcd_rp2040.c.obj
                0x10005710                dcd_edpt_open
 .text.dcd_edpt_close_all
                0x10005750        0x8 prx/CMakeFiles/prx.dir/C_/Program_Files/Raspberry_Pi/Pico_SDK_v1.5.0/pico-sdk/lib/tinyusb/src/portable/raspberrypi/rp2040/dcd_rp2040.c.obj
                0x10005750                dcd_edpt_close_all
 .text.dcd_edpt_xfer
                0x10005758       0x34 prx/CMakeFiles/prx.dir/C_/Program_Files/Raspberry_Pi/Pico_SDK_v1.5.0/pico-sdk/lib/tinyusb/src/portable/raspberrypi/rp2040/dcd_rp2040.c.obj
                0x10005758                dcd_edpt_xfer
 .text.dcd_edpt_stall
                0x1000578c       0x2c prx/CMakeFiles/prx.dir/C_/Program_Files/Raspberry_Pi/Pico_SDK_v1.5.0/pico-sdk/lib/tinyusb/src/portable/raspberrypi/rp2040/dcd_rp2040.c.obj
                0x1000578c                dcd_edpt_stall
 .text.dcd_edpt_clear_stall
                0x100057b8       0x20 prx/CMakeFiles/prx.dir/C_/Program_Files/Raspberry_Pi/Pico_SDK_v1.5.0/pico-sdk/lib/tinyusb/src/portable/raspberrypi/rp2040/dcd_rp2040.c.obj
                0x100057b8                dcd_edpt_clear_stall
 .text.rp2040_usb_init
                0x100057d8       0x4c prx/CMakeFiles/prx.dir/C_/Program_Files/Raspberry_Pi/Pico_SDK_v1.5.0/pico-sdk/lib/tinyusb/src/portable/raspberrypi/rp2040/rp2040_usb.c.obj
                0x100057d8                rp2040_usb_init
 .text.hw_endpoint_xfer_start
                0x10005824       0x50 prx/CMakeFiles/prx.dir/C_/Program_Files/Raspberry_Pi/Pico_SDK_v1.5.0/pico-sdk/lib/tinyusb/src/portable/raspberrypi/rp2040/rp2040_usb.c.obj
                0x10005824                hw_endpoint_xfer_start
 .text.configuration_reset
                0x10005874       0x84 prx/CMakeFiles/prx.dir/C_/Program_Files/Raspberry_Pi/Pico_SDK_v1.5.0/pico-sdk/lib/tinyusb/src/device/usbd.c.obj
 .text.usbd_reset
                0x100058f8        0xc prx/CMakeFiles/prx.dir/C_/Program_Files/Raspberry_Pi/Pico_SDK_v1.5.0/pico-sdk/lib/tinyusb/src/device/usbd.c.obj
 .text.invoke_class_control
                0x10005904       0x1a prx/CMakeFiles/prx.dir/C_/Program_Files/Raspberry_Pi/Pico_SDK_v1.5.0/pico-sdk/lib/tinyusb/src/device/usbd.c.obj
 *fill*         0x1000591e        0x2 
 .text.process_set_config
                0x10005920      0x178 prx/CMakeFiles/prx.dir/C_/Program_Files/Raspberry_Pi/Pico_SDK_v1.5.0/pico-sdk/lib/tinyusb/src/device/usbd.c.obj
 .text.process_get_descriptor
                0x10005a98       0xdc prx/CMakeFiles/prx.dir/C_/Program_Files/Raspberry_Pi/Pico_SDK_v1.5.0/pico-sdk/lib/tinyusb/src/device/usbd.c.obj
 .text.tud_mounted
                0x10005b74       0x10 prx/CMakeFiles/prx.dir/C_/Program_Files/Raspberry_Pi/Pico_SDK_v1.5.0/pico-sdk/lib/tinyusb/src/device/usbd.c.obj
                0x10005b74                tud_mounted
 .text.tud_suspended
                0x10005b84       0x10 prx/CMakeFiles/prx.dir/C_/Program_Files/Raspberry_Pi/Pico_SDK_v1.5.0/pico-sdk/lib/tinyusb/src/device/usbd.c.obj
                0x10005b84                tud_suspended
 .text.tud_inited
                0x10005b94       0x14 prx/CMakeFiles/prx.dir/C_/Program_Files/Raspberry_Pi/Pico_SDK_v1.5.0/pico-sdk/lib/tinyusb/src/device/usbd.c.obj
                0x10005b94                tud_inited
 .text.tud_init
                0x10005ba8       0xcc prx/CMakeFiles/prx.dir/C_/Program_Files/Raspberry_Pi/Pico_SDK_v1.5.0/pico-sdk/lib/tinyusb/src/device/usbd.c.obj
                0x10005ba8                tud_init
 .text.usbd_defer_func
                0x10005c74       0x2a prx/CMakeFiles/prx.dir/C_/Program_Files/Raspberry_Pi/Pico_SDK_v1.5.0/pico-sdk/lib/tinyusb/src/device/usbd.c.obj
                0x10005c74                usbd_defer_func
 *fill*         0x10005c9e        0x2 
 .text.usbd_edpt_open
                0x10005ca0       0x34 prx/CMakeFiles/prx.dir/C_/Program_Files/Raspberry_Pi/Pico_SDK_v1.5.0/pico-sdk/lib/tinyusb/src/device/usbd.c.obj
                0x10005ca0                usbd_edpt_open
 .text.usbd_open_edpt_pair
                0x10005cd4       0x62 prx/CMakeFiles/prx.dir/C_/Program_Files/Raspberry_Pi/Pico_SDK_v1.5.0/pico-sdk/lib/tinyusb/src/device/usbd.c.obj
                0x10005cd4                usbd_open_edpt_pair
 *fill*         0x10005d36        0x2 
 .text.usbd_edpt_claim
                0x10005d38       0x28 prx/CMakeFiles/prx.dir/C_/Program_Files/Raspberry_Pi/Pico_SDK_v1.5.0/pico-sdk/lib/tinyusb/src/device/usbd.c.obj
                0x10005d38                usbd_edpt_claim
 .text.usbd_edpt_release
                0x10005d60       0x28 prx/CMakeFiles/prx.dir/C_/Program_Files/Raspberry_Pi/Pico_SDK_v1.5.0/pico-sdk/lib/tinyusb/src/device/usbd.c.obj
                0x10005d60                usbd_edpt_release
 .text.usbd_edpt_xfer
                0x10005d88       0x78 prx/CMakeFiles/prx.dir/C_/Program_Files/Raspberry_Pi/Pico_SDK_v1.5.0/pico-sdk/lib/tinyusb/src/device/usbd.c.obj
                0x10005d88                usbd_edpt_xfer
 .text.usbd_edpt_stall
                0x10005e00       0x48 prx/CMakeFiles/prx.dir/C_/Program_Files/Raspberry_Pi/Pico_SDK_v1.5.0/pico-sdk/lib/tinyusb/src/device/usbd.c.obj
                0x10005e00                usbd_edpt_stall
 .text.usbd_edpt_clear_stall
                0x10005e48       0x48 prx/CMakeFiles/prx.dir/C_/Program_Files/Raspberry_Pi/Pico_SDK_v1.5.0/pico-sdk/lib/tinyusb/src/device/usbd.c.obj
                0x10005e48                usbd_edpt_clear_stall
 .text.usbd_edpt_stalled
                0x10005e90       0x1c prx/CMakeFiles/prx.dir/C_/Program_Files/Raspberry_Pi/Pico_SDK_v1.5.0/pico-sdk/lib/tinyusb/src/device/usbd.c.obj
                0x10005e90                usbd_edpt_stalled
 .text.process_control_request
                0x10005eac      0x37c prx/CMakeFiles/prx.dir/C_/Program_Files/Raspberry_Pi/Pico_SDK_v1.5.0/pico-sdk/lib/tinyusb/src/device/usbd.c.obj
 .text.tud_task_ext
                0x10006228      0x1b4 prx/CMakeFiles/prx.dir/C_/Program_Files/Raspberry_Pi/Pico_SDK_v1.5.0/pico-sdk/lib/tinyusb/src/device/usbd.c.obj
                0x10006228                tud_task_ext
 .text._data_stage_xact
                0x100063dc       0x58 prx/CMakeFiles/prx.dir/C_/Program_Files/Raspberry_Pi/Pico_SDK_v1.5.0/pico-sdk/lib/tinyusb/src/device/usbd_control.c.obj
 .text.tud_control_status
                0x10006434       0x38 prx/CMakeFiles/prx.dir/C_/Program_Files/Raspberry_Pi/Pico_SDK_v1.5.0/pico-sdk/lib/tinyusb/src/device/usbd_control.c.obj
                0x10006434                tud_control_status
 .text.tud_control_xfer
                0x1000646c       0x74 prx/CMakeFiles/prx.dir/C_/Program_Files/Raspberry_Pi/Pico_SDK_v1.5.0/pico-sdk/lib/tinyusb/src/device/usbd_control.c.obj
                0x1000646c                tud_control_xfer
 .text.usbd_control_reset
                0x100064e0       0x14 prx/CMakeFiles/prx.dir/C_/Program_Files/Raspberry_Pi/Pico_SDK_v1.5.0/pico-sdk/lib/tinyusb/src/device/usbd_control.c.obj
                0x100064e0                usbd_control_reset
 .text.usbd_control_set_complete_callback
                0x100064f4        0xc prx/CMakeFiles/prx.dir/C_/Program_Files/Raspberry_Pi/Pico_SDK_v1.5.0/pico-sdk/lib/tinyusb/src/device/usbd_control.c.obj
                0x100064f4                usbd_control_set_complete_callback
 .text.usbd_control_set_request
                0x10006500       0x1c prx/CMakeFiles/prx.dir/C_/Program_Files/Raspberry_Pi/Pico_SDK_v1.5.0/pico-sdk/lib/tinyusb/src/device/usbd_control.c.obj
                0x10006500                usbd_control_set_request
 .text.usbd_control_xfer_cb
                0x1000651c       0xcc prx/CMakeFiles/prx.dir/C_/Program_Files/Raspberry_Pi/Pico_SDK_v1.5.0/pico-sdk/lib/tinyusb/src/device/usbd_control.c.obj
                0x1000651c                usbd_control_xfer_cb
 .text._prep_out_transaction
                0x100065e8       0x4a prx/CMakeFiles/prx.dir/C_/Program_Files/Raspberry_Pi/Pico_SDK_v1.5.0/pico-sdk/lib/tinyusb/src/class/cdc/cdc_device.c.obj
 *fill*         0x10006632        0x2 
 .text.tud_cdc_n_connected
                0x10006634       0x44 prx/CMakeFiles/prx.dir/C_/Program_Files/Raspberry_Pi/Pico_SDK_v1.5.0/pico-sdk/lib/tinyusb/src/class/cdc/cdc_device.c.obj
                0x10006634                tud_cdc_n_connected
 .text.tud_cdc_n_available
                0x10006678       0x18 prx/CMakeFiles/prx.dir/C_/Program_Files/Raspberry_Pi/Pico_SDK_v1.5.0/pico-sdk/lib/tinyusb/src/class/cdc/cdc_device.c.obj
                0x10006678                tud_cdc_n_available
 .text.tud_cdc_n_read
                0x10006690       0x28 prx/CMakeFiles/prx.dir/C_/Program_Files/Raspberry_Pi/Pico_SDK_v1.5.0/pico-sdk/lib/tinyusb/src/class/cdc/cdc_device.c.obj
                0x10006690                tud_cdc_n_read
 .text.tud_cdc_n_write_flush
                0x100066b8       0xb8 prx/CMakeFiles/prx.dir/C_/Program_Files/Raspberry_Pi/Pico_SDK_v1.5.0/pico-sdk/lib/tinyusb/src/class/cdc/cdc_device.c.obj
                0x100066b8                tud_cdc_n_write_flush
 .text.tud_cdc_n_write
                0x10006770       0x38 prx/CMakeFiles/prx.dir/C_/Program_Files/Raspberry_Pi/Pico_SDK_v1.5.0/pico-sdk/lib/tinyusb/src/class/cdc/cdc_device.c.obj
                0x10006770                tud_cdc_n_write
 .text.tud_cdc_n_write_available
                0x100067a8       0x1c prx/CMakeFiles/prx.dir/C_/Program_Files/Raspberry_Pi/Pico_SDK_v1.5.0/pico-sdk/lib/tinyusb/src/class/cdc/cdc_device.c.obj
                0x100067a8                tud_cdc_n_write_available
 .text.cdcd_init
                0x100067c4       0xbc prx/CMakeFiles/prx.dir/C_/Program_Files/Raspberry_Pi/Pico_SDK_v1.5.0/pico-sdk/lib/tinyusb/src/class/cdc/cdc_device.c.obj
                0x100067c4                cdcd_init
 .text.cdcd_reset
                0x10006880       0x44 prx/CMakeFiles/prx.dir/C_/Program_Files/Raspberry_Pi/Pico_SDK_v1.5.0/pico-sdk/lib/tinyusb/src/class/cdc/cdc_device.c.obj
                0x10006880                cdcd_reset
 .text.cdcd_open
                0x100068c4       0xcc prx/CMakeFiles/prx.dir/C_/Program_Files/Raspberry_Pi/Pico_SDK_v1.5.0/pico-sdk/lib/tinyusb/src/class/cdc/cdc_device.c.obj
                0x100068c4                cdcd_open
 .text.cdcd_control_xfer_cb
                0x10006990      0x134 prx/CMakeFiles/prx.dir/C_/Program_Files/Raspberry_Pi/Pico_SDK_v1.5.0/pico-sdk/lib/tinyusb/src/class/cdc/cdc_device.c.obj
                0x10006990                cdcd_control_xfer_cb
 .text.cdcd_xfer_cb
                0x10006ac4      0x130 prx/CMakeFiles/prx.dir/C_/Program_Files/Raspberry_Pi/Pico_SDK_v1.5.0/pico-sdk/lib/tinyusb/src/class/cdc/cdc_device.c.obj
                0x10006ac4                cdcd_xfer_cb
 .text.tusb_init
                0x10006bf4        0xa prx/CMakeFiles/prx.dir/C_/Program_Files/Raspberry_Pi/Pico_SDK_v1.5.0/pico-sdk/lib/tinyusb/src/tusb.c.obj
                0x10006bf4                tusb_init
 .text.tusb_inited
                0x10006bfe        0xe prx/CMakeFiles/prx.dir/C_/Program_Files/Raspberry_Pi/Pico_SDK_v1.5.0/pico-sdk/lib/tinyusb/src/tusb.c.obj
                0x10006bfe                tusb_inited
 .text.tu_edpt_claim
                0x10006c0c       0x50 prx/CMakeFiles/prx.dir/C_/Program_Files/Raspberry_Pi/Pico_SDK_v1.5.0/pico-sdk/lib/tinyusb/src/tusb.c.obj
                0x10006c0c                tu_edpt_claim
 .text.tu_edpt_release
                0x10006c5c       0x3c prx/CMakeFiles/prx.dir/C_/Program_Files/Raspberry_Pi/Pico_SDK_v1.5.0/pico-sdk/lib/tinyusb/src/tusb.c.obj
                0x10006c5c                tu_edpt_release
 .text.tu_edpt_validate
                0x10006c98       0x78 prx/CMakeFiles/prx.dir/C_/Program_Files/Raspberry_Pi/Pico_SDK_v1.5.0/pico-sdk/lib/tinyusb/src/tusb.c.obj
                0x10006c98                tu_edpt_validate
 .text.tu_edpt_bind_driver
                0x10006d10       0x26 prx/CMakeFiles/prx.dir/C_/Program_Files/Raspberry_Pi/Pico_SDK_v1.5.0/pico-sdk/lib/tinyusb/src/tusb.c.obj
                0x10006d10                tu_edpt_bind_driver
 .text.advance_index
                0x10006d36       0x1a prx/CMakeFiles/prx.dir/C_/Program_Files/Raspberry_Pi/Pico_SDK_v1.5.0/pico-sdk/lib/tinyusb/src/common/tusb_fifo.c.obj
 .text._tu_fifo_peek
                0x10006d50       0x56 prx/CMakeFiles/prx.dir/C_/Program_Files/Raspberry_Pi/Pico_SDK_v1.5.0/pico-sdk/lib/tinyusb/src/common/tusb_fifo.c.obj
 .text._ff_pull_const_addr
                0x10006da6       0x4c prx/CMakeFiles/prx.dir/C_/Program_Files/Raspberry_Pi/Pico_SDK_v1.5.0/pico-sdk/lib/tinyusb/src/common/tusb_fifo.c.obj
 .text._ff_pull_n
                0x10006df2      0x110 prx/CMakeFiles/prx.dir/C_/Program_Files/Raspberry_Pi/Pico_SDK_v1.5.0/pico-sdk/lib/tinyusb/src/common/tusb_fifo.c.obj
 .text._tu_fifo_peek_n
                0x10006f02       0x6a prx/CMakeFiles/prx.dir/C_/Program_Files/Raspberry_Pi/Pico_SDK_v1.5.0/pico-sdk/lib/tinyusb/src/common/tusb_fifo.c.obj
 .text._tu_fifo_read_n
                0x10006f6c       0x4e prx/CMakeFiles/prx.dir/C_/Program_Files/Raspberry_Pi/Pico_SDK_v1.5.0/pico-sdk/lib/tinyusb/src/common/tusb_fifo.c.obj
 .text._ff_push_const_addr
                0x10006fba       0x40 prx/CMakeFiles/prx.dir/C_/Program_Files/Raspberry_Pi/Pico_SDK_v1.5.0/pico-sdk/lib/tinyusb/src/common/tusb_fifo.c.obj
 .text._ff_push_n
                0x10006ffa      0x10c prx/CMakeFiles/prx.dir/C_/Program_Files/Raspberry_Pi/Pico_SDK_v1.5.0/pico-sdk/lib/tinyusb/src/common/tusb_fifo.c.obj
 .text._tu_fifo_write_n
                0x10007106       0xf0 prx/CMakeFiles/prx.dir/C_/Program_Files/Raspberry_Pi/Pico_SDK_v1.5.0/pico-sdk/lib/tinyusb/src/common/tusb_fifo.c.obj
 .text.tu_fifo_config
                0x100071f6       0x7c prx/CMakeFiles/prx.dir/C_/Program_Files/Raspberry_Pi/Pico_SDK_v1.5.0/pico-sdk/lib/tinyusb/src/common/tusb_fifo.c.obj
                0x100071f6                tu_fifo_config
 .text.tu_fifo_count
                0x10007272       0x2a prx/CMakeFiles/prx.dir/C_/Program_Files/Raspberry_Pi/Pico_SDK_v1.5.0/pico-sdk/lib/tinyusb/src/common/tusb_fifo.c.obj
                0x10007272                tu_fifo_count
 .text.tu_fifo_empty
                0x1000729c       0x10 prx/CMakeFiles/prx.dir/C_/Program_Files/Raspberry_Pi/Pico_SDK_v1.5.0/pico-sdk/lib/tinyusb/src/common/tusb_fifo.c.obj
                0x1000729c                tu_fifo_empty
 .text.tu_fifo_full
                0x100072ac       0x28 prx/CMakeFiles/prx.dir/C_/Program_Files/Raspberry_Pi/Pico_SDK_v1.5.0/pico-sdk/lib/tinyusb/src/common/tusb_fifo.c.obj
                0x100072ac                tu_fifo_full
 .text.tu_fifo_remaining
                0x100072d4       0x2c prx/CMakeFiles/prx.dir/C_/Program_Files/Raspberry_Pi/Pico_SDK_v1.5.0/pico-sdk/lib/tinyusb/src/common/tusb_fifo.c.obj
                0x100072d4                tu_fifo_remaining
 .text.tu_fifo_read
                0x10007300       0x42 prx/CMakeFiles/prx.dir/C_/Program_Files/Raspberry_Pi/Pico_SDK_v1.5.0/pico-sdk/lib/tinyusb/src/common/tusb_fifo.c.obj
                0x10007300                tu_fifo_read
 .text.tu_fifo_read_n
                0x10007342        0xa prx/CMakeFiles/prx.dir/C_/Program_Files/Raspberry_Pi/Pico_SDK_v1.5.0/pico-sdk/lib/tinyusb/src/common/tusb_fifo.c.obj
                0x10007342                tu_fifo_read_n
 .text.tu_fifo_write
                0x1000734c       0x64 prx/CMakeFiles/prx.dir/C_/Program_Files/Raspberry_Pi/Pico_SDK_v1.5.0/pico-sdk/lib/tinyusb/src/common/tusb_fifo.c.obj
                0x1000734c                tu_fifo_write
 .text.tu_fifo_write_n
                0x100073b0        0xa prx/CMakeFiles/prx.dir/C_/Program_Files/Raspberry_Pi/Pico_SDK_v1.5.0/pico-sdk/lib/tinyusb/src/common/tusb_fifo.c.obj
                0x100073b0                tu_fifo_write_n
 .text.tu_fifo_clear
                0x100073ba       0x3e prx/CMakeFiles/prx.dir/C_/Program_Files/Raspberry_Pi/Pico_SDK_v1.5.0/pico-sdk/lib/tinyusb/src/common/tusb_fifo.c.obj
                0x100073ba                tu_fifo_clear
 .text.tu_fifo_set_overwritable
                0x100073f8       0x46 prx/CMakeFiles/prx.dir/C_/Program_Files/Raspberry_Pi/Pico_SDK_v1.5.0/pico-sdk/lib/tinyusb/src/common/tusb_fifo.c.obj
                0x100073f8                tu_fifo_set_overwritable
 *fill*         0x1000743e        0x2 
 .text.init_spi
                0x10007440       0x54 prx/CMakeFiles/prx.dir/__/inc/NRF24.c.obj
                0x10007440                init_spi
 .text.csn_put  0x10007494       0x18 prx/CMakeFiles/prx.dir/__/inc/NRF24.c.obj
                0x10007494                csn_put
 .text.ce_put   0x100074ac       0x18 prx/CMakeFiles/prx.dir/__/inc/NRF24.c.obj
                0x100074ac                ce_put
 .text.w_register
                0x100074c4       0x44 prx/CMakeFiles/prx.dir/__/inc/NRF24.c.obj
                0x100074c4                w_register
 .text.w_address
                0x10007508       0x44 prx/CMakeFiles/prx.dir/__/inc/NRF24.c.obj
                0x10007508                w_address
 .text.r_register
                0x1000754c       0x4c prx/CMakeFiles/prx.dir/__/inc/NRF24.c.obj
                0x1000754c                r_register
 .text.r_register_all
                0x10007598       0x44 prx/CMakeFiles/prx.dir/__/inc/NRF24.c.obj
                0x10007598                r_register_all
 .text.init_nrf24
                0x100075dc       0x4c prx/CMakeFiles/prx.dir/__/inc/NRF24.c.obj
                0x100075dc                init_nrf24
 .text.init_nrf24_prx_registers
                0x10007628       0x98 prx/CMakeFiles/prx.dir/__/inc/NRF24.c.obj
                0x10007628                init_nrf24_prx_registers
 .text.set_mode
                0x100076c0       0x36 prx/CMakeFiles/prx.dir/__/inc/NRF24.c.obj
                0x100076c0                set_mode
 *fill*         0x100076f6        0x2 
 .text.rx_message
                0x100076f8       0x74 prx/CMakeFiles/prx.dir/__/inc/NRF24.c.obj
                0x100076f8                rx_message
 .text.check_irq_bit
                0x1000776c       0x3e prx/CMakeFiles/prx.dir/__/inc/NRF24.c.obj
                0x1000776c                check_irq_bit
 .text.check_fifo_status
                0x100077aa       0x42 prx/CMakeFiles/prx.dir/__/inc/NRF24.c.obj
                0x100077aa                check_fifo_status
 .text.debug_registers
                0x100077ec       0x60 prx/CMakeFiles/prx.dir/__/inc/NRF24.c.obj
                0x100077ec                debug_registers
 .text.debug_rx_address_pipes
                0x1000784c       0xa0 prx/CMakeFiles/prx.dir/__/inc/NRF24.c.obj
                0x1000784c                debug_rx_address_pipes
 .text.spi_set_baudrate
                0x100078ec       0x92 prx/CMakeFiles/prx.dir/C_/Program_Files/Raspberry_Pi/Pico_SDK_v1.5.0/pico-sdk/src/rp2_common/hardware_spi/spi.c.obj
                0x100078ec                spi_set_baudrate
 *fill*         0x1000797e        0x2 
 .text.spi_init
                0x10007980       0x68 prx/CMakeFiles/prx.dir/C_/Program_Files/Raspberry_Pi/Pico_SDK_v1.5.0/pico-sdk/src/rp2_common/hardware_spi/spi.c.obj
                0x10007980                spi_init
 .text.vPortSVCHandler
                0x100079e8        0x2 prx/CMakeFiles/prx.dir/D_/ITESM/Sem_10/Sistemas_Embebidos/RaspPico/FreeRTOSv202212.01/FreeRTOSv202212.01/FreeRTOS/Source/portable/ThirdParty/GCC/RP2040/port.c.obj
                0x100079e8                vPortSVCHandler
 *fill*         0x100079ea        0x6 
 .text.vPortStartFirstTask
                0x100079f0       0x34 prx/CMakeFiles/prx.dir/D_/ITESM/Sem_10/Sistemas_Embebidos/RaspPico/FreeRTOSv202212.01/FreeRTOSv202212.01/FreeRTOS/Source/portable/ThirdParty/GCC/RP2040/port.c.obj
 *fill*         0x10007a24        0xc 
 .text.xPortPendSVHandler
                0x10007a30       0x64 prx/CMakeFiles/prx.dir/D_/ITESM/Sem_10/Sistemas_Embebidos/RaspPico/FreeRTOSv202212.01/FreeRTOSv202212.01/FreeRTOS/Source/portable/ThirdParty/GCC/RP2040/port.c.obj
                0x10007a30                xPortPendSVHandler
 .text.prvTaskExitError
                0x10007a94        0x6 prx/CMakeFiles/prx.dir/D_/ITESM/Sem_10/Sistemas_Embebidos/RaspPico/FreeRTOSv202212.01/FreeRTOSv202212.01/FreeRTOS/Source/portable/ThirdParty/GCC/RP2040/port.c.obj
 *fill*         0x10007a9a        0x2 
 .text.prvGetTicksToWaitBefore
                0x10007a9c       0x58 prx/CMakeFiles/prx.dir/D_/ITESM/Sem_10/Sistemas_Embebidos/RaspPico/FreeRTOSv202212.01/FreeRTOSv202212.01/FreeRTOS/Source/portable/ThirdParty/GCC/RP2040/port.c.obj
 .text.pxPortInitialiseStack
                0x10007af4       0x20 prx/CMakeFiles/prx.dir/D_/ITESM/Sem_10/Sistemas_Embebidos/RaspPico/FreeRTOSv202212.01/FreeRTOSv202212.01/FreeRTOS/Source/portable/ThirdParty/GCC/RP2040/port.c.obj
                0x10007af4                pxPortInitialiseStack
 .text.vPortYield
                0x10007b14       0x40 prx/CMakeFiles/prx.dir/D_/ITESM/Sem_10/Sistemas_Embebidos/RaspPico/FreeRTOSv202212.01/FreeRTOSv202212.01/FreeRTOS/Source/portable/ThirdParty/GCC/RP2040/port.c.obj
                0x10007b14                vPortYield
 .text.vPortEnterCritical
                0x10007b54       0x18 prx/CMakeFiles/prx.dir/D_/ITESM/Sem_10/Sistemas_Embebidos/RaspPico/FreeRTOSv202212.01/FreeRTOSv202212.01/FreeRTOS/Source/portable/ThirdParty/GCC/RP2040/port.c.obj
                0x10007b54                vPortEnterCritical
 .text.vPortEnableInterrupts
                0x10007b6c       0x28 prx/CMakeFiles/prx.dir/D_/ITESM/Sem_10/Sistemas_Embebidos/RaspPico/FreeRTOSv202212.01/FreeRTOSv202212.01/FreeRTOS/Source/portable/ThirdParty/GCC/RP2040/port.c.obj
                0x10007b6c                vPortEnableInterrupts
 .text.vPortExitCritical
                0x10007b94       0x3c prx/CMakeFiles/prx.dir/D_/ITESM/Sem_10/Sistemas_Embebidos/RaspPico/FreeRTOSv202212.01/FreeRTOSv202212.01/FreeRTOS/Source/portable/ThirdParty/GCC/RP2040/port.c.obj
                0x10007b94                vPortExitCritical
 .text.ulSetInterruptMaskFromISR
                0x10007bd0        0x8 prx/CMakeFiles/prx.dir/D_/ITESM/Sem_10/Sistemas_Embebidos/RaspPico/FreeRTOSv202212.01/FreeRTOSv202212.01/FreeRTOS/Source/portable/ThirdParty/GCC/RP2040/port.c.obj
                0x10007bd0                ulSetInterruptMaskFromISR
 .text.vClearInterruptMaskFromISR
                0x10007bd8        0x6 prx/CMakeFiles/prx.dir/D_/ITESM/Sem_10/Sistemas_Embebidos/RaspPico/FreeRTOSv202212.01/FreeRTOSv202212.01/FreeRTOS/Source/portable/ThirdParty/GCC/RP2040/port.c.obj
                0x10007bd8                vClearInterruptMaskFromISR
 *fill*         0x10007bde        0x2 
 .text.xPortSysTickHandler
                0x10007be0       0x24 prx/CMakeFiles/prx.dir/D_/ITESM/Sem_10/Sistemas_Embebidos/RaspPico/FreeRTOSv202212.01/FreeRTOSv202212.01/FreeRTOS/Source/portable/ThirdParty/GCC/RP2040/port.c.obj
                0x10007be0                xPortSysTickHandler
 .text.vPortSetupTimerInterrupt
                0x10007c04       0x34 prx/CMakeFiles/prx.dir/D_/ITESM/Sem_10/Sistemas_Embebidos/RaspPico/FreeRTOSv202212.01/FreeRTOSv202212.01/FreeRTOS/Source/portable/ThirdParty/GCC/RP2040/port.c.obj
                0x10007c04                vPortSetupTimerInterrupt
 .text.xPortStartScheduler
                0x10007c38       0x70 prx/CMakeFiles/prx.dir/D_/ITESM/Sem_10/Sistemas_Embebidos/RaspPico/FreeRTOSv202212.01/FreeRTOSv202212.01/FreeRTOS/Source/portable/ThirdParty/GCC/RP2040/port.c.obj
                0x10007c38                xPortStartScheduler
 .text.ulPortLockGetCurrentOwnerId
                0x10007ca8       0x2c prx/CMakeFiles/prx.dir/D_/ITESM/Sem_10/Sistemas_Embebidos/RaspPico/FreeRTOSv202212.01/FreeRTOSv202212.01/FreeRTOS/Source/portable/ThirdParty/GCC/RP2040/port.c.obj
                0x10007ca8                ulPortLockGetCurrentOwnerId
 .text.vPortLockInternalSpinUnlockWithWait
                0x10007cd4       0xc4 prx/CMakeFiles/prx.dir/D_/ITESM/Sem_10/Sistemas_Embebidos/RaspPico/FreeRTOSv202212.01/FreeRTOSv202212.01/FreeRTOS/Source/portable/ThirdParty/GCC/RP2040/port.c.obj
                0x10007cd4                vPortLockInternalSpinUnlockWithWait
 .text.vPortLockInternalSpinUnlockWithNotify
                0x10007d98       0x88 prx/CMakeFiles/prx.dir/D_/ITESM/Sem_10/Sistemas_Embebidos/RaspPico/FreeRTOSv202212.01/FreeRTOSv202212.01/FreeRTOS/Source/portable/ThirdParty/GCC/RP2040/port.c.obj
                0x10007d98                vPortLockInternalSpinUnlockWithNotify
 .text.xPortLockInternalSpinUnlockWithBestEffortWaitOrTimeout
                0x10007e20      0x134 prx/CMakeFiles/prx.dir/D_/ITESM/Sem_10/Sistemas_Embebidos/RaspPico/FreeRTOSv202212.01/FreeRTOSv202212.01/FreeRTOS/Source/portable/ThirdParty/GCC/RP2040/port.c.obj
                0x10007e20                xPortLockInternalSpinUnlockWithBestEffortWaitOrTimeout
 .text.prvRuntimeInitializer
                0x10007f54       0x10 prx/CMakeFiles/prx.dir/D_/ITESM/Sem_10/Sistemas_Embebidos/RaspPico/FreeRTOSv202212.01/FreeRTOSv202212.01/FreeRTOS/Source/portable/ThirdParty/GCC/RP2040/port.c.obj
 .text.prvTestWaitCondition
                0x10007f64       0x1e prx/CMakeFiles/prx.dir/D_/ITESM/Sem_10/Sistemas_Embebidos/RaspPico/FreeRTOSv202212.01/FreeRTOSv202212.01/FreeRTOS/Source/event_groups.c.obj
 .text.xEventGroupCreate
                0x10007f82       0x18 prx/CMakeFiles/prx.dir/D_/ITESM/Sem_10/Sistemas_Embebidos/RaspPico/FreeRTOSv202212.01/FreeRTOSv202212.01/FreeRTOS/Source/event_groups.c.obj
                0x10007f82                xEventGroupCreate
 *fill*         0x10007f9a        0x2 
 .text.xEventGroupWaitBits
                0x10007f9c      0x124 prx/CMakeFiles/prx.dir/D_/ITESM/Sem_10/Sistemas_Embebidos/RaspPico/FreeRTOSv202212.01/FreeRTOSv202212.01/FreeRTOS/Source/event_groups.c.obj
                0x10007f9c                xEventGroupWaitBits
 .text.xEventGroupSetBits
                0x100080c0       0x98 prx/CMakeFiles/prx.dir/D_/ITESM/Sem_10/Sistemas_Embebidos/RaspPico/FreeRTOSv202212.01/FreeRTOSv202212.01/FreeRTOS/Source/event_groups.c.obj
                0x100080c0                xEventGroupSetBits
 .text.vEventGroupSetBitsCallback
                0x10008158        0x8 prx/CMakeFiles/prx.dir/D_/ITESM/Sem_10/Sistemas_Embebidos/RaspPico/FreeRTOSv202212.01/FreeRTOSv202212.01/FreeRTOS/Source/event_groups.c.obj
                0x10008158                vEventGroupSetBitsCallback
 .text.xEventGroupSetBitsFromISR
                0x10008160       0x14 prx/CMakeFiles/prx.dir/D_/ITESM/Sem_10/Sistemas_Embebidos/RaspPico/FreeRTOSv202212.01/FreeRTOSv202212.01/FreeRTOS/Source/event_groups.c.obj
                0x10008160                xEventGroupSetBitsFromISR
 .text.vListInitialise
                0x10008174       0x16 prx/CMakeFiles/prx.dir/D_/ITESM/Sem_10/Sistemas_Embebidos/RaspPico/FreeRTOSv202212.01/FreeRTOSv202212.01/FreeRTOS/Source/list.c.obj
                0x10008174                vListInitialise
 .text.vListInitialiseItem
                0x1000818a        0x6 prx/CMakeFiles/prx.dir/D_/ITESM/Sem_10/Sistemas_Embebidos/RaspPico/FreeRTOSv202212.01/FreeRTOSv202212.01/FreeRTOS/Source/list.c.obj
                0x1000818a                vListInitialiseItem
 .text.vListInsertEnd
                0x10008190       0x16 prx/CMakeFiles/prx.dir/D_/ITESM/Sem_10/Sistemas_Embebidos/RaspPico/FreeRTOSv202212.01/FreeRTOSv202212.01/FreeRTOS/Source/list.c.obj
                0x10008190                vListInsertEnd
 .text.vListInsert
                0x100081a6       0x2e prx/CMakeFiles/prx.dir/D_/ITESM/Sem_10/Sistemas_Embebidos/RaspPico/FreeRTOSv202212.01/FreeRTOSv202212.01/FreeRTOS/Source/list.c.obj
                0x100081a6                vListInsert
 .text.uxListRemove
                0x100081d4       0x26 prx/CMakeFiles/prx.dir/D_/ITESM/Sem_10/Sistemas_Embebidos/RaspPico/FreeRTOSv202212.01/FreeRTOSv202212.01/FreeRTOS/Source/list.c.obj
                0x100081d4                uxListRemove
 .text.prvIsQueueFull
                0x100081fa       0x1e prx/CMakeFiles/prx.dir/D_/ITESM/Sem_10/Sistemas_Embebidos/RaspPico/FreeRTOSv202212.01/FreeRTOSv202212.01/FreeRTOS/Source/queue.c.obj
 .text.prvIsQueueEmpty
                0x10008218       0x1c prx/CMakeFiles/prx.dir/D_/ITESM/Sem_10/Sistemas_Embebidos/RaspPico/FreeRTOSv202212.01/FreeRTOSv202212.01/FreeRTOS/Source/queue.c.obj
 .text.prvCopyDataToQueue
                0x10008234       0x82 prx/CMakeFiles/prx.dir/D_/ITESM/Sem_10/Sistemas_Embebidos/RaspPico/FreeRTOSv202212.01/FreeRTOSv202212.01/FreeRTOS/Source/queue.c.obj
 .text.prvCopyDataFromQueue
                0x100082b6       0x24 prx/CMakeFiles/prx.dir/D_/ITESM/Sem_10/Sistemas_Embebidos/RaspPico/FreeRTOSv202212.01/FreeRTOSv202212.01/FreeRTOS/Source/queue.c.obj
 *fill*         0x100082da        0x2 
 .text.prvNotifyQueueSetContainer
                0x100082dc       0xa8 prx/CMakeFiles/prx.dir/D_/ITESM/Sem_10/Sistemas_Embebidos/RaspPico/FreeRTOSv202212.01/FreeRTOSv202212.01/FreeRTOS/Source/queue.c.obj
 .text.prvUnlockQueue
                0x10008384       0x88 prx/CMakeFiles/prx.dir/D_/ITESM/Sem_10/Sistemas_Embebidos/RaspPico/FreeRTOSv202212.01/FreeRTOSv202212.01/FreeRTOS/Source/queue.c.obj
 .text.xQueueGenericReset
                0x1000840c       0xd8 prx/CMakeFiles/prx.dir/D_/ITESM/Sem_10/Sistemas_Embebidos/RaspPico/FreeRTOSv202212.01/FreeRTOSv202212.01/FreeRTOS/Source/queue.c.obj
                0x1000840c                xQueueGenericReset
 .text.prvInitialiseNewQueue
                0x100084e4       0x26 prx/CMakeFiles/prx.dir/D_/ITESM/Sem_10/Sistemas_Embebidos/RaspPico/FreeRTOSv202212.01/FreeRTOSv202212.01/FreeRTOS/Source/queue.c.obj
 *fill*         0x1000850a        0x2 
 .text.xQueueGenericCreate
                0x1000850c       0x8c prx/CMakeFiles/prx.dir/D_/ITESM/Sem_10/Sistemas_Embebidos/RaspPico/FreeRTOSv202212.01/FreeRTOSv202212.01/FreeRTOS/Source/queue.c.obj
                0x1000850c                xQueueGenericCreate
 .text.xQueueGenericSend
                0x10008598      0x190 prx/CMakeFiles/prx.dir/D_/ITESM/Sem_10/Sistemas_Embebidos/RaspPico/FreeRTOSv202212.01/FreeRTOSv202212.01/FreeRTOS/Source/queue.c.obj
                0x10008598                xQueueGenericSend
 .text.xQueueGenericSendFromISR
                0x10008728      0x13c prx/CMakeFiles/prx.dir/D_/ITESM/Sem_10/Sistemas_Embebidos/RaspPico/FreeRTOSv202212.01/FreeRTOSv202212.01/FreeRTOS/Source/queue.c.obj
                0x10008728                xQueueGenericSendFromISR
 .text.xQueueReceive
                0x10008864      0x150 prx/CMakeFiles/prx.dir/D_/ITESM/Sem_10/Sistemas_Embebidos/RaspPico/FreeRTOSv202212.01/FreeRTOSv202212.01/FreeRTOS/Source/queue.c.obj
                0x10008864                xQueueReceive
 .text.vQueueAddToRegistry
                0x100089b4       0x64 prx/CMakeFiles/prx.dir/D_/ITESM/Sem_10/Sistemas_Embebidos/RaspPico/FreeRTOSv202212.01/FreeRTOSv202212.01/FreeRTOS/Source/queue.c.obj
                0x100089b4                vQueueAddToRegistry
 .text.vQueueWaitForMessageRestricted
                0x10008a18       0x50 prx/CMakeFiles/prx.dir/D_/ITESM/Sem_10/Sistemas_Embebidos/RaspPico/FreeRTOSv202212.01/FreeRTOSv202212.01/FreeRTOS/Source/queue.c.obj
                0x10008a18                vQueueWaitForMessageRestricted
 .text.prvResetNextTaskUnblockTime
                0x10008a68       0x2c prx/CMakeFiles/prx.dir/D_/ITESM/Sem_10/Sistemas_Embebidos/RaspPico/FreeRTOSv202212.01/FreeRTOSv202212.01/FreeRTOS/Source/tasks.c.obj
 .text.prvDeleteTCB
                0x10008a94       0x12 prx/CMakeFiles/prx.dir/D_/ITESM/Sem_10/Sistemas_Embebidos/RaspPico/FreeRTOSv202212.01/FreeRTOSv202212.01/FreeRTOS/Source/tasks.c.obj
 *fill*         0x10008aa6        0x2 
 .text.prvTaskIsTaskSuspended
                0x10008aa8       0x50 prx/CMakeFiles/prx.dir/D_/ITESM/Sem_10/Sistemas_Embebidos/RaspPico/FreeRTOSv202212.01/FreeRTOSv202212.01/FreeRTOS/Source/tasks.c.obj
 .text.prvInitialiseNewTask
                0x10008af8       0xb4 prx/CMakeFiles/prx.dir/D_/ITESM/Sem_10/Sistemas_Embebidos/RaspPico/FreeRTOSv202212.01/FreeRTOSv202212.01/FreeRTOS/Source/tasks.c.obj
 .text.prvInitialiseTaskLists
                0x10008bac       0x68 prx/CMakeFiles/prx.dir/D_/ITESM/Sem_10/Sistemas_Embebidos/RaspPico/FreeRTOSv202212.01/FreeRTOSv202212.01/FreeRTOS/Source/tasks.c.obj
 .text.prvAddNewTaskToReadyList
                0x10008c14       0xc4 prx/CMakeFiles/prx.dir/D_/ITESM/Sem_10/Sistemas_Embebidos/RaspPico/FreeRTOSv202212.01/FreeRTOSv202212.01/FreeRTOS/Source/tasks.c.obj
 .text.prvCheckTasksWaitingTermination
                0x10008cd8       0x44 prx/CMakeFiles/prx.dir/D_/ITESM/Sem_10/Sistemas_Embebidos/RaspPico/FreeRTOSv202212.01/FreeRTOSv202212.01/FreeRTOS/Source/tasks.c.obj
 .text.prvIdleTask
                0x10008d1c       0x18 prx/CMakeFiles/prx.dir/D_/ITESM/Sem_10/Sistemas_Embebidos/RaspPico/FreeRTOSv202212.01/FreeRTOSv202212.01/FreeRTOS/Source/tasks.c.obj
 .text.prvAddCurrentTaskToDelayedList
                0x10008d34       0x9c prx/CMakeFiles/prx.dir/D_/ITESM/Sem_10/Sistemas_Embebidos/RaspPico/FreeRTOSv202212.01/FreeRTOSv202212.01/FreeRTOS/Source/tasks.c.obj
 .text.xTaskCreate
                0x10008dd0       0x68 prx/CMakeFiles/prx.dir/D_/ITESM/Sem_10/Sistemas_Embebidos/RaspPico/FreeRTOSv202212.01/FreeRTOSv202212.01/FreeRTOS/Source/tasks.c.obj
                0x10008dd0                xTaskCreate
 .text.vTaskResume
                0x10008e38       0xa4 prx/CMakeFiles/prx.dir/D_/ITESM/Sem_10/Sistemas_Embebidos/RaspPico/FreeRTOSv202212.01/FreeRTOSv202212.01/FreeRTOS/Source/tasks.c.obj
                0x10008e38                vTaskResume
 .text.vTaskStartScheduler
                0x10008edc       0x88 prx/CMakeFiles/prx.dir/D_/ITESM/Sem_10/Sistemas_Embebidos/RaspPico/FreeRTOSv202212.01/FreeRTOSv202212.01/FreeRTOS/Source/tasks.c.obj
                0x10008edc                vTaskStartScheduler
 .text.vTaskSuspendAll
                0x10008f64       0x10 prx/CMakeFiles/prx.dir/D_/ITESM/Sem_10/Sistemas_Embebidos/RaspPico/FreeRTOSv202212.01/FreeRTOSv202212.01/FreeRTOS/Source/tasks.c.obj
                0x10008f64                vTaskSuspendAll
 .text.xTaskGetTickCount
                0x10008f74        0xc prx/CMakeFiles/prx.dir/D_/ITESM/Sem_10/Sistemas_Embebidos/RaspPico/FreeRTOSv202212.01/FreeRTOSv202212.01/FreeRTOS/Source/tasks.c.obj
                0x10008f74                xTaskGetTickCount
 .text.uxTaskGetNumberOfTasks
                0x10008f80        0xc prx/CMakeFiles/prx.dir/D_/ITESM/Sem_10/Sistemas_Embebidos/RaspPico/FreeRTOSv202212.01/FreeRTOSv202212.01/FreeRTOS/Source/tasks.c.obj
                0x10008f80                uxTaskGetNumberOfTasks
 .text.xTaskIncrementTick
                0x10008f8c      0x17c prx/CMakeFiles/prx.dir/D_/ITESM/Sem_10/Sistemas_Embebidos/RaspPico/FreeRTOSv202212.01/FreeRTOSv202212.01/FreeRTOS/Source/tasks.c.obj
                0x10008f8c                xTaskIncrementTick
 .text.xTaskResumeAll
                0x10009108      0x15c prx/CMakeFiles/prx.dir/D_/ITESM/Sem_10/Sistemas_Embebidos/RaspPico/FreeRTOSv202212.01/FreeRTOSv202212.01/FreeRTOS/Source/tasks.c.obj
                0x10009108                xTaskResumeAll
 .text.vTaskDelay
                0x10009264       0x48 prx/CMakeFiles/prx.dir/D_/ITESM/Sem_10/Sistemas_Embebidos/RaspPico/FreeRTOSv202212.01/FreeRTOSv202212.01/FreeRTOS/Source/tasks.c.obj
                0x10009264                vTaskDelay
 .text.vTaskSwitchContext
                0x100092ac       0xa0 prx/CMakeFiles/prx.dir/D_/ITESM/Sem_10/Sistemas_Embebidos/RaspPico/FreeRTOSv202212.01/FreeRTOSv202212.01/FreeRTOS/Source/tasks.c.obj
                0x100092ac                vTaskSwitchContext
 .text.vTaskSuspend
                0x1000934c       0xd4 prx/CMakeFiles/prx.dir/D_/ITESM/Sem_10/Sistemas_Embebidos/RaspPico/FreeRTOSv202212.01/FreeRTOSv202212.01/FreeRTOS/Source/tasks.c.obj
                0x1000934c                vTaskSuspend
 .text.vTaskPlaceOnEventList
                0x10009420       0x3c prx/CMakeFiles/prx.dir/D_/ITESM/Sem_10/Sistemas_Embebidos/RaspPico/FreeRTOSv202212.01/FreeRTOSv202212.01/FreeRTOS/Source/tasks.c.obj
                0x10009420                vTaskPlaceOnEventList
 .text.vTaskPlaceOnUnorderedEventList
                0x1000945c       0x80 prx/CMakeFiles/prx.dir/D_/ITESM/Sem_10/Sistemas_Embebidos/RaspPico/FreeRTOSv202212.01/FreeRTOSv202212.01/FreeRTOS/Source/tasks.c.obj
                0x1000945c                vTaskPlaceOnUnorderedEventList
 .text.vTaskPlaceOnEventListRestricted
                0x100094dc       0x60 prx/CMakeFiles/prx.dir/D_/ITESM/Sem_10/Sistemas_Embebidos/RaspPico/FreeRTOSv202212.01/FreeRTOSv202212.01/FreeRTOS/Source/tasks.c.obj
                0x100094dc                vTaskPlaceOnEventListRestricted
 .text.xTaskRemoveFromEventList
                0x1000953c      0x100 prx/CMakeFiles/prx.dir/D_/ITESM/Sem_10/Sistemas_Embebidos/RaspPico/FreeRTOSv202212.01/FreeRTOSv202212.01/FreeRTOS/Source/tasks.c.obj
                0x1000953c                xTaskRemoveFromEventList
 .text.vTaskRemoveFromUnorderedEventList
                0x1000963c       0xf8 prx/CMakeFiles/prx.dir/D_/ITESM/Sem_10/Sistemas_Embebidos/RaspPico/FreeRTOSv202212.01/FreeRTOSv202212.01/FreeRTOS/Source/tasks.c.obj
                0x1000963c                vTaskRemoveFromUnorderedEventList
 .text.vTaskInternalSetTimeOutState
                0x10009734       0x18 prx/CMakeFiles/prx.dir/D_/ITESM/Sem_10/Sistemas_Embebidos/RaspPico/FreeRTOSv202212.01/FreeRTOSv202212.01/FreeRTOS/Source/tasks.c.obj
                0x10009734                vTaskInternalSetTimeOutState
 .text.xTaskCheckForTimeOut
                0x1000974c       0xb0 prx/CMakeFiles/prx.dir/D_/ITESM/Sem_10/Sistemas_Embebidos/RaspPico/FreeRTOSv202212.01/FreeRTOSv202212.01/FreeRTOS/Source/tasks.c.obj
                0x1000974c                xTaskCheckForTimeOut
 .text.vTaskMissedYield
                0x100097fc        0xc prx/CMakeFiles/prx.dir/D_/ITESM/Sem_10/Sistemas_Embebidos/RaspPico/FreeRTOSv202212.01/FreeRTOSv202212.01/FreeRTOS/Source/tasks.c.obj
                0x100097fc                vTaskMissedYield
 .text.xTaskGetCurrentTaskHandle
                0x10009808        0xc prx/CMakeFiles/prx.dir/D_/ITESM/Sem_10/Sistemas_Embebidos/RaspPico/FreeRTOSv202212.01/FreeRTOSv202212.01/FreeRTOS/Source/tasks.c.obj
                0x10009808                xTaskGetCurrentTaskHandle
 .text.xTaskGetSchedulerState
                0x10009814       0x24 prx/CMakeFiles/prx.dir/D_/ITESM/Sem_10/Sistemas_Embebidos/RaspPico/FreeRTOSv202212.01/FreeRTOSv202212.01/FreeRTOS/Source/tasks.c.obj
                0x10009814                xTaskGetSchedulerState
 .text.xTaskPriorityDisinherit
                0x10009838       0xc0 prx/CMakeFiles/prx.dir/D_/ITESM/Sem_10/Sistemas_Embebidos/RaspPico/FreeRTOSv202212.01/FreeRTOSv202212.01/FreeRTOS/Source/tasks.c.obj
                0x10009838                xTaskPriorityDisinherit
 .text.uxTaskResetEventItemValue
                0x100098f8       0x18 prx/CMakeFiles/prx.dir/D_/ITESM/Sem_10/Sistemas_Embebidos/RaspPico/FreeRTOSv202212.01/FreeRTOSv202212.01/FreeRTOS/Source/tasks.c.obj
                0x100098f8                uxTaskResetEventItemValue
 .text.prvGetNextExpireTime
                0x10009910       0x24 prx/CMakeFiles/prx.dir/D_/ITESM/Sem_10/Sistemas_Embebidos/RaspPico/FreeRTOSv202212.01/FreeRTOSv202212.01/FreeRTOS/Source/timers.c.obj
 .text.prvInsertTimerInActiveList
                0x10009934       0x48 prx/CMakeFiles/prx.dir/D_/ITESM/Sem_10/Sistemas_Embebidos/RaspPico/FreeRTOSv202212.01/FreeRTOSv202212.01/FreeRTOS/Source/timers.c.obj
 .text.prvReloadTimer
                0x1000997c       0x2a prx/CMakeFiles/prx.dir/D_/ITESM/Sem_10/Sistemas_Embebidos/RaspPico/FreeRTOSv202212.01/FreeRTOSv202212.01/FreeRTOS/Source/timers.c.obj
 *fill*         0x100099a6        0x2 
 .text.prvProcessExpiredTimer
                0x100099a8       0x3c prx/CMakeFiles/prx.dir/D_/ITESM/Sem_10/Sistemas_Embebidos/RaspPico/FreeRTOSv202212.01/FreeRTOSv202212.01/FreeRTOS/Source/timers.c.obj
 .text.prvSwitchTimerLists
                0x100099e4       0x30 prx/CMakeFiles/prx.dir/D_/ITESM/Sem_10/Sistemas_Embebidos/RaspPico/FreeRTOSv202212.01/FreeRTOSv202212.01/FreeRTOS/Source/timers.c.obj
 .text.prvSampleTimeNow
                0x10009a14       0x2c prx/CMakeFiles/prx.dir/D_/ITESM/Sem_10/Sistemas_Embebidos/RaspPico/FreeRTOSv202212.01/FreeRTOSv202212.01/FreeRTOS/Source/timers.c.obj
 .text.prvProcessTimerOrBlockTask
                0x10009a40       0x70 prx/CMakeFiles/prx.dir/D_/ITESM/Sem_10/Sistemas_Embebidos/RaspPico/FreeRTOSv202212.01/FreeRTOSv202212.01/FreeRTOS/Source/timers.c.obj
 .text.prvProcessReceivedCommands
                0x10009ab0      0x108 prx/CMakeFiles/prx.dir/D_/ITESM/Sem_10/Sistemas_Embebidos/RaspPico/FreeRTOSv202212.01/FreeRTOSv202212.01/FreeRTOS/Source/timers.c.obj
 .text.prvTimerTask
                0x10009bb8       0x16 prx/CMakeFiles/prx.dir/D_/ITESM/Sem_10/Sistemas_Embebidos/RaspPico/FreeRTOSv202212.01/FreeRTOSv202212.01/FreeRTOS/Source/timers.c.obj
 *fill*         0x10009bce        0x2 
 .text.prvCheckForValidListAndQueue
                0x10009bd0       0x60 prx/CMakeFiles/prx.dir/D_/ITESM/Sem_10/Sistemas_Embebidos/RaspPico/FreeRTOSv202212.01/FreeRTOSv202212.01/FreeRTOS/Source/timers.c.obj
 .text.xTimerCreateTimerTask
                0x10009c30       0x58 prx/CMakeFiles/prx.dir/D_/ITESM/Sem_10/Sistemas_Embebidos/RaspPico/FreeRTOSv202212.01/FreeRTOSv202212.01/FreeRTOS/Source/timers.c.obj
                0x10009c30                xTimerCreateTimerTask
 .text.xTimerPendFunctionCallFromISR
                0x10009c88       0x28 prx/CMakeFiles/prx.dir/D_/ITESM/Sem_10/Sistemas_Embebidos/RaspPico/FreeRTOSv202212.01/FreeRTOSv202212.01/FreeRTOS/Source/timers.c.obj
                0x10009c88                xTimerPendFunctionCallFromISR
 .text.exception_is_compile_time_default
                0x10009cb0       0x20 prx/CMakeFiles/prx.dir/C_/Program_Files/Raspberry_Pi/Pico_SDK_v1.5.0/pico-sdk/src/rp2_common/hardware_exception/exception.c.obj
 .text.set_raw_exception_handler_and_restore_interrupts
                0x10009cd0       0x18 prx/CMakeFiles/prx.dir/C_/Program_Files/Raspberry_Pi/Pico_SDK_v1.5.0/pico-sdk/src/rp2_common/hardware_exception/exception.c.obj
 .text.exception_get_vtable_handler
                0x10009ce8       0x10 prx/CMakeFiles/prx.dir/C_/Program_Files/Raspberry_Pi/Pico_SDK_v1.5.0/pico-sdk/src/rp2_common/hardware_exception/exception.c.obj
                0x10009ce8                exception_get_vtable_handler
 .text.exception_set_exclusive_handler
                0x10009cf8       0x44 prx/CMakeFiles/prx.dir/C_/Program_Files/Raspberry_Pi/Pico_SDK_v1.5.0/pico-sdk/src/rp2_common/hardware_exception/exception.c.obj
                0x10009cf8                exception_set_exclusive_handler
 .text.prvHeapInit
                0x10009d3c       0x58 prx/CMakeFiles/prx.dir/D_/ITESM/Sem_10/Sistemas_Embebidos/RaspPico/FreeRTOSv202212.01/FreeRTOSv202212.01/FreeRTOS/Source/portable/MemMang/heap_4.c.obj
 .text.prvInsertBlockIntoFreeList
                0x10009d94       0x54 prx/CMakeFiles/prx.dir/D_/ITESM/Sem_10/Sistemas_Embebidos/RaspPico/FreeRTOSv202212.01/FreeRTOSv202212.01/FreeRTOS/Source/portable/MemMang/heap_4.c.obj
 .text.pvPortMalloc
                0x10009de8       0xfc prx/CMakeFiles/prx.dir/D_/ITESM/Sem_10/Sistemas_Embebidos/RaspPico/FreeRTOSv202212.01/FreeRTOSv202212.01/FreeRTOS/Source/portable/MemMang/heap_4.c.obj
                0x10009de8                pvPortMalloc
 .text.vPortFree
                0x10009ee4       0x7c prx/CMakeFiles/prx.dir/D_/ITESM/Sem_10/Sistemas_Embebidos/RaspPico/FreeRTOSv202212.01/FreeRTOSv202212.01/FreeRTOS/Source/portable/MemMang/heap_4.c.obj
                0x10009ee4                vPortFree
 .text.calloc   0x10009f60       0x18 c:/progra~1/raspberry pi/pico sdk v1.5.0/gcc-arm-none-eabi/bin/../lib/gcc/arm-none-eabi/10.3.1/../../../../arm-none-eabi/lib/thumb/v6-m/nofp\libg.a(lib_a-calloc.o)
                0x10009f60                calloc
 .text._calloc_r
                0x10009f78       0x9c c:/progra~1/raspberry pi/pico sdk v1.5.0/gcc-arm-none-eabi/bin/../lib/gcc/arm-none-eabi/10.3.1/../../../../arm-none-eabi/lib/thumb/v6-m/nofp\libg.a(lib_a-callocr.o)
                0x10009f78                _calloc_r
 .text.__errno  0x1000a014        0xc c:/progra~1/raspberry pi/pico sdk v1.5.0/gcc-arm-none-eabi/bin/../lib/gcc/arm-none-eabi/10.3.1/../../../../arm-none-eabi/lib/thumb/v6-m/nofp\libg.a(lib_a-errno.o)
                0x1000a014                __errno
 .text._malloc_r
                0x1000a020      0x584 c:/progra~1/raspberry pi/pico sdk v1.5.0/gcc-arm-none-eabi/bin/../lib/gcc/arm-none-eabi/10.3.1/../../../../arm-none-eabi/lib/thumb/v6-m/nofp\libg.a(lib_a-mallocr.o)
                0x1000a020                _malloc_r
 .text.__malloc_lock
                0x1000a5a4       0x10 c:/progra~1/raspberry pi/pico sdk v1.5.0/gcc-arm-none-eabi/bin/../lib/gcc/arm-none-eabi/10.3.1/../../../../arm-none-eabi/lib/thumb/v6-m/nofp\libg.a(lib_a-mlock.o)
                0x1000a5a4                __malloc_lock
 .text.__malloc_unlock
                0x1000a5b4       0x10 c:/progra~1/raspberry pi/pico sdk v1.5.0/gcc-arm-none-eabi/bin/../lib/gcc/arm-none-eabi/10.3.1/../../../../arm-none-eabi/lib/thumb/v6-m/nofp\libg.a(lib_a-mlock.o)
                0x1000a5b4                __malloc_unlock
 .text._sbrk_r  0x1000a5c4       0x24 c:/progra~1/raspberry pi/pico sdk v1.5.0/gcc-arm-none-eabi/bin/../lib/gcc/arm-none-eabi/10.3.1/../../../../arm-none-eabi/lib/thumb/v6-m/nofp\libg.a(lib_a-sbrkr.o)
                0x1000a5c4                _sbrk_r
 .text.strlen   0x1000a5e8       0x5c c:/progra~1/raspberry pi/pico sdk v1.5.0/gcc-arm-none-eabi/bin/../lib/gcc/arm-none-eabi/10.3.1/../../../../arm-none-eabi/lib/thumb/v6-m/nofp\libg.a(lib_a-strlen-stub.o)